E/LocSvc_utils_q(  695): D/msg_q_rcv: Waiting on message
E/LocSvc_utils_q(  695): D/msg_q_snd: Finished Sending message with handle = 0x7B650E30
D/QMI_FW  (  695): QCCI: reader_thread: Received 14 bytes from 209
D/QMI_FW  (  695): QCCI: QMI_CCI_RX: cntl_flag - 04, txn_id - 0000, msg_id - 002c, msg_len - 0007
D/QMI_FW  (  695): QCCI: reader_thread: Received 14 bytes from 209
D/QMI_FW  (  695): QCCI: QMI_CCI_RX: cntl_flag - 04, txn_id - 0000, msg_id - 002c, msg_len - 0007
E/MP-Decision( 1354): UP Ld:6 Nw:1.990000 Tw:140 rq:3.900000 seq:147.000000
E/LocSvc_eng(  695): I/===> int loc_eng_stop(loc_eng_data_s_type&) line 580 
E/LocSvc_utils_q(  695): D/msg_q_snd: Sending message with handle = 0x7BCC77F8
E/LocSvc_utils_ll(  695): D/linked_list_add: Adding to list data_obj = 0x7BCC77F8
E/LocSvc_utils_ll(  695): D/linked_list_remove: Removing from list
E/LocSvc_utils_q(  695): D/msg_q_rcv: Received message 0x7BCC77F8 rv = 0
E/LocSvc_eng(  695): D/void loc_eng_deferred_action_thread(void*):1361] received msg_id = LOC_ENG_MSG_STOP_FIX context = 0x74d839a0
E/LocSvc_adapter(  695): D/ virtual loc_api_adapter_err LocApiV02Adapter::stopFix():362]: stop called 
E/LocSvc_api_v02(  695): I/---> locClientSendReq line 1963 QMI_LOC_STOP_REQ_V02
E/LocSvc_utils_q(  695): D/msg_q_snd: Finished Sending message with handle = 0x7BCC77F8
E/LocSvc_eng(  695): I/<=== status_cb line 802 GPS_STATUS_SESSION_END
E/LocSvc_eng(  695): D/void loc_eng_deferred_action_thread(void*):1348] 57398 listening ...
E/LocSvc_utils_q(  695): D/msg_q_rcv: Waiting on message
D/QMI_FW  (  695): QCCI: QMI_CCI_TX: cntl_flag - 00, txn_id - 00f9, msg_id - 0023, msg_len - 0004
D/QMI_FW  (  695): QCCI: Sent[209]: 11 bytes to port 3072
D/QMI_FW  (  695): QCCI: reader_thread: Received 14 bytes from 209
D/QMI_FW  (  695): QCCI: QMI_CCI_RX: cntl_flag - 02, txn_id - 00f9, msg_id - 0023, msg_len - 0007
E/LocSvc_adapter(  695): I/<--- void globalEventCb(locClientHandleType, uint32_t, locClientEventIndUnionType, void*) line 88 QMI_LOC_EVENT_POSITION_REPORT_IND_V02
E/LocSvc_utils_q(  695): D/msg_q_snd: Sending message with handle = 0x7AE82F80
E/LocSvc_utils_ll(  695): D/linked_list_add: Adding to list data_obj = 0x7AE82F80
E/LocSvc_utils_ll(  695): D/linked_list_remove: Removing from list
E/LocSvc_utils_q(  695): D/msg_q_rcv: Received message 0x7AE82F80 rv = 0
E/LocSvc_eng(  695): D/void loc_eng_deferred_action_thread(void*):1361] received msg_id = LOC_ENG_MSG_REPORT_POSITION context = 0x74d839a0
E/LocSvc_eng(  695): D/void loc_eng_deferred_action_thread(void*):1348] 57399 listening ...
E/LocSvc_utils_q(  695): D/msg_q_rcv: Waiting on message
E/LocSvc_utils_q(  695): D/msg_q_snd: Finished Sending message with handle = 0x7AE82F80
E/LocSvc_adapter(  695): D/void LocApiV02Adapter::reportPosition(const qmiLocEventPositionReportIndMsgT_v02*):1761]: Ignoring position report with sess status = 2, fix id = 2
D/QMI_FW  (  695): QCCI: reader_thread: Received 25 bytes from 209
D/QMI_FW  (  695): QCCI: QMI_CCI_RX: cntl_flag - 04, txn_id - 0000, msg_id - 0024, msg_len - 0012
E/LocSvc_adapter(  695): I/<--- void globalEventCb(locClientHandleType, uint32_t, locClientEventIndUnionType, void*) line 88 QMI_LOC_EVENT_ENGINE_STATE_IND_V02
E/LocSvc_utils_q(  695): D/msg_q_snd: Sending message with handle = 0x748E5A48
E/LocSvc_utils_ll(  695): D/linked_list_add: Adding to list data_obj = 0x748E5A48
E/LocSvc_utils_ll(  695): D/linked_list_remove: Removing from list
E/LocSvc_utils_q(  695): D/msg_q_rcv: Received message 0x748E5A48 rv = 0
E/LocSvc_eng(  695): D/void loc_eng_deferred_action_thread(void*):1361] received msg_id = LOC_ENG_MSG_REPORT_STATUS context = 0x74d839a0
E/LocSvc_eng(  695): I/<=== status_cb line 802 GPS_STATUS_ENGINE_OFF
E/LocSvc_eng(  695): D/void loc_eng_deferred_action_thread(void*):1348] 57400 listening ...
E/LocSvc_utils_q(  695): D/msg_q_rcv: Waiting on message
E/LocSvc_utils_q(  695): D/msg_q_snd: Finished Sending message with handle = 0x748E5A48
D/QMI_FW  (  695): QCCI: reader_thread: Received 14 bytes from 209
D/QMI_FW  (  695): QCCI: QMI_CCI_RX: cntl_flag - 04, txn_id - 0000, msg_id - 002b, msg_len - 0007
I/GCoreUlr(  946): Successfully inserted location
I/GCoreUlr(  946): Not calling LocationReportingService, hasMoved: false, elapsed millis: 915982, request: Phone
E/MP-Decision( 1354): DOWN Ld:6 Ns:1.100000 Ts:190 rq:0.100000 seq:318.000000
I/auditd  (18483): Starting up
E/auditd  (18483): Failed on audit_set_pid with error: Protocol not supported
I/auditd  (18483): Exiting
I/auditd  (18486): Starting up
E/auditd  (18486): Failed on audit_set_pid with error: Protocol not supported
I/auditd  (18486): Exiting
I/auditd  (18489): Starting up
E/auditd  (18489): Failed on audit_set_pid with error: Protocol not supported
I/auditd  (18489): Exiting
I/auditd  (18492): Starting up
E/auditd  (18492): Failed on audit_set_pid with error: Protocol not supported
I/auditd  (18492): Exiting
I/auditd  (18495): Starting up
E/auditd  (18495): Failed on audit_set_pid with error: Protocol not supported
I/auditd  (18495): Exiting
I/auditd  (18498): Starting up
E/auditd  (18498): Failed on audit_set_pid with error: Protocol not supported
I/auditd  (18498): Exiting
I/auditd  (18501): Starting up
E/auditd  (18501): Failed on audit_set_pid with error: Protocol not supported
I/auditd  (18501): Exiting
I/auditd  (18504): Starting up
E/auditd  (18504): Failed on audit_set_pid with error: Protocol not supported
I/auditd  (18504): Exiting
I/auditd  (18507): Starting up
E/auditd  (18507): Failed on audit_set_pid with error: Protocol not supported
I/auditd  (18507): Exiting
I/auditd  (18510): Starting up
E/auditd  (18510): Failed on audit_set_pid with error: Protocol not supported
I/auditd  (18510): Exiting
I/auditd  (18513): Starting up
E/auditd  (18513): Failed on audit_set_pid with error: Protocol not supported
I/auditd  (18513): Exiting
E/        (  695): ../../accel.c|inv_get_accel_offset|211 returning 19
V/Sensors (  695): enable - sensor Accelerometer (handle 4) dis -> en
E/Sensors (  695): mEnabled = 10
V/Sensors (  695): setDelay - sensor Accelerometer (handle 4), rate 200 ms (5.00 Hz)
V/Sensors (  695): setDelay - sensor Accelerometer (handle 4), rate 20 ms (50.00 Hz)
E/Sensors (  695): activatePendingSensors : mEnabled = 10
E/Sensors (  695): requested_sensors(0) from kernel
V/Sensors (  695): calling inv_set_mpu_sensors(000070)
I/MPL-fifo(  695): Actual ODR: 50000 mHz
E/Sensors (  695): set fifo rate - divider : 3, delay : 20 ms (50.00 Hz)
I/MPL-fifo(  695): Actual ODR: 50000 mHz
V/Sensors (  695): Starting DMP
W/MPL-9_sup(  695): 9 axis sensor fusion not available - No compass detected.
I/MPL-mldl_cfg_mpu:(  695): inv_mpu_resume(,,,,0070) -> 0070
E/Sensors (  695): accelHandler -0.231119 -0.505349 9.625584
E/Sensors (  695): accelHandler -0.228724 -0.480201 9.613608
E/Sensors (  695): accelHandler -0.238304 -0.500559 9.626781
E/Sensors (  695): accelHandler -0.235909 -0.484991 9.621991
I/auditd  (18517): Starting up
E/auditd  (18517): Failed on audit_set_pid with error: Protocol not supported
I/auditd  (18517): Exiting
V/Sensors (  695): enable - sensor Accelerometer (handle 4) en -> dis
E/Sensors (  695): mEnabled = 0
V/Sensors (  695): setDelay - sensor Accelerometer (handle 4), rate 20 ms (50.00 Hz)
E/Sensors (  695): activatePendingSensors : mEnabled = 0
E/Sensors (  695): requested_sensors(70) from kernel
I/MPL-mldl_cfg_mpu:(  695): inv_mpu_suspend(,,,,7fff) -> 0000
V/Sensors (  695): calling inv_set_mpu_sensors(000000)
V/Sensors (  695): Starting DMP
W/MPL-9_sup(  695): 9 axis sensor fusion not available - No compass detected.
I/MPL-mldl_cfg_mpu:(  695): inv_mpu_resume(,,,,0000) -> 0000
V/Sensors (  695): Stopping DMP
I/MPL-mldl_cfg_mpu:(  695): inv_mpu_suspend(,,,,7fff) -> 0000
I/auditd  (18521): Starting up
E/auditd  (18521): Failed on audit_set_pid with error: Protocol not supported
I/auditd  (18521): Exiting
I/auditd  (18524): Starting up
E/auditd  (18524): Failed on audit_set_pid with error: Protocol not supported
I/auditd  (18524): Exiting
I/auditd  (18527): Starting up
E/auditd  (18527): Failed on audit_set_pid with error: Protocol not supported
I/auditd  (18527): Exiting
I/auditd  (18530): Starting up
E/auditd  (18530): Failed on audit_set_pid with error: Protocol not supported
I/auditd  (18530): Exiting
I/auditd  (18533): Starting up
E/auditd  (18533): Failed on audit_set_pid with error: Protocol not supported
I/auditd  (18533): Exiting
I/auditd  (18536): Starting up
E/auditd  (18536): Failed on audit_set_pid with error: Protocol not supported
I/auditd  (18536): Exiting
I/auditd  (18539): Starting up
E/auditd  (18539): Failed on audit_set_pid with error: Protocol not supported
I/auditd  (18539): Exiting
I/auditd  (18542): Starting up
E/auditd  (18542): Failed on audit_set_pid with error: Protocol not supported
I/auditd  (18542): Exiting
I/auditd  (18545): Starting up
E/auditd  (18545): Failed on audit_set_pid with error: Protocol not supported
I/auditd  (18545): Exiting
I/auditd  (18548): Starting up
E/auditd  (18548): Failed on audit_set_pid with error: Protocol not supported
I/auditd  (18548): Exiting
I/auditd  (18551): Starting up
E/auditd  (18551): Failed on audit_set_pid with error: Protocol not supported
I/auditd  (18551): Exiting
I/auditd  (18554): Starting up
E/auditd  (18554): Failed on audit_set_pid with error: Protocol not supported
I/auditd  (18554): Exiting
I/auditd  (18557): Starting up
E/auditd  (18557): Failed on audit_set_pid with error: Protocol not supported
I/auditd  (18557): Exiting
I/auditd  (18560): Starting up
E/auditd  (18560): Failed on audit_set_pid with error: Protocol not supported
I/auditd  (18560): Exiting
I/auditd  (18563): Starting up
E/auditd  (18563): Failed on audit_set_pid with error: Protocol not supported
I/auditd  (18563): Exiting
I/auditd  (18566): Starting up
E/auditd  (18566): Failed on audit_set_pid with error: Protocol not supported
I/auditd  (18566): Exiting
I/auditd  (18569): Starting up
E/auditd  (18569): Failed on audit_set_pid with error: Protocol not supported
I/auditd  (18569): Exiting
I/auditd  (18572): Starting up
E/auditd  (18572): Failed on audit_set_pid with error: Protocol not supported
I/auditd  (18572): Exiting
I/auditd  (18575): Starting up
E/auditd  (18575): Failed on audit_set_pid with error: Protocol not supported
I/auditd  (18575): Exiting
I/auditd  (18578): Starting up
E/auditd  (18578): Failed on audit_set_pid with error: Protocol not supported
I/auditd  (18578): Exiting
I/auditd  (18581): Starting up
E/auditd  (18581): Failed on audit_set_pid with error: Protocol not supported
I/auditd  (18581): Exiting
I/auditd  (18585): Starting up
E/auditd  (18585): Failed on audit_set_pid with error: Protocol not supported
I/auditd  (18585): Exiting
I/auditd  (18588): Starting up
E/auditd  (18588): Failed on audit_set_pid with error: Protocol not supported
I/auditd  (18588): Exiting
I/auditd  (18591): Starting up
E/auditd  (18591): Failed on audit_set_pid with error: Protocol not supported
I/auditd  (18591): Exiting
I/auditd  (18594): Starting up
E/auditd  (18594): Failed on audit_set_pid with error: Protocol not supported
I/auditd  (18594): Exiting
I/auditd  (18597): Starting up
E/auditd  (18597): Failed on audit_set_pid with error: Protocol not supported
I/auditd  (18597): Exiting
I/auditd  (18600): Starting up
E/auditd  (18600): Failed on audit_set_pid with error: Protocol not supported
I/auditd  (18600): Exiting
I/auditd  (18603): Starting up
E/auditd  (18603): Failed on audit_set_pid with error: Protocol not supported
I/auditd  (18603): Exiting
I/auditd  (18607): Starting up
E/auditd  (18607): Failed on audit_set_pid with error: Protocol not supported
I/auditd  (18607): Exiting
I/auditd  (18610): Starting up
E/auditd  (18610): Failed on audit_set_pid with error: Protocol not supported
I/auditd  (18610): Exiting
I/auditd  (18613): Starting up
E/auditd  (18613): Failed on audit_set_pid with error: Protocol not supported
I/auditd  (18613): Exiting
I/auditd  (18616): Starting up
E/auditd  (18616): Failed on audit_set_pid with error: Protocol not supported
I/auditd  (18616): Exiting
I/auditd  (18619): Starting up
E/auditd  (18619): Failed on audit_set_pid with error: Protocol not supported
I/auditd  (18619): Exiting
I/auditd  (18622): Starting up
E/auditd  (18622): Failed on audit_set_pid with error: Protocol not supported
I/auditd  (18622): Exiting
I/auditd  (18625): Starting up
E/auditd  (18625): Failed on audit_set_pid with error: Protocol not supported
I/auditd  (18625): Exiting
E/MP-Decision( 1354): UP Ld:6 Nw:1.990000 Tw:140 rq:2.700000 seq:146.000000
E/        (  695): ../../accel.c|inv_get_accel_offset|211 returning 19
V/Sensors (  695): enable - sensor Accelerometer (handle 4) dis -> en
E/Sensors (  695): mEnabled = 10
V/Sensors (  695): setDelay - sensor Accelerometer (handle 4), rate 200 ms (5.00 Hz)
V/Sensors (  695): setDelay - sensor Accelerometer (handle 4), rate 20 ms (50.00 Hz)
E/Sensors (  695): activatePendingSensors : mEnabled = 10
E/Sensors (  695): requested_sensors(0) from kernel
V/Sensors (  695): calling inv_set_mpu_sensors(000070)
I/MPL-fifo(  695): Actual ODR: 50000 mHz
E/Sensors (  695): set fifo rate - divider : 3, delay : 20 ms (50.00 Hz)
I/MPL-fifo(  695): Actual ODR: 50000 mHz
V/Sensors (  695): Starting DMP
W/MPL-9_sup(  695): 9 axis sensor fusion not available - No compass detected.
I/MPL-mldl_cfg_mpu:(  695): inv_mpu_resume(,,,,0070) -> 0070
D/dalvikvm(  695): GC_CONCURRENT freed 3004K, 25% free 30725K/40912K, paused 20ms+44ms, total 397ms
E/MP-Decision( 1354): DOWN Ld:6 Ns:1.100000 Ts:190 rq:0.000000 seq:204.000000
E/Sensors (  695): accelHandler -0.217947 -0.431104 9.610016
E/Sensors (  695): accelHandler -0.202379 -0.446671 9.655521
E/Sensors (  695): accelHandler -0.197589 -0.446671 9.616003
E/Sensors (  695): accelHandler -0.178429 -0.464634 9.594448
V/Sensors (  695): enable - sensor Accelerometer (handle 4) en -> dis
E/Sensors (  695): mEnabled = 0
V/Sensors (  695): setDelay - sensor Accelerometer (handle 4), rate 20 ms (50.00 Hz)
E/Sensors (  695): activatePendingSensors : mEnabled = 0
E/Sensors (  695): requested_sensors(70) from kernel
I/MPL-mldl_cfg_mpu:(  695): inv_mpu_suspend(,,,,7fff) -> 0000
V/Sensors (  695): calling inv_set_mpu_sensors(000000)
V/Sensors (  695): Starting DMP
W/MPL-9_sup(  695): 9 axis sensor fusion not available - No compass detected.
I/MPL-mldl_cfg_mpu:(  695): inv_mpu_resume(,,,,0000) -> 0000
V/Sensors (  695): Stopping DMP
I/MPL-mldl_cfg_mpu:(  695): inv_mpu_suspend(,,,,7fff) -> 0000
I/auditd  (18637): Starting up
E/auditd  (18637): Failed on audit_set_pid with error: Protocol not supported
I/auditd  (18637): Exiting
I/auditd  (18641): Starting up
E/auditd  (18641): Failed on audit_set_pid with error: Protocol not supported
I/auditd  (18641): Exiting
I/auditd  (18644): Starting up
E/auditd  (18644): Failed on audit_set_pid with error: Protocol not supported
I/auditd  (18644): Exiting
I/auditd  (18647): Starting up
E/auditd  (18647): Failed on audit_set_pid with error: Protocol not supported
I/auditd  (18647): Exiting
I/auditd  (18650): Starting up
E/auditd  (18650): Failed on audit_set_pid with error: Protocol not supported
I/auditd  (18650): Exiting
I/auditd  (18653): Starting up
E/auditd  (18653): Failed on audit_set_pid with error: Protocol not supported
I/auditd  (18653): Exiting
I/auditd  (18656): Starting up
E/auditd  (18656): Failed on audit_set_pid with error: Protocol not supported
I/auditd  (18656): Exiting
I/auditd  (18659): Starting up
E/auditd  (18659): Failed on audit_set_pid with error: Protocol not supported
I/auditd  (18659): Exiting
I/auditd  (18662): Starting up
E/auditd  (18662): Failed on audit_set_pid with error: Protocol not supported
I/auditd  (18662): Exiting
I/auditd  (18665): Starting up
E/auditd  (18665): Failed on audit_set_pid with error: Protocol not supported
I/auditd  (18665): Exiting
I/auditd  (18668): Starting up
E/auditd  (18668): Failed on audit_set_pid with error: Protocol not supported
I/auditd  (18668): Exiting
I/auditd  (18671): Starting up
E/auditd  (18671): Failed on audit_set_pid with error: Protocol not supported
I/auditd  (18671): Exiting
I/auditd  (18674): Starting up
E/auditd  (18674): Failed on audit_set_pid with error: Protocol not supported
I/auditd  (18674): Exiting
V/BackupManagerService(  695): Running a backup pass
V/BackupManagerService(  695): clearing pending backups
V/PerformBackupTask(  695): Beginning backup of 1 targets
V/BackupServiceBinder(  695): doBackup() invoked
D/PerformBackupTask(  695): invokeAgentForBackup on @pm@
I/PerformBackupTask(  695): no backup data written; not calling transport
D/PerformBackupTask(  695): starting agent for backup of BackupRequest{pkg=android}
V/BackupServiceBinder(  695): doBackup() invoked
D/BackupHelperDispatcher(  695): handling existing helper 'profiles' android.app.backup.AbsoluteFileBackupHelper@4196d310
D/BackupHelperDispatcher(  695): handling existing helper 'wallpaper' android.app.backup.WallpaperBackupHelper@419c2af0
D/BackupManagerService(  695): awaiting agent for ApplicationInfo{41b60690 android}
D/BackupManagerService(  695): agentConnected pkg=android agent=android.app.backup.BackupAgent$BackupServiceBinder@41987ed0
I/BackupManagerService(  695): got agent android.app.backup.BackupAgent$BackupServiceBinder@41987ed0
D/PerformBackupTask(  695): invokeAgentForBackup on android
I/PerformBackupTask(  695): no backup data written; not calling transport
I/PerformBackupTask(  695): Backup pass finished.
I/auditd  (18677): Starting up
E/auditd  (18677): Failed on audit_set_pid with error: Protocol not supported
I/auditd  (18677): Exiting
I/auditd  (18682): Starting up
E/auditd  (18682): Failed on audit_set_pid with error: Protocol not supported
I/auditd  (18682): Exiting
I/auditd  (18685): Starting up
E/auditd  (18685): Failed on audit_set_pid with error: Protocol not supported
I/auditd  (18685): Exiting
I/auditd  (18688): Starting up
E/auditd  (18688): Failed on audit_set_pid with error: Protocol not supported
I/auditd  (18688): Exiting
I/auditd  (18691): Starting up
E/auditd  (18691): Failed on audit_set_pid with error: Protocol not supported
I/auditd  (18691): Exiting
I/auditd  (18694): Starting up
E/auditd  (18694): Failed on audit_set_pid with error: Protocol not supported
I/auditd  (18694): Exiting
I/auditd  (18697): Starting up
E/auditd  (18697): Failed on audit_set_pid with error: Protocol not supported
I/auditd  (18697): Exiting
I/auditd  (18700): Starting up
E/auditd  (18700): Failed on audit_set_pid with error: Protocol not supported
I/auditd  (18700): Exiting
I/auditd  (18703): Starting up
E/auditd  (18703): Failed on audit_set_pid with error: Protocol not supported
I/auditd  (18703): Exiting
I/auditd  (18706): Starting up
E/auditd  (18706): Failed on audit_set_pid with error: Protocol not supported
I/auditd  (18706): Exiting
I/auditd  (18709): Starting up
E/auditd  (18709): Failed on audit_set_pid with error: Protocol not supported
I/auditd  (18709): Exiting
I/auditd  (18712): Starting up
E/auditd  (18712): Failed on audit_set_pid with error: Protocol not supported
I/auditd  (18712): Exiting
I/auditd  (18715): Starting up
E/auditd  (18715): Failed on audit_set_pid with error: Protocol not supported
I/auditd  (18715): Exiting
I/auditd  (18718): Starting up
E/auditd  (18718): Failed on audit_set_pid with error: Protocol not supported
I/auditd  (18718): Exiting
I/auditd  (18721): Starting up
E/auditd  (18721): Failed on audit_set_pid with error: Protocol not supported
I/auditd  (18721): Exiting
I/auditd  (18724): Starting up
E/auditd  (18724): Failed on audit_set_pid with error: Protocol not supported
I/auditd  (18724): Exiting
I/auditd  (18727): Starting up
E/auditd  (18727): Failed on audit_set_pid with error: Protocol not supported
I/auditd  (18727): Exiting
D/AndroidRuntime(18731): 
D/AndroidRuntime(18731): >>>>>> AndroidRuntime START com.android.internal.os.RuntimeInit <<<<<<
D/AndroidRuntime(18731): CheckJNI is OFF
D/dalvikvm(18731): Trying to load lib libjavacore.so 0x0
D/dalvikvm(18731): Added shared lib libjavacore.so 0x0
D/dalvikvm(18731): Trying to load lib libnativehelper.so 0x0
D/dalvikvm(18731): Added shared lib libnativehelper.so 0x0
D/AndroidRuntime(18731): Calling main entry com.android.commands.pm.Pm
I/ActivityManager(  695): Start proc com.android.defcontainer for service com.android.defcontainer/.DefaultContainerService: pid=18741 uid=10014 gids={50014, 1015, 1023, 2001, 1028}
W/ActivityManager(  695): No content provider found for permission revoke: file:///data/local/tmp/TestingApp-debug.apk
I/ActivityManager(  695): Start proc com.android.vending for broadcast com.android.vending/com.google.android.vending.verifier.PackageVerificationReceiver: pid=18756 uid=10065 gids={50065, 3003, 1015, 1028}
D/Finsky  (18756): [1] FinskyApp.onCreate: Initializing network with DFE https://android.clients.google.com/fdfe/
D/Finsky  (18756): [1] DailyHygiene.goMakeHygieneIfDirty: No need to run daily hygiene.
W/Settings(18756): Setting download_manager_max_bytes_over_mobile has moved from android.provider.Settings.Secure to android.provider.Settings.Global.
W/Settings(18756): Setting download_manager_recommended_max_bytes_over_mobile has moved from android.provider.Settings.Secure to android.provider.Settings.Global.
D/Finsky  (18756): [1] PackageVerificationReceiver.onReceive: Verification requested, id = 37
D/Finsky  (18756): [1] WorkerTask.onPreExecute: Verification Requested for id = 37, data=file:///data/local/tmp/TestingApp-debug.apk flags=114 fromVerificationActivity=false
I/PackageParser(18756): org.buland.quidditch_scoring: compat added android.permission.WRITE_EXTERNAL_STORAGE android.permission.READ_PHONE_STATE
E/MP-Decision( 1354): UP Ld:44 Nw:1.990000 Tw:140 rq:3.500000 seq:147.000000
D/Finsky  (18756): [1] 2.run: Loaded library for account: [zRQ8Mwf5LOxciQkFwyPfmTo9b3Q]
D/Finsky  (18756): [1] GmsCoreHelper.cleanupNlp: result=false type=4
D/Finsky  (18756): [1] 2.run: Loaded library for account: [aJdey_P_6T19rclneJsi_a_v3FI]
D/Finsky  (18756): [1] 2.run: Finished loading 2 libraries.
D/Finsky  (18756): [1] 2.onResponse: Verification id=37 response=0
D/Finsky  (18756): [1] PackageVerificationReceiver.onReceive: Verification requested, id = 37
I/ActivityManager(  695): No longer want com.android.providers.calendar (pid 16471): empty #17
W/ActivityManager(  695): No content provider found for permission revoke: file:///data/local/tmp/TestingApp-debug.apk
I/PackageManager(  695): Copying native libraries to /data/app-lib/vmdl-1820459096
I/PackageParser(  695): org.buland.quidditch_scoring: compat added android.permission.WRITE_EXTERNAL_STORAGE android.permission.READ_PHONE_STATE
I/ActivityManager(  695): Force stopping package org.buland.quidditch_scoring appid=10123 user=-1
I/ActivityManager(  695): Killing proc 15917:org.buland.quidditch_scoring/u0a10123: force stop org.buland.quidditch_scoring
I/PackageManager(  695): Package org.buland.quidditch_scoring codePath changed from /data/app/org.buland.quidditch_scoring-2.apk to /data/app/org.buland.quidditch_scoring-1.apk; Retaining data and using new
I/SELinuxMMAC(  695): package (org.buland.quidditch_scoring) installed with  seinfo=default
I/PackageManager(  695): Running dexopt on: org.buland.quidditch_scoring
D/dalvikvm(18800): DexOpt: load 22ms, verify+opt 121ms, 308204 bytes
I/ActivityManager(  695): Force stopping package org.buland.quidditch_scoring appid=10123 user=-1
W/PackageManager(  695): Code path for pkg : org.buland.quidditch_scoring changing from /data/app/org.buland.quidditch_scoring-2.apk to /data/app/org.buland.quidditch_scoring-1.apk
W/PackageManager(  695): Resource path for pkg : org.buland.quidditch_scoring changing from /data/app/org.buland.quidditch_scoring-2.apk to /data/app/org.buland.quidditch_scoring-1.apk
E/MP-Decision( 1354): DOWN Ld:25 Ns:1.100000 Ts:190 rq:1.000000 seq:217.000000
D/BackupManagerService(  695): Now staging backup of android
I/ActivityManager(  695): Force stopping package org.buland.quidditch_scoring appid=10123 user=0
E/MP-Decision( 1354): UP Ld:16 Nw:1.990000 Tw:140 rq:4.000000 seq:147.000000
D/dalvikvm(18756): GC_EXPLICIT freed 2001K, 71% free 3192K/10676K, paused 2ms+3ms, total 137ms
D/dalvikvm(  695): GC_EXPLICIT freed 2826K, 27% free 30051K/40912K, paused 4ms+17ms, total 164ms
D/dalvikvm(11747): GC_EXPLICIT freed 210K, 69% free 3385K/10676K, paused 2ms+3ms, total 210ms
D/BackupManagerService(  695): Received broadcast Intent { act=android.intent.action.PACKAGE_REMOVED dat=package:org.buland.quidditch_scoring flg=0x8000010 (has extras) }
I/InputReader(  695): Reconfiguring input devices.  changes=0x00000010
D/dalvikvm(  986): GC_EXPLICIT freed 988K, 25% free 10354K/13692K, paused 2ms+4ms, total 62ms
I/InputReader(  695): Reconfiguring input devices.  changes=0x00000010
I/Trebuchet.Launcher(  986): setLoadOnResume
D/BackupManagerService(  695): Received broadcast Intent { act=android.intent.action.PACKAGE_ADDED dat=package:org.buland.quidditch_scoring flg=0x8000010 (has extras) }
V/BackupManagerService(  695): removePackageParticipantsLocked: uid=10123 #1
V/BackupManagerService(  695): addPackageParticipantsLocked: #1
I/ActivityManager(  695): Start proc com.android.gallery3d for broadcast com.android.gallery3d/.app.PackagesMonitor: pid=18809 uid=10023 gids={50023, 1006, 3003, 1015, 1028}
D/dalvikvm(  971): GC_CONCURRENT freed 445K, 74% free 2796K/10676K, paused 2ms+15ms, total 32ms
E/Trebuchet.AppsCustomizePagedView(  986): Widget ComponentInfo{org.cyanogenmod.focal/org.cyanogenmod.focal.WidgetProvider} can not fit on this device (800, 184)
I/ActivityManager(  695): Start proc com.android.keychain for broadcast com.android.keychain/.KeyChainBroadcastReceiver: pid=18825 uid=1000 gids={41000, 1015, 1028, 3002, 3001, 3003, 3007}
I/ActivityManager(  695): No longer want com.android.calendar (pid 16439): empty #17
W/ContextImpl(18825): Calling a method in the system process without a qualified user: android.app.ContextImpl.startService:1437 android.content.ContextWrapper.startService:473 android.content.ContextWrapper.startService:473 com.android.keychain.KeyChainBroadcastReceiver.onReceive:12 android.app.ActivityThread.handleReceiver:2552 
I/ActivityManager(  695): Start proc com.tmobile.thememanager for broadcast com.tmobile.thememanager/.receiver.ThemePackageReceiver: pid=18841 uid=1300 gids={41300, -1, 1028}
I/ActivityManager(  695): No longer want com.google.android.gsf.login (pid 16990): empty #17
I/ActivityManager(  695): Start proc com.android.voicedialer for broadcast com.android.voicedialer/.VoiceDialerReceiver: pid=18855 uid=10049 gids={50049, 3002, 1028}
I/ActivityManager(  695): No longer want com.nullsoft.winamp (pid 16167): empty #17
D/dalvikvm(  313): GC_EXPLICIT freed 40K, 77% free 2470K/10676K, paused 1ms+1ms, total 20ms
D/dalvikvm(  313): GC_EXPLICIT freed <1K, 77% free 2470K/10676K, paused 1ms+1ms, total 15ms
I/ActivityManager(  695): No longer want com.cyanogenmod.updater (pid 16197): empty #17
D/dalvikvm(  313): GC_EXPLICIT freed <1K, 77% free 2470K/10676K, paused 1ms+2ms, total 15ms
I/ThemeManager(18841): VerifyInstalledThemesThread took 94 ms.
I/ActivityManager(  695): Start proc com.google.android.googlequicksearchbox for broadcast com.google.android.googlequicksearchbox/com.google.android.searchcommon.summons.icing.InternalIcingCorporaProvider$CorporaChangedReceiver: pid=18870 uid=10066 gids={50066, 3003, 1028, 3002, 1015}
D/gp.PicasaSyncManager( 8928): reject cij (gik0geck0@gmail.com) because downsync is disabled
D/dalvikvm(  695): GC_EXPLICIT freed 670K, 27% free 30105K/40912K, paused 35ms+27ms, total 537ms
D/AndroidRuntime(18731): Shutting down VM
D/dalvikvm(18731): GC_CONCURRENT freed 92K, 17% free 484K/580K, paused 0ms+0ms, total 3ms
I/ActivityManager(  695): No longer want com.cyanogenmod.lockclock (pid 16214): empty #17
I/ActivityManager(  695): Start proc com.keramidas.TitaniumBackup for broadcast com.keramidas.TitaniumBackup/.PackageEventsReceiver: pid=18884 uid=10120 gids={50120, 1028, 1015, 3003}
I/com.keramidas.TitaniumBackup.MainApplication(18884): onCreate()
D/dalvikvm(18884): Trying to load lib /data/app-lib/com.keramidas.TitaniumBackup-1/libtitanium.so 0x41800fb8
D/dalvikvm(18884): Added shared lib /data/app-lib/com.keramidas.TitaniumBackup-1/libtitanium.so 0x41800fb8
I/com.keramidas.TitaniumBackup.MainApplication(18884): Detected CPU architecture: ARM
W/Settings(18884): Setting android_id has moved from android.provider.Settings.System to android.provider.Settings.Secure, returning read-only value.
D/o.   (18884): Debug features are disabled.
I/o.   (18884): restoreMySettings_ifNeeded()
I/o.   (18884): Internal settings found => No need to restore.
W/Resources(18884): Converting to string: TypedValue{t=0x10/d=0x0 a=-1}
W/Resources(18884): Converting to string: TypedValue{t=0x10/d=0x0 a=-1}
W/Resources(18884): Converting to string: TypedValue{t=0x10/d=0x0 a=-1}
W/Resources(18884): Converting to string: TypedValue{t=0x10/d=0xf a=-1}
W/Resources(18884): Converting to string: TypedValue{t=0x10/d=0x80 a=-1}
W/Resources(18884): Converting to string: TypedValue{t=0x10/d=0x80 a=-1}
W/Resources(18884): Converting to string: TypedValue{t=0x10/d=0x3 a=-1}
W/Resources(18884): Converting to string: TypedValue{t=0x10/d=0x3 a=-1}
W/Resources(18884): Converting to string: TypedValue{t=0x10/d=0x20 a=-1}
W/Resources(18884): Converting to string: TypedValue{t=0x10/d=0x20 a=-1}
W/Resources(18884): Converting to string: TypedValue{t=0x10/d=0x1 a=-1}
W/Resources(18884): Converting to string: TypedValue{t=0x10/d=0x3 a=-1}
W/Resources(18884): Converting to string: TypedValue{t=0x10/d=0x3 a=-1}
I/ActivityManager(  695): Start proc com.gau.go.launcherex.gowidget.calendarwidget for broadcast com.gau.go.launcherex.gowidget.calendarwidget/.upgrade.InstallStateReceiver: pid=18900 uid=10121 gids={50121, 1015, 3003, 1028}
I/ActivityManager(  695): No longer want com.android.mms (pid 16228): empty #17
I/dalvikvm(18900): Turning on JNI app bug workarounds for target SDK version 8...
D/com.jb@ACRA(18900): ACRA is enabled for com.gau.go.launcherex.gowidget.calendarwidget, intializing...
D/com.jb@ACRA(18900): Looking for error files in /data/data/com.gau.go.launcherex.gowidget.calendarwidget/files
I/System.out(18900): ***********UpgradeHelper_InstallStateReceiver, Action:android.intent.action.PACKAGE_REMOVED**********
I/System.out(18900): ***********UpgradeHelper_InstallStateReceiver, org.buland.quidditch_scoring**********
I/ActivityManager(  695): No longer want com.newegg.app (pid 16333): empty #17
I/ActivityManager(  695): Start proc com.svox.pico for broadcast com.svox.pico/.VoiceDataInstallerReceiver: pid=18917 uid=10037 gids={50037, 1015, 1028}
I/ActivityManager(  695): Start proc org.cyanogenmod.voiceplus for broadcast org.cyanogenmod.voiceplus/.PackageChangeReceiver: pid=18931 uid=10050 gids={50050, 3003, 1028}
I/ActivityManager(  695): No longer want com.floern.xkcd (pid 13503): empty #17
I/ActivityManager(  695): Start proc com.google.android.partnersetup for broadcast com.google.android.partnersetup/.RlzPingBroadcastReceiver: pid=18945 uid=10060 gids={50060, 3003, 1028}
I/ActivityManager(  695): No longer want com.google.android.apps.uploader (pid 15985): empty #17
D/PackageAddedReceiver(11569): package added org.buland.quidditch_scoring
D/gp.PicasaSyncManager( 8928): reject cij (gik0geck0@gmail.com) because downsync is disabled
I/Icing.InternalIcingCorporaProvider(18870): Updating corpora: A: org.buland.quidditch_scoring, C: MAYBE
I/System.out(18900): ***********UpgradeHelper_InstallStateReceiver, Action:android.intent.action.PACKAGE_ADDED**********
I/System.out(18900): ***********UpgradeHelper_InstallStateReceiver, org.buland.quidditch_scoring**********
I/com.keramidas.TitaniumBackup.schedules.BootReceiver(18884): Application package was replaced (eg: upgraded) => Scheduling next wake-up ...
I/o.   (18884): scheduleNextWakeup(): Invoked with idToExcludeForToday=null
I/o.   (18884): scheduleNextWakeup(): No next wakeup scheduled.
I/ActivityManager(  695): Start proc com.google.android.talk for broadcast com.google.android.talk/com.google.android.apps.babel.phone.PackageReplacedReceiver: pid=18974 uid=10092 gids={50092, 3003, 1015, 1006, 3002, 1028}
D/dalvikvm(11747): GC_CONCURRENT freed 212K, 67% free 3559K/10676K, paused 2ms+2ms, total 25ms
W/Settings(18974): Setting airplane_mode_on has moved from android.provider.Settings.System to android.provider.Settings.Global, returning read-only value.
I/GCoreUlr(  946): Ensuring that reporting is active
I/GCoreUlr(  946): GMS FLP location updates requested at interval 60000ms
I/ActivityManager(  695): No longer want com.google.android.youtube (pid 16270): empty #17
I/ebs     (  946): Not returning location for the following outliers: [14275283744]
I/auditd  (19002): Starting up
E/auditd  (19002): Failed on audit_set_pid with error: Protocol not supported
I/auditd  (19002): Exiting
D/dalvikvm(  946): GC_CONCURRENT freed 3324K, 22% free 12505K/15984K, paused 8ms+11ms, total 136ms
D/dalvikvm(  946): WAIT_FOR_CONCURRENT_GC blocked 110ms
D/dalvikvm( 1042): GC_EXPLICIT freed 300K, 61% free 4226K/10676K, paused 2ms+7ms, total 74ms
E/        (  695): ../../accel.c|inv_get_accel_offset|211 returning 19
V/Sensors (  695): enable - sensor Accelerometer (handle 4) dis -> en
E/Sensors (  695): mEnabled = 10
V/Sensors (  695): setDelay - sensor Accelerometer (handle 4), rate 200 ms (5.00 Hz)
V/Sensors (  695): setDelay - sensor Accelerometer (handle 4), rate 20 ms (50.00 Hz)
E/Sensors (  695): activatePendingSensors : mEnabled = 10
E/Sensors (  695): requested_sensors(0) from kernel
V/Sensors (  695): calling inv_set_mpu_sensors(000070)
I/MPL-fifo(  695): Actual ODR: 50000 mHz
E/Sensors (  695): set fifo rate - divider : 3, delay : 20 ms (50.00 Hz)
I/MPL-fifo(  695): Actual ODR: 50000 mHz
V/Sensors (  695): Starting DMP
W/MPL-9_sup(  695): 9 axis sensor fusion not available - No compass detected.
I/MPL-mldl_cfg_mpu:(  695): inv_mpu_resume(,,,,0070) -> 0070
D/dalvikvm(11569): GC_CONCURRENT freed 401K, 69% free 3317K/10676K, paused 4ms+4ms, total 37ms
I/GCoreUlr(  946): Successfully inserted location
I/GCoreUlr(  946): Not calling LocationReportingService, hasMoved: false, elapsed millis: 1303668, request: Phone
I/ActivityManager(  695): No longer want com.github.mobile:repos (pid 18266): empty #17
E/Sensors (  695): accelHandler -0.184417 -0.432301 9.623188
W/ActivityManager(  695): Permission denied: checkComponentPermission() owningUid=10066
W/ActivityManager(  695): Permission denied: checkComponentPermission() owningUid=10066
W/ActivityManager(  695): Permission denied: checkComponentPermission() owningUid=10066
W/ActivityManager(  695): Permission denied: checkComponentPermission() owningUid=10066
W/ActivityManager(  695): Permission denied: checkComponentPermission() owningUid=10066
W/ActivityManager(  695): Permission denied: checkComponentPermission() owningUid=10066
W/ActivityManager(  695): Permission denied: checkComponentPermission() owningUid=10066
W/ActivityManager(  695): Permission denied: checkComponentPermission() owningUid=10066
E/MP-Decision( 1354): DOWN Ld:1 Ns:1.100000 Ts:190 rq:1.000000 seq:226.000000
E/Sensors (  695): accelHandler 0.719703 13.022919 0.573607
I/PowerManagerService(  695): Waking up from sleep...
E/MP-Decision( 1354): UP Ld:1 Nw:1.990000 Tw:140 rq:6.100000 seq:146.000000
D/PowerManagerService-JNI(  695): Excessive delay in setInteractive(true) while turning screen on: 43ms
D/SurfaceFlinger(  312): Screen acquired, type=0 flinger=0xb7154478
D/qdhwcomposer(  312): hwc_blank: Unblanking display: 0
I/WindowManager(  695): Lock screen displayed!
D/qdhwcomposer(  312): hwc_blank: Done unblanking display: 0
D/SurfaceControl(  695): Excessive delay in unblankDisplay() while turning screen on: 237ms
D/AccelerometerListener(  966): enable(false)
E/Sensors (  695): accelHandler 0.652643 7.555089 5.251081
D/PhoneStatusBar(  850): disable: < expand icons alerts ticker system_info BACK HOME recent* CLOCK search >
D/PhoneStatusBar(  850): disable: < expand icons alerts ticker system_info back* home* recent clock* search >
W/InputMethodManagerService(  695): Window already focused, ignoring focus gain of: com.android.internal.view.IInputMethodClient$Stub$Proxy@41ae0be0 attribute=android.view.inputmethod.EditorInfo@42544a18, token = android.os.BinderProxy@41e2de90
E/Sensors (  695): accelHandler 0.590372 9.105865 4.096681
V/Sensors (  695): enable - sensor Accelerometer (handle 4) en -> dis
E/Sensors (  695): mEnabled = 0
V/Sensors (  695): setDelay - sensor Accelerometer (handle 4), rate 20 ms (50.00 Hz)
E/Sensors (  695): activatePendingSensors : mEnabled = 0
E/Sensors (  695): requested_sensors(70) from kernel
I/MPL-mldl_cfg_mpu:(  695): inv_mpu_suspend(,,,,7fff) -> 0000
V/Sensors (  695): calling inv_set_mpu_sensors(000000)
V/Sensors (  695): Starting DMP
W/MPL-9_sup(  695): 9 axis sensor fusion not available - No compass detected.
I/MPL-mldl_cfg_mpu:(  695): inv_mpu_resume(,,,,0000) -> 0000
V/Sensors (  695): Stopping DMP
I/MPL-mldl_cfg_mpu:(  695): inv_mpu_suspend(,,,,7fff) -> 0000
D/dalvikvm(  695): GC_EXPLICIT freed 4733K, 33% free 27605K/40912K, paused 4ms+12ms, total 144ms
D/android.widget.GridLayout(  986): vertical constraints: y3-y0>=264, y3-y0<=248, y3-y2<=104, y2-y1<=2 are inconsistent; permanently removing: y3-y0<=248. 
V/TAG     (  695): bug 7643792: fitSystemWindows([0,50][0,0])
E/MP-Decision( 1354): DOWN Ld:20 Ns:1.100000 Ts:190 rq:1.100000 seq:226.000000
I/auditd  (19033): Starting up
E/auditd  (19033): Failed on audit_set_pid with error: Protocol not supported
I/auditd  (19033): Exiting
E/MP-Decision( 1354): UP Ld:10 Nw:1.990000 Tw:140 rq:2.000000 seq:147.000000
E/MP-Decision( 1354): DOWN Ld:21 Ns:1.100000 Ts:190 rq:0.300000 seq:218.000000
E/        (  695): ../../accel.c|inv_get_accel_offset|211 returning 19
V/Sensors (  695): enable - sensor Accelerometer (handle 4) dis -> en
E/Sensors (  695): mEnabled = 10
V/Sensors (  695): setDelay - sensor Accelerometer (handle 4), rate 200 ms (5.00 Hz)
V/Sensors (  695): setDelay - sensor Accelerometer (handle 4), rate 20 ms (50.00 Hz)
E/Sensors (  695): activatePendingSensors : mEnabled = 10
E/Sensors (  695): requested_sensors(0) from kernel
V/Sensors (  695): calling inv_set_mpu_sensors(000070)
I/MPL-fifo(  695): Actual ODR: 50000 mHz
E/Sensors (  695): set fifo rate - divider : 3, delay : 20 ms (50.00 Hz)
I/MPL-fifo(  695): Actual ODR: 50000 mHz
V/Sensors (  695): Starting DMP
W/MPL-9_sup(  695): 9 axis sensor fusion not available - No compass detected.
I/MPL-mldl_cfg_mpu:(  695): inv_mpu_resume(,,,,0070) -> 0070
I/auditd  (19046): Starting up
E/auditd  (19046): Failed on audit_set_pid with error: Protocol not supported
I/auditd  (19046): Exiting
E/Sensors (  695): accelHandler -0.199984 0.411943 9.630374
E/Sensors (  695): accelHandler -0.209564 0.391586 9.626781
E/Sensors (  695): accelHandler -0.223934 0.416733 9.659114
V/Sensors (  695): enable - sensor Accelerometer (handle 4) en -> dis
E/Sensors (  695): mEnabled = 0
V/Sensors (  695): setDelay - sensor Accelerometer (handle 4), rate 20 ms (50.00 Hz)
E/Sensors (  695): activatePendingSensors : mEnabled = 0
E/Sensors (  695): requested_sensors(70) from kernel
I/MPL-mldl_cfg_mpu:(  695): inv_mpu_suspend(,,,,7fff) -> 0000
V/Sensors (  695): calling inv_set_mpu_sensors(000000)
V/Sensors (  695): Starting DMP
W/MPL-9_sup(  695): 9 axis sensor fusion not available - No compass detected.
I/MPL-mldl_cfg_mpu:(  695): inv_mpu_resume(,,,,0000) -> 0000
V/Sensors (  695): Stopping DMP
I/MPL-mldl_cfg_mpu:(  695): inv_mpu_suspend(,,,,7fff) -> 0000
D/dalvikvm(18756): GC_CONCURRENT freed 94K, 68% free 3495K/10676K, paused 3ms+4ms, total 28ms
D/Finsky  (18756): [1] 5.onFinished: Installation state replication succeeded.
I/auditd  (19051): Starting up
E/auditd  (19051): Failed on audit_set_pid with error: Protocol not supported
I/auditd  (19051): Exiting
E/        (  695): ../../accel.c|inv_get_accel_offset|211 returning 19
V/Sensors (  695): enable - sensor Accelerometer (handle 4) dis -> en
E/Sensors (  695): mEnabled = 10
V/Sensors (  695): setDelay - sensor Accelerometer (handle 4), rate 200 ms (5.00 Hz)
V/Sensors (  695): setDelay - sensor Accelerometer (handle 4), rate 20 ms (50.00 Hz)
E/Sensors (  695): activatePendingSensors : mEnabled = 10
E/Sensors (  695): requested_sensors(0) from kernel
V/Sensors (  695): calling inv_set_mpu_sensors(000070)
I/MPL-fifo(  695): Actual ODR: 50000 mHz
E/Sensors (  695): set fifo rate - divider : 3, delay : 20 ms (50.00 Hz)
I/MPL-fifo(  695): Actual ODR: 50000 mHz
V/Sensors (  695): Starting DMP
W/MPL-9_sup(  695): 9 axis sensor fusion not available - No compass detected.
I/MPL-mldl_cfg_mpu:(  695): inv_mpu_resume(,,,,0070) -> 0070
E/Sensors (  695): accelHandler -0.213157 0.415536 9.630374
E/Sensors (  695): accelHandler -0.221539 0.403561 9.620793
I/auditd  (19055): Starting up
E/auditd  (19055): Failed on audit_set_pid with error: Protocol not supported
I/auditd  (19055): Exiting
E/Sensors (  695): accelHandler -0.213157 0.389191 9.595646
E/Sensors (  695): accelHandler -0.219144 0.416733 9.630374
V/Sensors (  695): enable - sensor Accelerometer (handle 4) en -> dis
E/Sensors (  695): mEnabled = 0
V/Sensors (  695): setDelay - sensor Accelerometer (handle 4), rate 20 ms (50.00 Hz)
E/Sensors (  695): activatePendingSensors : mEnabled = 0
E/Sensors (  695): requested_sensors(70) from kernel
I/MPL-mldl_cfg_mpu:(  695): inv_mpu_suspend(,,,,7fff) -> 0000
V/Sensors (  695): calling inv_set_mpu_sensors(000000)
V/Sensors (  695): Starting DMP
W/MPL-9_sup(  695): 9 axis sensor fusion not available - No compass detected.
I/MPL-mldl_cfg_mpu:(  695): inv_mpu_resume(,,,,0000) -> 0000
V/Sensors (  695): Stopping DMP
I/MPL-mldl_cfg_mpu:(  695): inv_mpu_suspend(,,,,7fff) -> 0000
E/MP-Decision( 1354): UP Ld:95 Nw:1.990000 Tw:140 rq:1.700000 seq:147.000000
W/SystemClock(  946): time going backwards: prev 257042127052918(ioctl) vs now 257042126961357(ioctl), tid=1456
I/auditd  (19067): Starting up
E/auditd  (19067): Failed on audit_set_pid with error: Protocol not supported
I/auditd  (19067): Exiting
E/MP-Decision( 1354): DOWN Ld:11 Ns:1.100000 Ts:190 rq:1.000000 seq:196.000000
E/        (  695): ../../accel.c|inv_get_accel_offset|211 returning 19
V/Sensors (  695): enable - sensor Accelerometer (handle 4) dis -> en
E/Sensors (  695): mEnabled = 10
V/Sensors (  695): setDelay - sensor Accelerometer (handle 4), rate 200 ms (5.00 Hz)
V/Sensors (  695): setDelay - sensor Accelerometer (handle 4), rate 20 ms (50.00 Hz)
E/Sensors (  695): activatePendingSensors : mEnabled = 10
E/Sensors (  695): requested_sensors(0) from kernel
V/Sensors (  695): calling inv_set_mpu_sensors(000070)
I/MPL-fifo(  695): Actual ODR: 50000 mHz
E/Sensors (  695): set fifo rate - divider : 3, delay : 20 ms (50.00 Hz)
I/MPL-fifo(  695): Actual ODR: 50000 mHz
V/Sensors (  695): Starting DMP
W/MPL-9_sup(  695): 9 axis sensor fusion not available - No compass detected.
I/MPL-mldl_cfg_mpu:(  695): inv_mpu_resume(,,,,0070) -> 0070
D/AndroidRuntime(19074): 
D/AndroidRuntime(19074): >>>>>> AndroidRuntime START com.android.internal.os.RuntimeInit <<<<<<
D/AndroidRuntime(19074): CheckJNI is OFF
D/dalvikvm(19074): Trying to load lib libjavacore.so 0x0
E/MP-Decision( 1354): UP Ld:88 Nw:1.990000 Tw:140 rq:1.200000 seq:148.000000
D/dalvikvm(19074): Added shared lib libjavacore.so 0x0
D/dalvikvm(19074): Trying to load lib libnativehelper.so 0x0
D/dalvikvm(19074): Added shared lib libnativehelper.so 0x0
D/AndroidRuntime(19074): Calling main entry com.android.commands.pm.Pm
W/ActivityManager(  695): No content provider found for permission revoke: file:///data/local/tmp/TestingApp-debug.apk
D/Finsky  (18756): [1] PackageVerificationReceiver.onReceive: Verification requested, id = 38
D/Finsky  (18756): [1] WorkerTask.onPreExecute: Verification Requested for id = 38, data=file:///data/local/tmp/TestingApp-debug.apk flags=114 fromVerificationActivity=false
I/PackageParser(18756): org.buland.quidditch_scoring: compat added android.permission.WRITE_EXTERNAL_STORAGE android.permission.READ_PHONE_STATE
E/Sensors (  695): accelHandler -0.217947 0.427511 9.618399
D/dalvikvm(18756): GC_CONCURRENT freed 781K, 70% free 3220K/10676K, paused 7ms+2ms, total 44ms
D/dalvikvm(18756): WAIT_FOR_CONCURRENT_GC blocked 23ms
I/qtaguid (18756): Failed write_ctrl(u 51) res=-1 errno=22
I/qtaguid (18756): Untagging socket 51 failed errno=-22
W/NetworkManagementSocketTagger(18756): untagSocket(51) failed with errno -22
D/Finsky  (18756): [1] 2.onResponse: Verification id=38 response=0
D/Finsky  (18756): [1] PackageVerificationReceiver.onReceive: Verification requested, id = 38
W/ActivityManager(  695): No content provider found for permission revoke: file:///data/local/tmp/TestingApp-debug.apk
I/PackageManager(  695): Copying native libraries to /data/app-lib/vmdl-1915536284
I/PackageParser(  695): org.buland.quidditch_scoring: compat added android.permission.WRITE_EXTERNAL_STORAGE android.permission.READ_PHONE_STATE
I/ActivityManager(  695): Force stopping package org.buland.quidditch_scoring appid=10123 user=-1
I/PackageManager(  695): Package org.buland.quidditch_scoring codePath changed from /data/app/org.buland.quidditch_scoring-1.apk to /data/app/org.buland.quidditch_scoring-2.apk; Retaining data and using new
I/PackageManager(  695): Running dexopt on: org.buland.quidditch_scoring
I/SELinuxMMAC(  695): package (org.buland.quidditch_scoring) installed with  seinfo=default
D/dalvikvm(19095): DexOpt: load 8ms, verify+opt 47ms, 308204 bytes
I/ActivityManager(  695): Force stopping package org.buland.quidditch_scoring appid=10123 user=-1
W/PackageManager(  695): Code path for pkg : org.buland.quidditch_scoring changing from /data/app/org.buland.quidditch_scoring-1.apk to /data/app/org.buland.quidditch_scoring-2.apk
W/PackageManager(  695): Resource path for pkg : org.buland.quidditch_scoring changing from /data/app/org.buland.quidditch_scoring-1.apk to /data/app/org.buland.quidditch_scoring-2.apk
I/ActivityManager(  695): Force stopping package org.buland.quidditch_scoring appid=10123 user=0
D/dalvikvm(18870): GC_EXPLICIT freed 511K, 75% free 2727K/10676K, paused 2ms+5ms, total 35ms
I/InputReader(  695): Reconfiguring input devices.  changes=0x00000010
D/BackupManagerService(  695): Received broadcast Intent { act=android.intent.action.PACKAGE_REMOVED dat=package:org.buland.quidditch_scoring flg=0x8000010 (has extras) }
D/dalvikvm(  986): GC_EXPLICIT freed 1689K, 22% free 10692K/13692K, paused 1ms+7ms, total 64ms
E/Sensors (  695): accelHandler -0.219144 0.426313 9.563313
D/dalvikvm(11747): GC_EXPLICIT freed 397K, 69% free 3376K/10676K, paused 1ms+2ms, total 156ms
D/BackupManagerService(  695): Received broadcast Intent { act=android.intent.action.PACKAGE_ADDED dat=package:org.buland.quidditch_scoring flg=0x8000010 (has extras) }
I/InputReader(  695): Reconfiguring input devices.  changes=0x00000010
V/BackupManagerService(  695): removePackageParticipantsLocked: uid=10123 #1
V/BackupManagerService(  695): addPackageParticipantsLocked: #1
I/ThemeManager(18841): Handling replaced theme package: org.buland.quidditch_scoring
D/dalvikvm(  971): GC_CONCURRENT freed 434K, 74% free 2796K/10676K, paused 2ms+1ms, total 21ms
W/ContextImpl(18825): Calling a method in the system process without a qualified user: android.app.ContextImpl.startService:1437 android.content.ContextWrapper.startService:473 android.content.ContextWrapper.startService:473 com.android.keychain.KeyChainBroadcastReceiver.onReceive:12 android.app.ActivityThread.handleReceiver:2552 
E/Trebuchet.AppsCustomizePagedView(  986): Widget ComponentInfo{org.cyanogenmod.focal/org.cyanogenmod.focal.WidgetProvider} can not fit on this device (800, 184)
D/dalvikvm( 8928): GC_CONCURRENT freed 7141K, 67% free 3559K/10776K, paused 3ms+5ms, total 54ms
D/gp.PicasaSyncManager( 8928): reject cij (gik0geck0@gmail.com) because downsync is disabled
I/System.out(18900): ***********UpgradeHelper_InstallStateReceiver, Action:android.intent.action.PACKAGE_REMOVED**********
I/System.out(18900): ***********UpgradeHelper_InstallStateReceiver, org.buland.quidditch_scoring**********
D/PackageAddedReceiver(11569): package added org.buland.quidditch_scoring
I/Icing.InternalIcingCorporaProvider(18870): Updating corpora: A: org.buland.quidditch_scoring, C: MAYBE
I/System.out(18900): ***********UpgradeHelper_InstallStateReceiver, Action:android.intent.action.PACKAGE_ADDED**********
I/System.out(18900): ***********UpgradeHelper_InstallStateReceiver, org.buland.quidditch_scoring**********
D/gp.PicasaSyncManager( 8928): reject cij (gik0geck0@gmail.com) because downsync is disabled
I/com.keramidas.TitaniumBackup.schedules.BootReceiver(18884): Application package was replaced (eg: upgraded) => Scheduling next wake-up ...
I/o.   (18884): scheduleNextWakeup(): Invoked with idToExcludeForToday=null
I/o.   (18884): scheduleNextWakeup(): No next wakeup scheduled.
D/dalvikvm(  695): GC_EXPLICIT freed 2681K, 33% free 27494K/40912K, paused 5ms+19ms, total 523ms
D/AndroidRuntime(19074): Shutting down VM
D/dalvikvm(19074): GC_CONCURRENT freed 92K, 17% free 484K/580K, paused 0ms+0ms, total 3ms
D/dalvikvm( 1042): GC_EXPLICIT freed 183K, 61% free 4219K/10676K, paused 2ms+3ms, total 32ms
I/GCoreUlr(  946): Ensuring that reporting is active
W/SystemClock(  946): time going backwards: prev 257046999142037(ioctl) vs now 257046998134865(ioctl), tid=1158
I/GCoreUlr(  946): GMS FLP location updates requested at interval 60000ms
E/Sensors (  695): accelHandler -0.227527 0.401166 9.624386
D/dalvikvm(11747): GC_CONCURRENT freed 220K, 67% free 3551K/10676K, paused 2ms+2ms, total 22ms
I/auditd  (19118): Starting up
E/auditd  (19118): Failed on audit_set_pid with error: Protocol not supported
I/auditd  (19118): Exiting
W/ActivityManager(  695): Permission denied: checkComponentPermission() owningUid=10066
