E/MP-Decision( 1354): DOWN Ld:17 Ns:1.100000 Ts:190 rq:1.000000 seq:380.000000
I/auditd  (18215): Starting up
E/auditd  (18215): Failed on audit_set_pid with error: Protocol not supported
I/auditd  (18215): Exiting
I/auditd  (18218): Starting up
E/auditd  (18218): Failed on audit_set_pid with error: Protocol not supported
I/auditd  (18218): Exiting
I/auditd  (18221): Starting up
E/auditd  (18221): Failed on audit_set_pid with error: Protocol not supported
I/auditd  (18221): Exiting
I/ActivityManager(  695): No longer want com.google.android.music:main (pid 12991): empty #17
W/ActivityManager(  695): Scheduling restart of crashed service com.google.android.music/.playback.MusicPlaybackService in 5000ms
E/MP-Decision( 1354): UP Ld:12 Nw:1.990000 Tw:140 rq:11.100000 seq:145.000000
E/MP-Decision( 1354): DOWN Ld:20 Ns:1.100000 Ts:190 rq:0.000000 seq:575.000000
I/auditd  (18233): Starting up
E/auditd  (18233): Failed on audit_set_pid with error: Protocol not supported
I/auditd  (18233): Exiting
I/ActivityManager(  695): Start proc com.google.android.music:main for service com.google.android.music/.playback.MusicPlaybackService: pid=18236 uid=10084 gids={50084, 3003, 1015, 1028}
I/MusicStore(18236): Database version: 70
I/NetworkMonitor(18236): Network Type: 1 isConnected: true
D/CacheService(18236): onCreate
D/CacheService(18236): onBind
D/CacheService(18236): intent=Intent { act=com.google.android.music.download.cache.CacheService.CLEAR_ORPHANED cmp=com.google.android.music/.download.cache.CacheService }
I/NetworkMonitor(18236): Network changed: type(1) name(WIFI) isConnected : true noData: false bitrate:512
I/UIStateManager(18236): Connected to playback service
D/MusicPreferences(18236): Re-setting music sync state for account gik0geck0@gmail.com
D/DownloadQueue(18236): clearCurrentTask
D/DownloadQueue(18236): getNextTask(): wait
I/LocalDevicePlayback(18236): Streaming client created.
D/MusicStore(18236): Disabled WAL
E/MP-Decision( 1354): UP Ld:18 Nw:1.990000 Tw:140 rq:2.300000 seq:147.000000
I/ActivityManager(  695): Start proc com.github.mobile:repos for service com.github.mobile/.sync.SyncAdapterService: pid=18266 uid=10104 gids={50104, 3003, 1028}
D/dalvikvm(18266): Late-enabling CheckJNI
D/MusicStore(18236): Database opened
I/CacheManagerImpl(18236): Cached file or directory "/storage/emulated/0/Android/data/com.google.android.music/files/music" does not exist.
I/CacheManagerImpl(18236): Cached file or directory "/data/data/com.google.android.music/files/music" does not exist.
W/nalizableReferenceQueue(18266): Could not load Finalizer in its own class loader. Loading Finalizer in the current class loader instead. As a result, you will not be able to garbage collect this class loader. To support reclaiming this class loader, either resolve the underlying issue, or move Google Collections to your system class path.
W/nalizableReferenceQueue(18266): java.io.FileNotFoundException: com/google/inject/internal/util/$Finalizer.class
W/nalizableReferenceQueue(18266): 	at com.google.inject.internal.util.$FinalizableReferenceQueue$DecoupledLoader.getBaseUrl(FinalizableReferenceQueue.java:269)
W/nalizableReferenceQueue(18266): 	at com.google.inject.internal.util.$FinalizableReferenceQueue$DecoupledLoader.loadFinalizer(FinalizableReferenceQueue.java:253)
W/nalizableReferenceQueue(18266): 	at com.google.inject.internal.util.$FinalizableReferenceQueue.loadFinalizer(FinalizableReferenceQueue.java:175)
W/nalizableReferenceQueue(18266): 	at com.google.inject.internal.util.$FinalizableReferenceQueue.<clinit>(FinalizableReferenceQueue.java:100)
W/nalizableReferenceQueue(18266): 	at com.google.inject.internal.util.$MapMaker$QueueHolder.<clinit>(MapMaker.java:787)
W/nalizableReferenceQueue(18266): 	at com.google.inject.internal.util.$MapMaker$WeakEntry.<init>(MapMaker.java:946)
W/nalizableReferenceQueue(18266): 	at com.google.inject.internal.util.$MapMaker$Strength$1.newEntry(MapMaker.java:312)
W/nalizableReferenceQueue(18266): 	at com.google.inject.internal.util.$MapMaker$StrategyImpl.newEntry(MapMaker.java:498)
W/nalizableReferenceQueue(18266): 	at com.google.inject.internal.util.$MapMaker$StrategyImpl.newEntry(MapMaker.java:419)
W/nalizableReferenceQueue(18266): 	at com.google.inject.internal.util.$CustomConcurrentHashMap$ComputingImpl.get(CustomConcurrentHashMap.java:2029)
W/nalizableReferenceQueue(18266): 	at com.google.inject.internal.Annotations$AnnotationChecker.hasAnnotations(Annotations.java:116)
W/nalizableReferenceQueue(18266): 	at com.google.inject.internal.Annotations.isBindingAnnotation(Annotations.java:180)
W/nalizableReferenceQueue(18266): 	at com.google.inject.Key.ensureIsBindingAnnotation(Key.java:366)
W/nalizableReferenceQueue(18266): 	at com.google.inject.Key.strategyFor(Key.java:338)
W/nalizableReferenceQueue(18266): 	at com.google.inject.Key.get(Key.java:272)
W/nalizableReferenceQueue(18266): 	at com.google.inject.internal.AbstractBindingBuilder.annotatedWithInternal(AbstractBindingBuilder.java:82)
W/nalizableReferenceQueue(18266): 	at com.google.inject.internal.ConstantBindingBuilderImpl.annotatedWith(ConstantBindingBuilderImpl.java:49)
W/nalizableReferenceQueue(18266): 	at roboguice.config.DefaultRoboModule.configure(DefaultRoboModule.java:117)
W/nalizableReferenceQueue(18266): 	at com.google.inject.AbstractModule.configure(AbstractModule.java:59)
W/nalizableReferenceQueue(18266): 	at com.google.inject.spi.Elements$RecordingBinder.install(Elements.java:223)
W/nalizableReferenceQueue(18266): 	at com.google.inject.spi.Elements.getElements(Elements.java:101)
W/nalizableReferenceQueue(18266): 	at com.google.inject.spi.Elements.getElements(Elements.java:78)
W/nalizableReferenceQueue(18266): 	at roboguice.RoboGuice.setBaseApplicationInjector(RoboGuice.java:83)
W/nalizableReferenceQueue(18266): 	at roboguice.RoboGuice.setBaseApplicationInjector(RoboGuice.java:139)
W/nalizableReferenceQueue(18266): 	at roboguice.RoboGuice.getBaseApplicationInjector(RoboGuice.java:59)
W/nalizableReferenceQueue(18266): 	at roboguice.RoboGuice.getInjector(RoboGuice.java:149)
W/nalizableReferenceQueue(18266): 	at roboguice.service.RoboService.onCreate(RoboService.java:61)
W/nalizableReferenceQueue(18266): 	at android.app.ActivityThread.handleCreateService(ActivityThread.java:2705)
W/nalizableReferenceQueue(18266): 	at android.app.ActivityThread.access$1600(ActivityThread.java:153)
W/nalizableReferenceQueue(18266): 	at android.app.ActivityThread$H.handleMessage(ActivityThread.java:1351)
W/nalizableReferenceQueue(18266): 	at android.os.Handler.dispatchMessage(Handler.java:99)
W/nalizableReferenceQueue(18266): 	at android.os.Looper.loop(Looper.java:137)
W/nalizableReferenceQueue(18266): 	at android.app.ActivityThread.main(ActivityThread.java:5289)
W/nalizableReferenceQueue(18266): 	at java.lang.reflect.Method.invokeNative(Native Method)
W/nalizableReferenceQueue(18266): 	at java.lang.reflect.Method.invoke(Method.java:525)
W/nalizableReferenceQueue(18266): 	at com.android.internal.os.ZygoteInit$MethodAndArgsCaller.run(ZygoteInit.java:739)
W/nalizableReferenceQueue(18266): 	at com.android.internal.os.ZygoteInit.main(ZygoteInit.java:555)
W/nalizableReferenceQueue(18266): 	at dalvik.system.NativeStart.main(Native Method)
E/MP-Decision( 1354): DOWN Ld:25 Ns:1.100000 Ts:190 rq:1.000000 seq:196.000000
D//Ln.java:218(18266): main Configuring Logging, minimum log level is VERBOSE
D/dalvikvm(18289): Late-enabling CheckJNI
I/ActivityManager(  695): Start proc com.github.mobile for content provider com.github.mobile/.sync.ContentProviderAdapter: pid=18289 uid=10104 gids={50104, 3003, 1028}
E/        (  695): ../../accel.c|inv_get_accel_offset|211 returning 19
V/Sensors (  695): enable - sensor Accelerometer (handle 4) dis -> en
E/Sensors (  695): mEnabled = 10
V/Sensors (  695): setDelay - sensor Accelerometer (handle 4), rate 200 ms (5.00 Hz)
V/Sensors (  695): setDelay - sensor Accelerometer (handle 4), rate 20 ms (50.00 Hz)
E/Sensors (  695): activatePendingSensors : mEnabled = 10
E/Sensors (  695): requested_sensors(0) from kernel
V/Sensors (  695): calling inv_set_mpu_sensors(000070)
I/MPL-fifo(  695): Actual ODR: 50000 mHz
E/Sensors (  695): set fifo rate - divider : 3, delay : 20 ms (50.00 Hz)
I/MPL-fifo(  695): Actual ODR: 50000 mHz
V/Sensors (  695): Starting DMP
W/MPL-9_sup(  695): 9 axis sensor fusion not available - No compass detected.
I/MPL-mldl_cfg_mpu:(  695): inv_mpu_resume(,,,,0070) -> 0070
E/MP-Decision( 1354): UP Ld:26 Nw:1.990000 Tw:140 rq:2.200000 seq:143.000000
I/MediaStoreImporter(18236): Update: incremental Added music: 0 Updated music: 0 Deleted music: 0 Created playlists: 0 Updated playlists: 0 Deleted playlists: 0 Inserted playlist items: 0 Deleted playlist items: 0 Removed orphaned playlist items: 0
E/MP-Decision( 1354): DOWN Ld:27 Ns:1.100000 Ts:190 rq:0.000000 seq:206.000000
E/Sensors (  695): accelHandler -0.075443 0.257465 9.675879
E/Sensors (  695): accelHandler -0.057480 0.287402 9.650731
D/SyncCampaign(18266): Syncing 3 users and orgs
D/SyncCampaign(18266): Syncing repos for gik0geck0
I/auditd  (18313): Starting up
E/auditd  (18313): Failed on audit_set_pid with error: Protocol not supported
I/auditd  (18313): Exiting
E/Sensors (  695): accelHandler -8.400531 4.168531 5.472620
D/SyncCampaign(18266): Syncing repos for MinesLinuxUsersGroup
V/Sensors (  695): enable - sensor Accelerometer (handle 4) en -> dis
E/Sensors (  695): mEnabled = 0
V/Sensors (  695): setDelay - sensor Accelerometer (handle 4), rate 20 ms (50.00 Hz)
E/Sensors (  695): activatePendingSensors : mEnabled = 0
E/Sensors (  695): requested_sensors(70) from kernel
I/MPL-mldl_cfg_mpu:(  695): inv_mpu_suspend(,,,,7fff) -> 0000
V/Sensors (  695): calling inv_set_mpu_sensors(000000)
V/Sensors (  695): Starting DMP
W/MPL-9_sup(  695): 9 axis sensor fusion not available - No compass detected.
I/MPL-mldl_cfg_mpu:(  695): inv_mpu_resume(,,,,0000) -> 0000
V/Sensors (  695): Stopping DMP
I/MPL-mldl_cfg_mpu:(  695): inv_mpu_suspend(,,,,7fff) -> 0000
I/MusicLeanback(18236): EnablingReceiver action:com.google.android.music.START_DOWNLOAD_SCHEDULING
D/MusicLeanback(18236): Acquired WakeLock
D/MusicLeanback(18236): onCreate
D/MusicLeanback(18236): updateServiceState
D/MusicLeanback(18236): isAllServicesConnected: false
D/MusicLeanback(18236): bindings: dm=true cm=false nm=false
D/MusicLeanback(18236): updateServiceState
D/MusicLeanback(18236): isAllServicesConnected: false
D/MusicLeanback(18236): bindings: dm=true cm=true nm=false
D/MusicLeanback(18236): Service action:com.google.android.music.leanback.APP_IN_USE
D/MusicLeanback(18236): State: lastUpdateTrigger=Wed Dec 31 17:00:00 MST 1969, currentUpdateTrigger=Wed Dec 31 17:00:00 MST 1969, scheduledTrigger=Wed Dec 31 17:00:00 MST 1969, currentUpdateRefreshedMixes=false, initializedMixes=false, sourceAccount=0, lastAttempt=Wed Dec 31 17:00:00 MST 1969, appUseTime=Wed Dec 31 17:00:00 MST 1969, connectivityRecoveryTime=Wed Dec 31 17:00:00 MST 1969
E/MP-Decision( 1354): UP Ld:15 Nw:1.990000 Tw:140 rq:3.900000 seq:147.000000
D/MusicLeanback(18236): Suggested mixes turned off. Locker has less than 200
D/MusicLeanback(18236): Released WakeLock
I/MusicLeanback(18236): Conditions not met for autocaching.
I/MusicLeanback(18236): Stop autocaching.
D/MusicLeanback(18236): handleMessage: msg{ what=7 when=0 arg1=1 }
D/MusicLeanback(18236): onDestroy
D/SyncCampaign(18266): Syncing repos for ColoradoSchoolOfMines
I/PowerManagerService(  695): Waking up from sleep...
I/EntropyMixer(  695): Writing entropy...
D/PicasaUploaderSyncManager(15985): battery info: true
I/WindowManager(  695): Lock screen displayed!
D/PowerManagerService-JNI(  695): Excessive delay in autosuspend_disable() while turning screen on: 300ms
D/SurfaceFlinger(  312): Screen acquired, type=0 flinger=0xb7154478
D/qdhwcomposer(  312): hwc_blank: Unblanking display: 0
D/MtpService(12930): updating state; isCurrentUser=true, mMtpLocked=false
D/MtpService(12930): addStorageLocked 65537 /storage/emulated/0
D/qdhwcomposer(  312): hwc_blank: Done unblanking display: 0
D/MtpService(12930): updating state; isCurrentUser=true, mMtpLocked=false
D/MtpService(12930): starting MTP server in MTP mode
D/MtpService(12930): addStorageLocked 65537 /storage/emulated/0
D/SurfaceControl(  695): Excessive delay in unblankDisplay() while turning screen on: 261ms
D/AccelerometerListener(  966): enable(false)
D/YouTube MDX(16270): Recieved intent android.intent.action.SCREEN_ON
D/SyncCampaign(18266): Sync campaign finished
I/ActivityManager(  695): No longer want com.gau.go.launcherex.gowidget.calendarwidget (pid 16497): empty #17
I/PowerManagerService(  695): Going to sleep by user request...
D/SurfaceFlinger(  312): Screen released, type=0 flinger=0xb7154478
D/qdhwcomposer(  312): hwc_blank: Blanking display: 0
D/dalvikvm(  695): JIT code cache reset in 1 ms (1048444 bytes 78/0)
D/qdhwcomposer(  312): hwc_blank: Done blanking display: 0
D/dalvikvm(  695): GC_FOR_ALLOC freed 6518K, 33% free 27568K/40912K, paused 104ms, total 104ms
D/SurfaceControl(  695): Excessive delay in blankDisplay() while turning screen off: 190ms
D/AccelerometerListener(  966): enable(false)
I/auditd  (18341): Starting up
E/auditd  (18341): Failed on audit_set_pid with error: Protocol not supported
I/auditd  (18341): Exiting
D/YouTube MDX(16270): Recieved intent android.intent.action.SCREEN_OFF
E/Sensors (  695): Sleep Event : mEnabled = 0
V/KeyguardHostView(  695): hide transport, gen:140
V/KeyguardHostView(  695): music state changed: 0
E/        (  695): ../../accel.c|inv_get_accel_offset|211 returning 19
V/Sensors (  695): enable - sensor Accelerometer (handle 4) dis -> en
E/Sensors (  695): mEnabled = 10
V/Sensors (  695): setDelay - sensor Accelerometer (handle 4), rate 200 ms (5.00 Hz)
V/Sensors (  695): setDelay - sensor Accelerometer (handle 4), rate 20 ms (50.00 Hz)
E/Sensors (  695): activatePendingSensors : mEnabled = 10
E/Sensors (  695): requested_sensors(0) from kernel
V/Sensors (  695): calling inv_set_mpu_sensors(000070)
I/MPL-fifo(  695): Actual ODR: 50000 mHz
E/Sensors (  695): set fifo rate - divider : 3, delay : 20 ms (50.00 Hz)
I/MPL-fifo(  695): Actual ODR: 50000 mHz
V/Sensors (  695): Starting DMP
W/MPL-9_sup(  695): 9 axis sensor fusion not available - No compass detected.
I/MPL-mldl_cfg_mpu:(  695): inv_mpu_resume(,,,,0070) -> 0070
E/Sensors (  695): accelHandler 3.958967 -1.524430 6.794671
E/MP-Decision( 1354): DOWN Ld:19 Ns:1.100000 Ts:190 rq:0.000000 seq:236.000000
E/Sensors (  695): accelHandler -0.443079 -0.620310 9.808803
E/Sensors (  695): accelHandler -0.374821 -0.628693 9.647139
E/Sensors (  695): accelHandler -0.392783 -0.620310 9.621991
I/auditd  (18348): Starting up
E/auditd  (18348): Failed on audit_set_pid with error: Protocol not supported
I/auditd  (18348): Exiting
V/Sensors (  695): enable - sensor Accelerometer (handle 4) en -> dis
E/Sensors (  695): mEnabled = 0
V/Sensors (  695): setDelay - sensor Accelerometer (handle 4), rate 20 ms (50.00 Hz)
E/Sensors (  695): activatePendingSensors : mEnabled = 0
E/Sensors (  695): requested_sensors(70) from kernel
I/MPL-mldl_cfg_mpu:(  695): inv_mpu_suspend(,,,,7fff) -> 0000
V/Sensors (  695): calling inv_set_mpu_sensors(000000)
V/Sensors (  695): Starting DMP
W/MPL-9_sup(  695): 9 axis sensor fusion not available - No compass detected.
I/MPL-mldl_cfg_mpu:(  695): inv_mpu_resume(,,,,0000) -> 0000
V/Sensors (  695): Stopping DMP
I/MPL-mldl_cfg_mpu:(  695): inv_mpu_suspend(,,,,7fff) -> 0000
I/auditd  (18351): Starting up
E/auditd  (18351): Failed on audit_set_pid with error: Protocol not supported
I/auditd  (18351): Exiting
E/        (  695): ../../accel.c|inv_get_accel_offset|211 returning 19
V/Sensors (  695): enable - sensor Accelerometer (handle 4) dis -> en
E/Sensors (  695): mEnabled = 10
V/Sensors (  695): setDelay - sensor Accelerometer (handle 4), rate 200 ms (5.00 Hz)
V/Sensors (  695): setDelay - sensor Accelerometer (handle 4), rate 20 ms (50.00 Hz)
E/Sensors (  695): activatePendingSensors : mEnabled = 10
E/Sensors (  695): requested_sensors(0) from kernel
V/Sensors (  695): calling inv_set_mpu_sensors(000070)
I/MPL-fifo(  695): Actual ODR: 50000 mHz
E/Sensors (  695): set fifo rate - divider : 3, delay : 20 ms (50.00 Hz)
I/MPL-fifo(  695): Actual ODR: 50000 mHz
V/Sensors (  695): Starting DMP
W/MPL-9_sup(  695): 9 axis sensor fusion not available - No compass detected.
I/MPL-mldl_cfg_mpu:(  695): inv_mpu_resume(,,,,0070) -> 0070
E/Sensors (  695): accelHandler -0.359253 -0.595162 9.638756
E/Sensors (  695): accelHandler -0.323328 -0.613125 9.623188
E/Sensors (  695): accelHandler -0.350870 -0.595162 9.629176
E/Sensors (  695): accelHandler -0.332908 -0.595162 9.600436
V/Sensors (  695): enable - sensor Accelerometer (handle 4) en -> dis
E/Sensors (  695): mEnabled = 0
V/Sensors (  695): setDelay - sensor Accelerometer (handle 4), rate 20 ms (50.00 Hz)
E/Sensors (  695): activatePendingSensors : mEnabled = 0
E/Sensors (  695): requested_sensors(70) from kernel
I/MPL-mldl_cfg_mpu:(  695): inv_mpu_suspend(,,,,7fff) -> 0000
V/Sensors (  695): calling inv_set_mpu_sensors(000000)
V/Sensors (  695): Starting DMP
W/MPL-9_sup(  695): 9 axis sensor fusion not available - No compass detected.
I/MPL-mldl_cfg_mpu:(  695): inv_mpu_resume(,,,,0000) -> 0000
V/Sensors (  695): Stopping DMP
I/MPL-mldl_cfg_mpu:(  695): inv_mpu_suspend(,,,,7fff) -> 0000
I/auditd  (18355): Starting up
E/auditd  (18355): Failed on audit_set_pid with error: Protocol not supported
I/auditd  (18355): Exiting
E/        (  695): ../../accel.c|inv_get_accel_offset|211 returning 19
V/Sensors (  695): enable - sensor Accelerometer (handle 4) dis -> en
E/Sensors (  695): mEnabled = 10
V/Sensors (  695): setDelay - sensor Accelerometer (handle 4), rate 200 ms (5.00 Hz)
V/Sensors (  695): setDelay - sensor Accelerometer (handle 4), rate 20 ms (50.00 Hz)
E/Sensors (  695): activatePendingSensors : mEnabled = 10
E/Sensors (  695): requested_sensors(0) from kernel
V/Sensors (  695): calling inv_set_mpu_sensors(000070)
I/MPL-fifo(  695): Actual ODR: 50000 mHz
E/Sensors (  695): set fifo rate - divider : 3, delay : 20 ms (50.00 Hz)
I/MPL-fifo(  695): Actual ODR: 50000 mHz
V/Sensors (  695): Starting DMP
W/MPL-9_sup(  695): 9 axis sensor fusion not available - No compass detected.
I/MPL-mldl_cfg_mpu:(  695): inv_mpu_resume(,,,,0070) -> 0070
E/Sensors (  695): accelHandler -0.331710 -0.580792 9.590856
I/auditd  (18359): Starting up
E/auditd  (18359): Failed on audit_set_pid with error: Protocol not supported
I/auditd  (18359): Exiting
E/Sensors (  695): accelHandler -0.325723 -0.584385 9.602831
E/Sensors (  695): accelHandler -0.318538 -0.556842 9.596844
E/Sensors (  695): accelHandler -0.326920 -0.570015 9.596844
V/Sensors (  695): enable - sensor Accelerometer (handle 4) en -> dis
E/Sensors (  695): mEnabled = 0
V/Sensors (  695): setDelay - sensor Accelerometer (handle 4), rate 20 ms (50.00 Hz)
E/Sensors (  695): activatePendingSensors : mEnabled = 0
E/Sensors (  695): requested_sensors(70) from kernel
I/MPL-mldl_cfg_mpu:(  695): inv_mpu_suspend(,,,,7fff) -> 0000
V/Sensors (  695): calling inv_set_mpu_sensors(000000)
V/Sensors (  695): Starting DMP
W/MPL-9_sup(  695): 9 axis sensor fusion not available - No compass detected.
I/MPL-mldl_cfg_mpu:(  695): inv_mpu_resume(,,,,0000) -> 0000
V/Sensors (  695): Stopping DMP
I/MPL-mldl_cfg_mpu:(  695): inv_mpu_suspend(,,,,7fff) -> 0000
D/dalvikvm(  946): GC_CONCURRENT freed 3386K, 22% free 12471K/15984K, paused 15ms+33ms, total 338ms
I/auditd  (18363): Starting up
E/auditd  (18363): Failed on audit_set_pid with error: Protocol not supported
I/auditd  (18363): Exiting
E/        (  695): ../../accel.c|inv_get_accel_offset|211 returning 19
V/Sensors (  695): enable - sensor Accelerometer (handle 4) dis -> en
E/Sensors (  695): mEnabled = 10
V/Sensors (  695): setDelay - sensor Accelerometer (handle 4), rate 200 ms (5.00 Hz)
V/Sensors (  695): setDelay - sensor Accelerometer (handle 4), rate 20 ms (50.00 Hz)
E/Sensors (  695): activatePendingSensors : mEnabled = 10
E/Sensors (  695): requested_sensors(0) from kernel
V/Sensors (  695): calling inv_set_mpu_sensors(000070)
I/MPL-fifo(  695): Actual ODR: 50000 mHz
E/Sensors (  695): set fifo rate - divider : 3, delay : 20 ms (50.00 Hz)
I/MPL-fifo(  695): Actual ODR: 50000 mHz
V/Sensors (  695): Starting DMP
W/MPL-9_sup(  695): 9 axis sensor fusion not available - No compass detected.
I/MPL-mldl_cfg_mpu:(  695): inv_mpu_resume(,,,,0070) -> 0070
E/Sensors (  695): accelHandler -0.304167 -0.580792 9.605226
I/auditd  (18367): Starting up
E/auditd  (18367): Failed on audit_set_pid with error: Protocol not supported
I/auditd  (18367): Exiting
E/Sensors (  695): accelHandler -0.306563 -0.564027 9.616003
E/Sensors (  695): accelHandler -0.324525 -0.562830 9.589658
V/Sensors (  695): enable - sensor Accelerometer (handle 4) en -> dis
E/Sensors (  695): mEnabled = 0
V/Sensors (  695): setDelay - sensor Accelerometer (handle 4), rate 20 ms (50.00 Hz)
E/Sensors (  695): activatePendingSensors : mEnabled = 0
E/Sensors (  695): requested_sensors(70) from kernel
I/MPL-mldl_cfg_mpu:(  695): inv_mpu_suspend(,,,,7fff) -> 0000
V/Sensors (  695): calling inv_set_mpu_sensors(000000)
V/Sensors (  695): Starting DMP
W/MPL-9_sup(  695): 9 axis sensor fusion not available - No compass detected.
I/MPL-mldl_cfg_mpu:(  695): inv_mpu_resume(,,,,0000) -> 0000
V/Sensors (  695): Stopping DMP
I/MPL-mldl_cfg_mpu:(  695): inv_mpu_suspend(,,,,7fff) -> 0000
E/MP-Decision( 1354): UP Ld:6 Nw:1.990000 Tw:140 rq:2.500000 seq:147.000000
E/MP-Decision( 1354): DOWN Ld:6 Ns:1.100000 Ts:190 rq:1.000000 seq:339.000000
I/auditd  (18379): Starting up
E/auditd  (18379): Failed on audit_set_pid with error: Protocol not supported
I/auditd  (18379): Exiting
I/auditd  (18382): Starting up
E/auditd  (18382): Failed on audit_set_pid with error: Protocol not supported
I/auditd  (18382): Exiting
E/MP-Decision( 1354): UP Ld:6 Nw:1.990000 Tw:140 rq:2.200000 seq:147.000000
E/MP-Decision( 1354): DOWN Ld:11 Ns:1.100000 Ts:190 rq:0.000000 seq:573.000000
I/auditd  (18394): Starting up
E/auditd  (18394): Failed on audit_set_pid with error: Protocol not supported
I/auditd  (18394): Exiting
I/auditd  (18397): Starting up
E/auditd  (18397): Failed on audit_set_pid with error: Protocol not supported
I/auditd  (18397): Exiting
I/auditd  (18400): Starting up
E/auditd  (18400): Failed on audit_set_pid with error: Protocol not supported
I/auditd  (18400): Exiting
I/auditd  (18403): Starting up
E/auditd  (18403): Failed on audit_set_pid with error: Protocol not supported
I/auditd  (18403): Exiting
I/auditd  (18406): Starting up
E/auditd  (18406): Failed on audit_set_pid with error: Protocol not supported
I/auditd  (18406): Exiting
I/auditd  (18409): Starting up
E/auditd  (18409): Failed on audit_set_pid with error: Protocol not supported
I/auditd  (18409): Exiting
I/auditd  (18412): Starting up
E/auditd  (18412): Failed on audit_set_pid with error: Protocol not supported
I/auditd  (18412): Exiting
I/auditd  (18415): Starting up
E/auditd  (18415): Failed on audit_set_pid with error: Protocol not supported
I/auditd  (18415): Exiting
I/auditd  (18418): Starting up
E/auditd  (18418): Failed on audit_set_pid with error: Protocol not supported
I/auditd  (18418): Exiting
I/auditd  (18421): Starting up
E/auditd  (18421): Failed on audit_set_pid with error: Protocol not supported
I/auditd  (18421): Exiting
I/auditd  (18424): Starting up
E/auditd  (18424): Failed on audit_set_pid with error: Protocol not supported
I/auditd  (18424): Exiting
I/auditd  (18427): Starting up
E/auditd  (18427): Failed on audit_set_pid with error: Protocol not supported
I/auditd  (18427): Exiting
I/auditd  (18430): Starting up
E/auditd  (18430): Failed on audit_set_pid with error: Protocol not supported
I/auditd  (18430): Exiting
I/auditd  (18433): Starting up
E/auditd  (18433): Failed on audit_set_pid with error: Protocol not supported
I/auditd  (18433): Exiting
I/auditd  (18436): Starting up
E/auditd  (18436): Failed on audit_set_pid with error: Protocol not supported
I/auditd  (18436): Exiting
I/auditd  (18439): Starting up
E/auditd  (18439): Failed on audit_set_pid with error: Protocol not supported
I/auditd  (18439): Exiting
I/auditd  (18442): Starting up
E/auditd  (18442): Failed on audit_set_pid with error: Protocol not supported
I/auditd  (18442): Exiting
I/auditd  (18445): Starting up
E/auditd  (18445): Failed on audit_set_pid with error: Protocol not supported
I/auditd  (18445): Exiting
I/auditd  (18448): Starting up
E/auditd  (18448): Failed on audit_set_pid with error: Protocol not supported
I/auditd  (18448): Exiting
I/auditd  (18451): Starting up
E/auditd  (18451): Failed on audit_set_pid with error: Protocol not supported
I/auditd  (18451): Exiting
I/auditd  (18454): Starting up
E/auditd  (18454): Failed on audit_set_pid with error: Protocol not supported
I/auditd  (18454): Exiting
I/auditd  (18457): Starting up
E/auditd  (18457): Failed on audit_set_pid with error: Protocol not supported
I/auditd  (18457): Exiting
I/auditd  (18460): Starting up
E/auditd  (18460): Failed on audit_set_pid with error: Protocol not supported
I/auditd  (18460): Exiting
I/auditd  (18463): Starting up
E/auditd  (18463): Failed on audit_set_pid with error: Protocol not supported
I/auditd  (18463): Exiting
I/auditd  (18466): Starting up
E/auditd  (18466): Failed on audit_set_pid with error: Protocol not supported
I/auditd  (18466): Exiting
I/auditd  (18469): Starting up
E/auditd  (18469): Failed on audit_set_pid with error: Protocol not supported
I/auditd  (18469): Exiting
E/LocSvc_eng(  695): I/===> int loc_eng_set_position_mode(loc_eng_data_s_type&, LocPosMode&) line 662 
E/LocSvc_utils_q(  695): D/msg_q_snd: Sending message with handle = 0x78332FE0
E/LocSvc_utils_ll(  695): D/linked_list_add: Adding to list data_obj = 0x78332FE0
E/LocSvc_utils_ll(  695): D/linked_list_remove: Removing from list
E/LocSvc_utils_q(  695): D/msg_q_rcv: Received message 0x78332FE0 rv = 0
E/LocSvc_eng(  695): D/void loc_eng_deferred_action_thread(void*):1361] received msg_id = LOC_ENG_MSG_SET_POSITION_MODE context = 0x74d839a0
E/LocSvc_eng(  695): D/void loc_eng_deferred_action_thread(void*):1348] 57375 listening ...
E/LocSvc_utils_q(  695): D/msg_q_rcv: Waiting on message
E/LocSvc_utils_q(  695): D/msg_q_snd: Finished Sending message with handle = 0x78332FE0
E/LocSvc_eng(  695): I/===> int loc_eng_start(loc_eng_data_s_type&) line 523 
E/LocSvc_utils_q(  695): D/msg_q_snd: Sending message with handle = 0x7A5541B0
E/LocSvc_utils_ll(  695): D/linked_list_add: Adding to list data_obj = 0x7A5541B0
E/LocSvc_utils_ll(  695): D/linked_list_remove: Removing from list
E/LocSvc_utils_q(  695): D/msg_q_rcv: Received message 0x7A5541B0 rv = 0
E/LocSvc_eng(  695): D/void loc_eng_deferred_action_thread(void*):1361] received msg_id = LOC_ENG_MSG_START_FIX context = 0x74d839a0
E/LocSvc_api_v02(  695): I/---> locClientSendReq line 1963 QMI_LOC_SET_OPERATION_MODE_REQ_V02
E/LocSvc_utils_q(  695): D/msg_q_snd: Finished Sending message with handle = 0x7A5541B0
E/LocSvc_adapter(  695): I/<--- void globalRespCb(locClientHandleType, uint32_t, locClientRespIndUnionType, void*) line 115 QMI_LOC_SET_OPERATION_MODE_REQ_V02
E/LocSvc_api_v02(  695): D/loc_free_slot:298]: freeing slot 0
E/LocSvc_api_v02(  695): I/---> locClientSendReq line 1963 QMI_LOC_START_REQ_V02
D/QMI_FW  (  695): QCCI: QMI_CCI_TX: cntl_flag - 00, txn_id - 00f7, msg_id - 004a, msg_len - 0007
D/QMI_FW  (  695): QCCI: Sent[209]: 14 bytes to port 3072
D/QMI_FW  (  695): QCCI: reader_thread: Received 14 bytes from 209
D/QMI_FW  (  695): QCCI: QMI_CCI_RX: cntl_flag - 02, txn_id - 00f7, msg_id - 004a, msg_len - 0007
D/QMI_FW  (  695): QCCI: reader_thread: Received 14 bytes from 209
D/QMI_FW  (  695): QCCI: QMI_CCI_RX: cntl_flag - 04, txn_id - 0000, msg_id - 004a, msg_len - 0007
D/QMI_FW  (  695): QCCI: QMI_CCI_TX: cntl_flag - 00, txn_id - 00f8, msg_id - 0022, msg_len - 0012
D/QMI_FW  (  695): QCCI: Sent[209]: 25 bytes to port 3072
E/LocSvc_eng(  695): I/<=== status_cb line 802 GPS_STATUS_SESSION_BEGIN
E/LocSvc_eng(  695): D/void loc_eng_deferred_action_thread(void*):1348] 57376 listening ...
E/LocSvc_utils_q(  695): D/msg_q_rcv: Waiting on message
D/QMI_FW  (  695): QCCI: reader_thread: Received 14 bytes from 209
D/QMI_FW  (  695): QCCI: QMI_CCI_RX: cntl_flag - 02, txn_id - 00f8, msg_id - 0022, msg_len - 0007
E/LocSvc_adapter(  695): I/<--- void globalEventCb(locClientHandleType, uint32_t, locClientEventIndUnionType, void*) line 88 QMI_LOC_EVENT_FIX_SESSION_STATE_IND_V02
E/LocSvc_utils_q(  695): D/msg_q_snd: Sending message with handle = 0x789D79A0
E/LocSvc_utils_ll(  695): D/linked_list_add: Adding to list data_obj = 0x789D79A0
D/QMI_FW  (  695): QCCI: reader_thread: Received 14 bytes from 209
D/QMI_FW  (  695): QCCI: QMI_CCI_RX: cntl_flag - 04, txn_id - 0000, msg_id - 002c, msg_len - 0007
E/LocSvc_utils_ll(  695): D/linked_list_remove: Removing from list
E/LocSvc_utils_q(  695): D/msg_q_rcv: Received message 0x789D79A0 rv = 0
E/LocSvc_eng(  695): D/void loc_eng_deferred_action_thread(void*):1361] received msg_id = LOC_ENG_MSG_REPORT_STATUS context = 0x74d839a0
E/LocSvc_eng(  695): I/<=== status_cb line 802 GPS_STATUS_SESSION_BEGIN
E/LocSvc_eng(  695): D/void loc_eng_deferred_action_thread(void*):1348] 57377 listening ...
E/LocSvc_utils_q(  695): D/msg_q_rcv: Waiting on message
E/LocSvc_utils_q(  695): D/msg_q_snd: Finished Sending message with handle = 0x789D79A0
E/LocSvc_adapter(  695): I/<--- void globalEventCb(locClientHandleType, uint32_t, locClientEventIndUnionType, void*) line 88 QMI_LOC_EVENT_ENGINE_STATE_IND_V02
E/LocSvc_utils_q(  695): D/msg_q_snd: Sending message with handle = 0x78647D30
E/LocSvc_utils_ll(  695): D/linked_list_add: Adding to list data_obj = 0x78647D30
E/LocSvc_utils_ll(  695): D/linked_list_remove: Removing from list
E/LocSvc_utils_q(  695): D/msg_q_rcv: Received message 0x78647D30 rv = 0
E/LocSvc_eng(  695): D/void loc_eng_deferred_action_thread(void*):1361] received msg_id = LOC_ENG_MSG_REPORT_STATUS context = 0x74d839a0
E/LocSvc_eng(  695): I/<=== status_cb line 802 GPS_STATUS_ENGINE_ON
E/LocSvc_eng(  695): D/void loc_eng_deferred_action_thread(void*):1348] 57378 listening ...
E/LocSvc_utils_q(  695): D/msg_q_rcv: Waiting on message
E/LocSvc_utils_q(  695): D/msg_q_snd: Finished Sending message with handle = 0x78647D30
D/QMI_FW  (  695): QCCI: reader_thread: Received 14 bytes from 209
D/QMI_FW  (  695): QCCI: QMI_CCI_RX: cntl_flag - 04, txn_id - 0000, msg_id - 002b, msg_len - 0007
E/LocSvc_adapter(  695): I/<--- void globalEventCb(locClientHandleType, uint32_t, locClientEventIndUnionType, void*) line 88 QMI_LOC_EVENT_NMEA_IND_V02
E/LocSvc_utils_q(  695): D/msg_q_snd: Sending message with handle = 0x78647D30
E/LocSvc_utils_ll(  695): D/linked_list_add: Adding to list data_obj = 0x78647D30
E/LocSvc_utils_ll(  695): D/linked_list_remove: Removing from list
E/LocSvc_utils_q(  695): D/msg_q_rcv: Received message 0x78647D30 rv = 0
E/LocSvc_eng(  695): D/void loc_eng_deferred_action_thread(void*):1361] received msg_id = LOC_ENG_MSG_REPORT_NMEA context = 0x74d839a0
E/LocSvc_eng(  695): I/<=== nmea_cb line 1598 0x774456a8
E/LocSvc_eng(  695): D/void loc_eng_deferred_action_thread(void*):1348] 57379 listening ...
E/LocSvc_utils_q(  695): D/msg_q_rcv: Waiting on message
E/LocSvc_utils_q(  695): D/msg_q_snd: Finished Sending message with handle = 0x78647D30
E/LocSvc_adapter(  695): I/<--- void globalEventCb(locClientHandleType, uint32_t, locClientEventIndUnionType, void*) line 88 QMI_LOC_EVENT_NMEA_IND_V02
E/LocSvc_utils_q(  695): D/msg_q_snd: Sending message with handle = 0x78647D30
E/LocSvc_utils_ll(  695): D/linked_list_add: Adding to list data_obj = 0x78647D30
E/LocSvc_utils_ll(  695): D/linked_list_remove: Removing from list
E/LocSvc_utils_q(  695): D/msg_q_rcv: Received message 0x78647D30 rv = 0
E/LocSvc_eng(  695): D/void loc_eng_deferred_action_thread(void*):1361] received msg_id = LOC_ENG_MSG_REPORT_NMEA context = 0x74d839a0
E/LocSvc_eng(  695): I/<=== nmea_cb line 1598 0x7bcc1378
E/LocSvc_eng(  695): D/void loc_eng_deferred_action_thread(void*):1348] 57380 listening ...
E/LocSvc_utils_q(  695): D/msg_q_rcv: Waiting on message
E/LocSvc_utils_q(  695): D/msg_q_snd: Finished Sending message with handle = 0x78647D30
E/LocSvc_adapter(  695): I/<--- void globalEventCb(locClientHandleType, uint32_t, locClientEventIndUnionType, void*) line 88 QMI_LOC_EVENT_NMEA_IND_V02
E/LocSvc_utils_q(  695): D/msg_q_snd: Sending message with handle = 0x78647D30
E/LocSvc_utils_ll(  695): D/linked_list_add: Adding to list data_obj = 0x78647D30
E/LocSvc_utils_ll(  695): D/linked_list_remove: Removing from list
E/LocSvc_utils_q(  695): D/msg_q_rcv: Received message 0x78647D30 rv = 0
E/LocSvc_eng(  695): D/void loc_eng_deferred_action_thread(void*):1361] received msg_id = LOC_ENG_MSG_REPORT_NMEA context = 0x74d839a0
E/LocSvc_eng(  695): I/<=== nmea_cb line 1598 0x774456a8
E/LocSvc_eng(  695): D/void loc_eng_deferred_action_thread(void*):1348] 57381 listening ...
E/LocSvc_utils_q(  695): D/msg_q_rcv: Waiting on message
E/LocSvc_utils_q(  695): D/msg_q_snd: Finished Sending message with handle = 0x78647D30
E/LocSvc_adapter(  695): I/<--- void globalEventCb(locClientHandleType, uint32_t, locClientEventIndUnionType, void*) line 88 QMI_LOC_EVENT_NMEA_IND_V02
E/LocSvc_utils_q(  695): D/msg_q_snd: Sending message with handle = 0x78647D30
E/LocSvc_utils_ll(  695): D/linked_list_add: Adding to list data_obj = 0x78647D30
E/LocSvc_utils_ll(  695): D/linked_list_remove: Removing from list
E/LocSvc_utils_q(  695): D/msg_q_rcv: Received message 0x78647D30 rv = 0
E/LocSvc_eng(  695): D/void loc_eng_deferred_action_thread(void*):1361] received msg_id = LOC_ENG_MSG_REPORT_NMEA context = 0x74d839a0
E/LocSvc_eng(  695): I/<=== nmea_cb line 1598 0x7a41d350
E/LocSvc_eng(  695): D/void loc_eng_deferred_action_thread(void*):1348] 57382 listening ...
E/LocSvc_utils_q(  695): D/msg_q_rcv: Waiting on message
E/LocSvc_utils_q(  695): D/msg_q_snd: Finished Sending message with handle = 0x78647D30
E/LocSvc_adapter(  695): I/<--- void globalEventCb(locClientHandleType, uint32_t, locClientEventIndUnionType, void*) line 88 QMI_LOC_EVENT_NMEA_IND_V02
E/LocSvc_utils_q(  695): D/msg_q_snd: Sending message with handle = 0x78647D30
E/LocSvc_utils_ll(  695): D/linked_list_add: Adding to list data_obj = 0x78647D30
E/LocSvc_utils_ll(  695): D/linked_list_remove: Removing from list
E/LocSvc_utils_q(  695): D/msg_q_rcv: Received message 0x78647D30 rv = 0
E/LocSvc_eng(  695): D/void loc_eng_deferred_action_thread(void*):1361] received msg_id = LOC_ENG_MSG_REPORT_NMEA context = 0x74d839a0
E/LocSvc_eng(  695): I/<=== nmea_cb line 1598 0x774456a8
E/LocSvc_eng(  695): D/void loc_eng_deferred_action_thread(void*):1348] 57383 listening ...
E/LocSvc_utils_q(  695): D/msg_q_rcv: Waiting on message
E/LocSvc_utils_q(  695): D/msg_q_snd: Finished Sending message with handle = 0x78647D30
E/LocSvc_adapter(  695): I/<--- void globalEventCb(locClientHandleType, uint32_t, locClientEventIndUnionType, void*) line 88 QMI_LOC_EVENT_NMEA_IND_V02
E/LocSvc_utils_q(  695): D/msg_q_snd: Sending message with handle = 0x78647D30
E/LocSvc_utils_ll(  695): D/linked_list_add: Adding to list data_obj = 0x78647D30
D/QMI_FW  (  695): QCCI: reader_thread: Received 80 bytes from 209
D/QMI_FW  (  695): QCCI: QMI_CCI_RX: cntl_flag - 04, txn_id - 0000, msg_id - 0026, msg_len - 0049
D/QMI_FW  (  695): QCCI: reader_thread: Received 67 bytes from 209
D/QMI_FW  (  695): QCCI: QMI_CCI_RX: cntl_flag - 04, txn_id - 0000, msg_id - 0026, msg_len - 003c
D/QMI_FW  (  695): QCCI: reader_thread: Received 72 bytes from 209
D/QMI_FW  (  695): QCCI: QMI_CCI_RX: cntl_flag - 04, txn_id - 0000, msg_id - 0026, msg_len - 0041
D/QMI_FW  (  695): QCCI: reader_thread: Received 61 bytes from 209
D/QMI_FW  (  695): QCCI: QMI_CCI_RX: cntl_flag - 04, txn_id - 0000, msg_id - 0026, msg_len - 0036
D/QMI_FW  (  695): QCCI: reader_thread: Received 78 bytes from 209
D/QMI_FW  (  695): QCCI: QMI_CCI_RX: cntl_flag - 04, txn_id - 0000, msg_id - 0026, msg_len - 0047
D/QMI_FW  (  695): QCCI: reader_thread: Received 72 bytes from 209
D/QMI_FW  (  695): QCCI: QMI_CCI_RX: cntl_flag - 04, txn_id - 0000, msg_id - 0026, msg_len - 0041
E/LocSvc_utils_ll(  695): D/linked_list_remove: Removing from list
E/LocSvc_utils_q(  695): D/msg_q_rcv: Received message 0x78647D30 rv = 0
E/LocSvc_eng(  695): D/void loc_eng_deferred_action_thread(void*):1361] received msg_id = LOC_ENG_MSG_REPORT_NMEA context = 0x74d839a0
E/LocSvc_eng(  695): I/<=== nmea_cb line 1598 0x774456a8
E/LocSvc_eng(  695): D/void loc_eng_deferred_action_thread(void*):1348] 57384 listening ...
E/LocSvc_utils_q(  695): D/msg_q_rcv: Waiting on message
E/LocSvc_utils_q(  695): D/msg_q_snd: Finished Sending message with handle = 0x78647D30
E/LocSvc_adapter(  695): I/<--- void globalEventCb(locClientHandleType, uint32_t, locClientEventIndUnionType, void*) line 88 QMI_LOC_EVENT_NMEA_IND_V02
E/LocSvc_utils_q(  695): D/msg_q_snd: Sending message with handle = 0x78647D30
E/LocSvc_utils_ll(  695): D/linked_list_add: Adding to list data_obj = 0x78647D30
E/LocSvc_utils_ll(  695): D/linked_list_remove: Removing from list
E/LocSvc_utils_q(  695): D/msg_q_rcv: Received message 0x78647D30 rv = 0
E/LocSvc_eng(  695): D/void loc_eng_deferred_action_thread(void*):1361] received msg_id = LOC_ENG_MSG_REPORT_NMEA context = 0x74d839a0
E/LocSvc_eng(  695): I/<=== nmea_cb line 1598 0x774456a8
E/LocSvc_eng(  695): D/void loc_eng_deferred_action_thread(void*):1348] 57385 listening ...
E/LocSvc_utils_q(  695): D/msg_q_rcv: Waiting on message
E/LocSvc_utils_q(  695): D/msg_q_snd: Finished Sending message with handle = 0x78647D30
E/LocSvc_adapter(  695): I/<--- void globalEventCb(locClientHandleType, uint32_t, locClientEventIndUnionType, void*) line 88 QMI_LOC_EVENT_GNSS_SV_INFO_IND_V02
E/LocSvc_utils_q(  695): D/msg_q_snd: Sending message with handle = 0x7A07AD00
E/LocSvc_utils_ll(  695): D/linked_list_add: Adding to list data_obj = 0x7A07AD00
E/LocSvc_utils_ll(  695): D/linked_list_remove: Removing from list
E/LocSvc_utils_q(  695): D/msg_q_rcv: Received message 0x7A07AD00 rv = 0
E/LocSvc_eng(  695): D/void loc_eng_deferred_action_thread(void*):1361] received msg_id = LOC_ENG_MSG_REPORT_SV context = 0x74d839a0
E/LocSvc_afw(  695): I/<=== sv_status_cb - line 986 24
E/LocSvc_eng(  695): D/void loc_eng_deferred_action_thread(void*):1348] 57386 listening ...
E/LocSvc_utils_q(  695): D/msg_q_rcv: Waiting on message
D/QMI_FW  (  695): QCCI: reader_thread: Received 39 bytes from 209
D/QMI_FW  (  695): QCCI: QMI_CCI_RX: cntl_flag - 04, txn_id - 0000, msg_id - 0026, msg_len - 0020
D/QMI_FW  (  695): QCCI: reader_thread: Received 687 bytes from 209
D/QMI_FW  (  695): QCCI: QMI_CCI_RX: cntl_flag - 04, txn_id - 0000, msg_id - 0025, msg_len - 02a8
E/LocSvc_utils_q(  695): D/msg_q_snd: Finished Sending message with handle = 0x7A07AD00
E/LocSvc_adapter(  695): I/<--- void globalEventCb(locClientHandleType, uint32_t, locClientEventIndUnionType, void*) line 88 QMI_LOC_EVENT_NMEA_IND_V02
E/LocSvc_utils_q(  695): D/msg_q_snd: Sending message with handle = 0x78647D30
E/LocSvc_utils_ll(  695): D/linked_list_add: Adding to list data_obj = 0x78647D30
E/LocSvc_utils_ll(  695): D/linked_list_remove: Removing from list
E/LocSvc_utils_q(  695): D/msg_q_rcv: Received message 0x78647D30 rv = 0
E/LocSvc_eng(  695): D/void loc_eng_deferred_action_thread(void*):1361] received msg_id = LOC_ENG_MSG_REPORT_NMEA context = 0x74d839a0
E/LocSvc_eng(  695): I/<=== nmea_cb line 1598 0x774456a8
E/LocSvc_eng(  695): D/void loc_eng_deferred_action_thread(void*):1348] 57387 listening ...
E/LocSvc_utils_q(  695): D/msg_q_rcv: Waiting on message
E/LocSvc_utils_q(  695): D/msg_q_snd: Finished Sending message with handle = 0x78647D30
E/LocSvc_adapter(  695): I/<--- void globalEventCb(locClientHandleType, uint32_t, locClientEventIndUnionType, void*) line 88 QMI_LOC_EVENT_NMEA_IND_V02
E/LocSvc_utils_q(  695): D/msg_q_snd: Sending message with handle = 0x78647D30
E/LocSvc_utils_ll(  695): D/linked_list_add: Adding to list data_obj = 0x78647D30
E/LocSvc_utils_ll(  695): D/linked_list_remove: Removing from list
E/LocSvc_utils_q(  695): D/msg_q_rcv: Received message 0x78647D30 rv = 0
E/LocSvc_eng(  695): D/void loc_eng_deferred_action_thread(void*):1361] received msg_id = LOC_ENG_MSG_REPORT_NMEA context = 0x74d839a0
E/LocSvc_eng(  695): I/<=== nmea_cb line 1598 0x774456a8
E/LocSvc_eng(  695): D/void loc_eng_deferred_action_thread(void*):1348] 57388 listening ...
E/LocSvc_utils_q(  695): D/msg_q_rcv: Waiting on message
E/LocSvc_utils_q(  695): D/msg_q_snd: Finished Sending message with handle = 0x78647D30
E/LocSvc_adapter(  695): I/<--- void globalEventCb(locClientHandleType, uint32_t, locClientEventIndUnionType, void*) line 88 QMI_LOC_EVENT_NMEA_IND_V02
E/LocSvc_utils_q(  695): D/msg_q_snd: Sending message with handle = 0x78647D30
E/LocSvc_utils_ll(  695): D/linked_list_add: Adding to list data_obj = 0x78647D30
E/LocSvc_utils_ll(  695): D/linked_list_remove: Removing from list
E/LocSvc_utils_q(  695): D/msg_q_rcv: Received message 0x78647D30 rv = 0
E/LocSvc_eng(  695): D/void loc_eng_deferred_action_thread(void*):1361] received msg_id = LOC_ENG_MSG_REPORT_NMEA context = 0x74d839a0
E/LocSvc_eng(  695): I/<=== nmea_cb line 1598 0x7742b060
E/LocSvc_eng(  695): D/void loc_eng_deferred_action_thread(void*):1348] 57389 listening ...
E/LocSvc_utils_q(  695): D/msg_q_rcv: Waiting on message
E/LocSvc_utils_q(  695): D/msg_q_snd: Finished Sending message with handle = 0x78647D30
E/LocSvc_adapter(  695): I/<--- void globalEventCb(locClientHandleType, uint32_t, locClientEventIndUnionType, void*) line 88 QMI_LOC_EVENT_NMEA_IND_V02
E/LocSvc_utils_q(  695): D/msg_q_snd: Sending message with handle = 0x78647D30
E/LocSvc_utils_ll(  695): D/linked_list_add: Adding to list data_obj = 0x78647D30
E/LocSvc_utils_ll(  695): D/linked_list_remove: Removing from list
E/LocSvc_utils_q(  695): D/msg_q_rcv: Received message 0x78647D30 rv = 0
E/LocSvc_eng(  695): D/void loc_eng_deferred_action_thread(void*):1361] received msg_id = LOC_ENG_MSG_REPORT_NMEA context = 0x74d839a0
E/LocSvc_eng(  695): I/<=== nmea_cb line 1598 0x774456a8
E/LocSvc_eng(  695): D/void loc_eng_deferred_action_thread(void*):1348] 57390 listening ...
E/LocSvc_utils_q(  695): D/msg_q_rcv: Waiting on message
E/LocSvc_utils_q(  695): D/msg_q_snd: Finished Sending message with handle = 0x78647D30
E/LocSvc_adapter(  695): I/<--- void globalEventCb(locClientHandleType, uint32_t, locClientEventIndUnionType, void*) line 88 QMI_LOC_EVENT_NMEA_IND_V02
E/LocSvc_utils_q(  695): D/msg_q_snd: Sending message with handle = 0x78647D30
E/LocSvc_utils_ll(  695): D/linked_list_add: Adding to list data_obj = 0x78647D30
E/LocSvc_utils_ll(  695): D/linked_list_remove: Removing from list
E/LocSvc_utils_q(  695): D/msg_q_rcv: Received message 0x78647D30 rv = 0
E/LocSvc_eng(  695): D/void loc_eng_deferred_action_thread(void*):1361] received msg_id = LOC_ENG_MSG_REPORT_NMEA context = 0x74d839a0
E/LocSvc_eng(  695): I/<=== nmea_cb line 1598 0x7742b060
E/LocSvc_eng(  695): D/void loc_eng_deferred_action_thread(void*):1348] 57391 listening ...
E/LocSvc_utils_q(  695): D/msg_q_rcv: Waiting on message
E/LocSvc_utils_q(  695): D/msg_q_snd: Finished Sending message with handle = 0x78647D30
E/LocSvc_adapter(  695): I/<--- void globalEventCb(locClientHandleType, uint32_t, locClientEventIndUnionType, void*) line 88 QMI_LOC_EVENT_NMEA_IND_V02
E/LocSvc_utils_q(  695): D/msg_q_snd: Sending message with handle = 0x78647D30
E/LocSvc_utils_ll(  695): D/linked_list_add: Adding to list data_obj = 0x78647D30
E/LocSvc_utils_ll(  695): D/linked_list_remove: Removing from list
E/LocSvc_utils_q(  695): D/msg_q_rcv: Received message 0x78647D30 rv = 0
E/LocSvc_eng(  695): D/void loc_eng_deferred_action_thread(void*):1361] received msg_id = LOC_ENG_MSG_REPORT_NMEA context = 0x74d839a0
E/LocSvc_eng(  695): I/<=== nmea_cb line 1598 0x7742b060
E/LocSvc_eng(  695): D/void loc_eng_deferred_action_thread(void*):1348] 57392 listening ...
E/LocSvc_utils_q(  695): D/msg_q_rcv: Waiting on message
E/LocSvc_utils_q(  695): D/msg_q_snd: Finished Sending message with handle = 0x78647D30
E/LocSvc_adapter(  695): I/<--- void globalEventCb(locClientHandleType, uint32_t, locClientEventIndUnionType, void*) line 88 QMI_LOC_EVENT_NMEA_IND_V02
E/LocSvc_utils_q(  695): D/msg_q_snd: Sending message with handle = 0x78647D30
E/LocSvc_utils_ll(  695): D/linked_list_add: Adding to list data_obj = 0x78647D30
E/LocSvc_utils_ll(  695): D/linked_list_remove: Removing from list
E/LocSvc_utils_q(  695): D/msg_q_rcv: Received message 0x78647D30 rv = 0
E/LocSvc_eng(  695): D/void loc_eng_deferred_action_thread(void*):1361] received msg_id = LOC_ENG_MSG_REPORT_NMEA context = 0x74d839a0
E/LocSvc_eng(  695): I/<=== nmea_cb line 1598 0x7742b060
E/LocSvc_eng(  695): D/void loc_eng_deferred_action_thread(void*):1348] 57393 listening ...
E/LocSvc_utils_q(  695): D/msg_q_rcv: Waiting on message
E/LocSvc_utils_q(  695): D/msg_q_snd: Finished Sending message with handle = 0x78647D30
E/LocSvc_adapter(  695): I/<--- void globalEventCb(locClientHandleType, uint32_t, locClientEventIndUnionType, void*) line 88 QMI_LOC_EVENT_GNSS_SV_INFO_IND_V02
E/LocSvc_utils_q(  695): D/msg_q_snd: Sending message with handle = 0x789F7E20
E/LocSvc_utils_ll(  695): D/linked_list_add: Adding to list data_obj = 0x789F7E20
E/LocSvc_utils_ll(  695): D/linked_list_remove: Removing from list
E/LocSvc_utils_q(  695): D/msg_q_rcv: Received message 0x789F7E20 rv = 0
E/LocSvc_eng(  695): D/void loc_eng_deferred_action_thread(void*):1361] received msg_id = LOC_ENG_MSG_REPORT_SV context = 0x74d839a0
E/LocSvc_afw(  695): I/<=== sv_status_cb - line 986 24
D/QMI_FW  (  695): QCCI: reader_thread: Received 87 bytes from 209
D/QMI_FW  (  695): QCCI: QMI_CCI_RX: cntl_flag - 04, txn_id - 0000, msg_id - 0026, msg_len - 0050
D/QMI_FW  (  695): QCCI: reader_thread: Received 84 bytes from 209
D/QMI_FW  (  695): QCCI: QMI_CCI_RX: cntl_flag - 04, txn_id - 0000, msg_id - 0026, msg_len - 004d
D/QMI_FW  (  695): QCCI: reader_thread: Received 47 bytes from 209
D/QMI_FW  (  695): QCCI: QMI_CCI_RX: cntl_flag - 04, txn_id - 0000, msg_id - 0026, msg_len - 0028
D/QMI_FW  (  695): QCCI: reader_thread: Received 84 bytes from 209
D/QMI_FW  (  695): QCCI: QMI_CCI_RX: cntl_flag - 04, txn_id - 0000, msg_id - 0026, msg_len - 004d
D/QMI_FW  (  695): QCCI: reader_thread: Received 51 bytes from 209
D/QMI_FW  (  695): QCCI: QMI_CCI_RX: cntl_flag - 04, txn_id - 0000, msg_id - 0026, msg_len - 002c
D/QMI_FW  (  695): QCCI: reader_thread: Received 51 bytes from 209
D/QMI_FW  (  695): QCCI: QMI_CCI_RX: cntl_flag - 04, txn_id - 0000, msg_id - 0026, msg_len - 002c
D/QMI_FW  (  695): QCCI: reader_thread: Received 55 bytes from 209
D/QMI_FW  (  695): QCCI: QMI_CCI_RX: cntl_flag - 04, txn_id - 0000, msg_id - 0026, msg_len - 0030
D/QMI_FW  (  695): QCCI: reader_thread: Received 687 bytes from 209
D/QMI_FW  (  695): QCCI: QMI_CCI_RX: cntl_flag - 04, txn_id - 0000, msg_id - 0025, msg_len - 02a8
E/LocSvc_eng(  695): D/void loc_eng_deferred_action_thread(void*):1348] 57394 listening ...
E/LocSvc_utils_q(  695): D/msg_q_rcv: Waiting on message
E/LocSvc_utils_q(  695): D/msg_q_snd: Finished Sending message with handle = 0x789F7E20
E/LocSvc_adapter(  695): I/<--- void globalEventCb(locClientHandleType, uint32_t, locClientEventIndUnionType, void*) line 88 QMI_LOC_EVENT_POSITION_REPORT_IND_V02
E/LocSvc_utils_q(  695): D/msg_q_snd: Sending message with handle = 0x7AB3F3A8
E/LocSvc_utils_ll(  695): D/linked_list_add: Adding to list data_obj = 0x7AB3F3A8
E/LocSvc_utils_ll(  695): D/linked_list_remove: Removing from list
E/LocSvc_utils_q(  695): D/msg_q_rcv: Received message 0x7AB3F3A8 rv = 0
E/LocSvc_eng(  695): D/void loc_eng_deferred_action_thread(void*):1361] received msg_id = LOC_ENG_MSG_REPORT_POSITION context = 0x74d839a0
E/LocSvc_afw(  695): I/<=== location_cb - from line 976 2
D/QMI_FW  (  695): QCCI: reader_thread: Received 218 bytes from 209
D/QMI_FW  (  695): QCCI: QMI_CCI_RX: cntl_flag - 04, txn_id - 0000, msg_id - 0024, msg_len - 00d3
E/LocSvc_eng(  695): D/void loc_eng_deferred_action_thread(void*):1348] 57395 listening ...
E/LocSvc_utils_q(  695): D/msg_q_rcv: Waiting on message
E/LocSvc_utils_q(  695): D/msg_q_snd: Finished Sending message with handle = 0x7AB3F3A8
E/LocSvc_adapter(  695): I/<--- void globalEventCb(locClientHandleType, uint32_t, locClientEventIndUnionType, void*) line 88 QMI_LOC_EVENT_FIX_SESSION_STATE_IND_V02
E/LocSvc_utils_q(  695): D/msg_q_snd: Sending message with handle = 0x7B650E30
E/LocSvc_utils_ll(  695): D/linked_list_add: Adding to list data_obj = 0x7B650E30
E/LocSvc_utils_ll(  695): D/linked_list_remove: Removing from list
E/LocSvc_utils_q(  695): D/msg_q_rcv: Received message 0x7B650E30 rv = 0
E/LocSvc_eng(  695): D/void loc_eng_deferred_action_thread(void*):1361] received msg_id = LOC_ENG_MSG_REPORT_STATUS context = 0x74d839a0
E/LocSvc_eng(  695): D/void loc_eng_deferred_action_thread(void*):1348] 57396 listening ...
E/LocSvc_utils_q(  695): D/msg_q_rcv: Waiting on message
E/LocSvc_utils_q(  695): D/msg_q_snd: Finished Sending message with handle = 0x7B650E30
E/LocSvc_adapter(  695): I/<--- void globalEventCb(locClientHandleType, uint32_t, locClientEventIndUnionType, void*) line 88 QMI_LOC_EVENT_FIX_SESSION_STATE_IND_V02
E/LocSvc_utils_q(  695): D/msg_q_snd: Sending message with handle = 0x7B650E30
E/LocSvc_utils_ll(  695): D/linked_list_add: Adding to list data_obj = 0x7B650E30
E/LocSvc_utils_ll(  695): D/linked_list_remove: Removing from list
E/LocSvc_utils_q(  695): D/msg_q_rcv: Received message 0x7B650E30 rv = 0
E/LocSvc_eng(  695): D/void loc_eng_deferred_action_thread(void*):1361] received msg_id = LOC_ENG_MSG_REPORT_STATUS context = 0x74d839a0
E/LocSvc_eng(  695): I/<=== status_cb line 802 GPS_STATUS_SESSION_BEGIN
E/LocSvc_eng(  695): D/void loc_eng_deferred_action_thread(void*):1348] 57397 listening ...
