I/ActivityManager(  695): No longer want org.cyanogenmod.voiceplus (pid 15803): empty #17
V/MmsConfig(16228): mnc/mcc: 311480
V/MmsConfig(16228): tag: int value: maxMessageSize - 1363148
V/MmsConfig(16228): tag: int value: maxImageHeight - 2448
V/MmsConfig(16228): tag: int value: maxImageWidth - 3264
V/MmsConfig(16228): tag: bool value: enableMultipartSMS - true
V/MmsConfig(16228): tag: bool value: enableSplitSMS - false
V/MmsConfig(16228): tag: string value: userAgent - sami515
V/MmsConfig(16228): tag: string value: uaProfUrl - http://uaprof.vtext.com/sam/i515/i515.xml
I/ActivityManager(  695): Start proc com.android.settings for broadcast com.android.settings/.cmstats.ReportingServiceManager: pid=16251 uid=1000 gids={41000, 1015, 1028, 3002, 3001, 3003, 3007}
D/CMStats (16251): Waiting for next sync : 15 hours
I/ActivityManager(  695): No longer want com.android.gallery3d (pid 15682): empty #17
I/ActivityManager(  695): No longer want com.svox.pico (pid 15788): empty #17
D/ConnectivityService(  695): handleInetConditionHoldEnd: net=1, condition=100, published condition=0
D/GCM     ( 1042): GcmService start Intent { act=android.net.conn.CONNECTIVITY_CHANGE flg=0x8000010 cmp=com.google.android.gms/.gcm.GcmService (has extras) } android.net.conn.CONNECTIVITY_CHANGE
D/NewContentCheckerReceiver(13503): -----
D/NewContentCheckerReceiver(13503): onReceive() called
D/NewContentCheckerReceiver(13503): Action: android.net.conn.CONNECTIVITY_CHANGE
D/NewContentCheckerReceiver(13503): onReceive() cancelled, duplicate call
I/ActivityManager(  695): Start proc com.google.android.youtube for broadcast com.google.android.youtube/.app.prefetch.PrefetchService$DeviceStateReceiver: pid=16270 uid=10096 gids={50096, 3003, 1015, 1006, 1028}
I/auditd  (16304): Starting up
D/dalvikvm(16270): DexOpt: --- BEGIN 'ads-988530174.jar' (bootstrap=0) ---
E/auditd  (16304): Failed on audit_set_pid with error: Protocol not supported
I/auditd  (16304): Exiting
D/dalvikvm(16307): DexOpt: load 5ms, verify+opt 7ms, 144764 bytes
D/dalvikvm(11747): GC_CONCURRENT freed 551K, 68% free 3435K/10676K, paused 443ms+3ms, total 517ms
D/dalvikvm(16270): DexOpt: --- END 'ads-988530174.jar' (success) ---
D/dalvikvm(16270): DEX prep '/data/data/com.google.android.youtube/cache/ads-988530174.jar': unzip in 1ms, rewrite 106ms
E/MP-Decision( 1354): DOWN Ld:30 Ns:1.100000 Ts:190 rq:1.000000 seq:196.000000
D/dalvikvm(  695): GC_EXPLICIT freed 1754K, 29% free 30726K/42792K, paused 4ms+29ms, total 393ms
W/ProcessStats(  695): Skipping unknown process pid 16300
W/ProcessStats(  695): Skipping unknown process pid 16301
W/ProcessStats(  695): Skipping unknown process pid 16308
W/ProcessStats(  695): Skipping unknown process pid 16309
W/ProcessStats(  695): Skipping unknown process pid 16310
E/MP-Decision( 1354): UP Ld:32 Nw:1.990000 Tw:140 rq:9.100000 seq:184.000000
I/ConversionPing(16270): Sending ping: http://googleads.g.doubleclick.net/pagead/viewthroughconversion/1001680686/?label=8cu4CIrA3gMQrt7R3QM&muid=VxAcyhOk8Mwc45pAV0HqtQ
I/ActivityManager(  695): Start proc com.newegg.app for broadcast com.newegg.app/.notification.NotificationActionReceiver: pid=16333 uid=10090 gids={50090, 3003, 1006, 1015, 1028}
I/ActivityManager(  695): No longer want com.tmobile.thememanager (pid 15714): empty #17
I/UpdateCheckReceiver(16197): Got connectivity change, has connection: true
I/UpdateCheckReceiver(16197): Scheduling future, repeating update checks.
D/WeatherUpdateService(16214): Service started, but shouldn't update ... stopping
D/CMStats (16251): Waiting for next sync : 15 hours
I/ActivityManager(  695): No longer want com.google.android.partnersetup (pid 15818): empty #17
D/GCM     ( 1042): GcmService start Intent { act=android.net.conn.CONNECTIVITY_CHANGE flg=0x8000010 cmp=com.google.android.gms/.gcm.GcmService (has extras) } android.net.conn.CONNECTIVITY_CHANGE
D/NewContentCheckerReceiver(13503): -----
D/NewContentCheckerReceiver(13503): onReceive() called
D/NewContentCheckerReceiver(13503): Action: android.net.conn.CONNECTIVITY_CHANGE
D/NewContentCheckerReceiver(13503): onReceive() cancelled, duplicate call
V/SmsReceiverService(16228): onStart: #1 mResultCode: -1 = Activity.RESULT_OK
D/dalvikvm(11747): GC_CONCURRENT freed 378K, 68% free 3457K/10676K, paused 1ms+2ms, total 19ms
E/MP-Decision( 1354): DOWN Ld:14 Ns:1.100000 Ts:190 rq:0.000000 seq:375.000000
I/auditd  (16379): Starting up
E/auditd  (16379): Failed on audit_set_pid with error: Protocol not supported
I/auditd  (16379): Exiting
E/MP-Decision( 1354): UP Ld:9 Nw:1.990000 Tw:140 rq:3.500000 seq:147.000000
D/dalvikvm(  946): GC_CONCURRENT freed 3226K, 22% free 12447K/15804K, paused 41ms+12ms, total 183ms
D/dalvikvm(  946): WAIT_FOR_CONCURRENT_GC blocked 108ms
D/dalvikvm(  946): WAIT_FOR_CONCURRENT_GC blocked 115ms
I/GCoreUlr(  946): Successfully inserted location
I/GCoreUlr(  946): Not calling LocationReportingService, hasMoved: false, elapsed millis: 311666, request: Phone
E/MP-Decision( 1354): DOWN Ld:24 Ns:1.100000 Ts:190 rq:0.000000 seq:529.000000
I/auditd  (16401): Starting up
E/auditd  (16401): Failed on audit_set_pid with error: Protocol not supported
I/auditd  (16401): Exiting
I/PowerManagerService(  695): Waking up from sleep...
I/InputDispatcher(  695): Dropped event because input dispatch is disabled.
E/MP-Decision( 1354): UP Ld:9 Nw:1.990000 Tw:140 rq:5.100000 seq:146.000000
D/SurfaceFlinger(  312): Screen acquired, type=0 flinger=0xb7154478
D/qdhwcomposer(  312): hwc_blank: Unblanking display: 0
I/WindowManager(  695): Lock screen displayed!
D/qdhwcomposer(  312): hwc_blank: Done unblanking display: 0
D/SurfaceControl(  695): Excessive delay in unblankDisplay() while turning screen on: 248ms
D/AccelerometerListener(  966): enable(false)
I/auditd  (16415): Starting up
E/auditd  (16415): Failed on audit_set_pid with error: Protocol not supported
I/auditd  (16415): Exiting
D/YouTube MDX(16270): Recieved intent android.intent.action.SCREEN_ON
D/dalvikvm(  850): GC_CONCURRENT freed 3868K, 37% free 19469K/30832K, paused 3ms+7ms, total 65ms
D/PhoneStatusBar(  850): disable: < expand icons alerts ticker system_info BACK HOME recent* CLOCK search >
D/PhoneStatusBar(  850): disable: < expand icons alerts ticker system_info back* home* recent clock* search >
W/InputMethodManagerService(  695): Window already focused, ignoring focus gain of: com.android.internal.view.IInputMethodClient$Stub$Proxy@42604340 attribute=android.view.inputmethod.EditorInfo@4205c740, token = android.os.BinderProxy@41e2de90
I/ActivityManager(  695): Start proc com.android.calendar for broadcast com.android.calendar/.widget.CalendarAppWidgetService$CalendarFactory: pid=16439 uid=10009 gids={50009, 3003, 1028}
E/MP-Decision( 1354): UP Ld:34 Nw:1.990000 Tw:140 rq:2.500000 seq:147.000000
D/ExtensionsFactory(16439): No custom extensions.
I/ActivityManager(  695): Start proc com.android.deskclock for broadcast com.android.deskclock/.AlarmInitReceiver: pid=16464 uid=10015 gids={50015, 1028, 3003}
I/ActivityManager(  695): No longer want com.gau.go.launcherex.gowidget.calendarwidget (pid 15773): empty #17
I/ActivityManager(  695): Start proc com.android.providers.calendar for content provider com.android.providers.calendar/.CalendarProvider2: pid=16471 uid=10010 gids={50010, 3003, 1015, 1028}
D/dalvikvm(  695): JIT code cache reset in 1 ms (1048472 bytes 77/0)
D/dalvikvm(  695): GC_EXPLICIT freed 7521K, 41% free 25384K/42792K, paused 4ms+17ms, total 140ms
I/ActivityManager(  695): No longer want com.keramidas.TitaniumBackup (pid 15757): empty #17
E/MP-Decision( 1354): DOWN Ld:29 Ns:1.100000 Ts:190 rq:0.700000 seq:195.000000
V/AlarmClock(16464): Alarm set for id=3 07:00:00.000/Wed
V/AlarmClock(16464): Setting next alarm string in system to Wed 7:00 AM
V/AlarmClock(16464): AlarmInitReceiver finished
V/TAG     (  695): bug 7643792: fitSystemWindows([0,50][0,0])
I/ActivityManager(  695): Start proc com.gau.go.launcherex.gowidget.calendarwidget for broadcast com.gau.go.launcherex.gowidget.calendarwidget/.upgrade.ActivateReceiver: pid=16497 uid=10121 gids={50121, 1015, 3003, 1028}
D/dalvikvm(  313): GC_EXPLICIT freed 39K, 77% free 2470K/10676K, paused 2ms+2ms, total 18ms
D/dalvikvm(  313): GC_EXPLICIT freed <1K, 77% free 2470K/10676K, paused 1ms+1ms, total 17ms
I/dalvikvm(16497): Turning on JNI app bug workarounds for target SDK version 8...
D/dalvikvm(  313): GC_EXPLICIT freed <1K, 77% free 2470K/10676K, paused 2ms+1ms, total 16ms
D/com.jb@ACRA(16497): ACRA is enabled for com.gau.go.launcherex.gowidget.calendarwidget, intializing...
D/com.jb@ACRA(16497): Looking for error files in /data/data/com.gau.go.launcherex.gowidget.calendarwidget/files
I/System.out(16497): ***********UpgradeHelper_ActivateReceiver, Action:android.intent.action.TIME_SET**********
I/System.out(16497): ***********UpgradeHelper_UpgradeStateProvider.query, cursor:android.database.sqlite.SQLiteCursor@4181ab80**********
I/System.out(16497): ***********UpgradeHelper_ActivateReceiver.onQueryComplete, illegal upgradeState:1**********
I/ActivityManager(  695): No longer want com.google.android.googlequicksearchbox (pid 15743): empty #17
D/SystemClock(  966): Setting time of day to sec=1378877489
E/MP-Decision( 1354): DOWN Ld:35 Ns:1.100000 Ts:190 rq:0.700000 seq:196.000000
I/CalendarProvider2(16471): Sending notification intent: Intent { act=android.intent.action.PROVIDER_CHANGED dat=content://com.android.calendar }
W/ContentResolver(16471): Failed to get type for: content://com.android.calendar (Unknown URL content://com.android.calendar)
D/AlertReceiver(16439): onReceive: a=android.intent.action.PROVIDER_CHANGED Intent { act=android.intent.action.PROVIDER_CHANGED dat=content://com.android.calendar flg=0x10 cmp=com.android.calendar/.alerts.AlertReceiver }
D/AlertService(16439): 0 Action = android.intent.action.PROVIDER_CHANGED
E/MP-Decision( 1354): UP Ld:47 Nw:1.990000 Tw:140 rq:3.300000 seq:147.000000
E/MP-Decision( 1354): DOWN Ld:31 Ns:1.100000 Ts:190 rq:0.900000 seq:196.000000
I/ActivityManager(  695): START u0 {act=android.intent.action.MAIN cat=[android.intent.category.LAUNCHER] flg=0x10200000 cmp=org.buland.quidditch_scoring/.StartScreen} from pid 986
I/StartScreen:CurrentTime(15917): The Current time in ms = 1378877491242
I/StatisticsDBHelper(15917): Found 4 games
I/StatisticsDBHelper(15917): Game 1 started at 1378761764644
I/StatisticsDBHelper(15917): Game 2 started at 1378762932697
I/StatisticsDBHelper(15917): Game 3 started at 1378875695665
I/StatisticsDBHelper(15917): Game 4 started at 1378876949796
I/StartScreen:GamesList(15917): Game ID=1, Game Date=1378761764644
I/StartScreen:GamesList(15917): Game ID=2, Game Date=1378762932697
I/StartScreen:GamesList(15917): Game ID=3, Game Date=1378875695665
I/StartScreen:GamesList(15917): Game ID=4, Game Date=1378876949796
I/StartScreen(15917): Here's all the games: [1:September 9, 2013 15:22, 2:September 9, 2013 15:42, 3:September 10, 2013 23:01, 4:September 10, 2013 23:22]
E/qdoverlay(  312): Failed to call ioctl MSMFB_OVERLAY_SET err=Invalid argument
E/qdoverlay(  312): MdpCtrl failed to setOverlay, restoring last known good ov info
E/qdoverlay(  312): == Bad OVInfo is:  mdp_overlay z=2 fg=0 alpha=20 mask=-1 flags=0x860000 id=3
E/qdoverlay(  312): src msmfb_img w=640 h=1152 format=14 MDP_RGBX_8888
E/qdoverlay(  312): src_rect mdp_rect x=0 y=41 w=640 h=1097
E/qdoverlay(  312): dst_rect mdp_rect x=15 y=184 w=182 h=240
E/qdoverlay(  312): == Last good known OVInfo is:  mdp_overlay z=2 fg=0 alpha=255 mask=-1 flags=0x860000 id=3
E/qdoverlay(  312): src msmfb_img w=736 h=64 format=12 MDP_RGBA_8888
E/qdoverlay(  312): src_rect mdp_rect x=0 y=0 w=720 h=50
E/qdoverlay(  312): dst_rect mdp_rect x=0 y=0 w=720 h=50
E/qdoverlay(  312): Ctrl commit failed set overlay
E/qdhwcomposer(  312): configureLowRes: commit failed for low res panel
E/MP-Decision( 1354): UP Ld:56 Nw:1.990000 Tw:140 rq:4.400000 seq:146.000000
V/PhoneStatusBar(  850): setLightsOn(true)
I/ActivityManager(  695): Displayed org.buland.quidditch_scoring/.StartScreen: +174ms
I/auditd  (16540): Starting up
E/auditd  (16540): Failed on audit_set_pid with error: Protocol not supported
I/auditd  (16540): Exiting
E/MP-Decision( 1354): DOWN Ld:15 Ns:1.100000 Ts:190 rq:0.100000 seq:239.000000
I/ActivityManager(  695): START u0 {cmp=org.buland.quidditch_scoring/.SummaryScreen (has extras)} from pid 15917
V/PhoneStatusBar(  850): setLightsOn(true)
I/ActivityManager(  695): Displayed org.buland.quidditch_scoring/.SummaryScreen: +132ms
V/PhoneStatusBar(  850): setLightsOn(true)
E/MP-Decision( 1354): UP Ld:46 Nw:1.990000 Tw:140 rq:3.700000 seq:147.000000
E/        (  695): ../../accel.c|inv_get_accel_offset|211 returning 19
V/Sensors (  695): enable - sensor Accelerometer (handle 4) dis -> en
E/Sensors (  695): mEnabled = 10
V/Sensors (  695): setDelay - sensor Accelerometer (handle 4), rate 200 ms (5.00 Hz)
V/Sensors (  695): setDelay - sensor Accelerometer (handle 4), rate 20 ms (50.00 Hz)
E/Sensors (  695): activatePendingSensors : mEnabled = 10
E/Sensors (  695): requested_sensors(0) from kernel
V/Sensors (  695): calling inv_set_mpu_sensors(000070)
I/MPL-fifo(  695): Actual ODR: 50000 mHz
E/Sensors (  695): set fifo rate - divider : 3, delay : 20 ms (50.00 Hz)
I/MPL-fifo(  695): Actual ODR: 50000 mHz
V/Sensors (  695): Starting DMP
W/MPL-9_sup(  695): 9 axis sensor fusion not available - No compass detected.
I/MPL-mldl_cfg_mpu:(  695): inv_mpu_resume(,,,,0070) -> 0070
I/ActivityManager(  695): START u0 {cmp=org.buland.quidditch_scoring/.SummaryScreen (has extras)} from pid 15917
V/PhoneStatusBar(  850): setLightsOn(true)
I/ActivityManager(  695): Displayed org.buland.quidditch_scoring/.SummaryScreen: +122ms
I/ActivityManager(  695): Activity reported stop, but no longer stopping: ActivityRecord{41833fa0 u0 org.buland.quidditch_scoring/.StartScreen}
V/PhoneStatusBar(  850): setLightsOn(true)
E/Sensors (  695): accelHandler -0.013173 3.254832 10.219548
E/MP-Decision( 1354): DOWN Ld:45 Ns:1.100000 Ts:190 rq:1.000000 seq:196.000000
I/ActivityManager(  695): START u0 {cmp=org.buland.quidditch_scoring/.SummaryScreen (has extras)} from pid 15917
D/dalvikvm(  695): GC_FOR_ALLOC freed 5442K, 41% free 25382K/42792K, paused 103ms, total 105ms
V/PhoneStatusBar(  850): setLightsOn(true)
E/MP-Decision( 1354): UP Ld:78 Nw:1.990000 Tw:140 rq:1.700000 seq:147.000000
I/ActivityManager(  695): Displayed org.buland.quidditch_scoring/.SummaryScreen: +143ms
E/Sensors (  695): accelHandler -0.718506 2.979404 8.423284
D/dalvikvm(  966): GC_CONCURRENT freed 950K, 48% free 5586K/10676K, paused 6ms+4ms, total 55ms
V/PhoneStatusBar(  850): setLightsOn(true)
D/AlertService(16439): Beginning updateAlertNotification
D/AlertService(16439): No fired or scheduled alerts
D/AlertService(16439): Scheduling next alarm with AlarmScheduler. sEventReminderReceived: null
D/AlarmScheduler(16439): No events found starting within 1 week.
E/MP-Decision( 1354): DOWN Ld:24 Ns:1.100000 Ts:190 rq:0.000000 seq:206.000000
E/Sensors (  695): accelHandler -2.671644 5.319338 9.372909
I/ActivityManager(  695): START u0 {cmp=org.buland.quidditch_scoring/.SummaryScreen (has extras)} from pid 15917
V/PhoneStatusBar(  850): setLightsOn(true)
I/ActivityManager(  695): Displayed org.buland.quidditch_scoring/.SummaryScreen: +124ms
I/auditd  (16586): Starting up
E/auditd  (16586): Failed on audit_set_pid with error: Protocol not supported
I/auditd  (16586): Exiting
V/PhoneStatusBar(  850): setLightsOn(true)
E/Sensors (  695): accelHandler 0.068258 3.432063 9.030421
V/Sensors (  695): enable - sensor Accelerometer (handle 4) en -> dis
E/Sensors (  695): mEnabled = 0
V/Sensors (  695): setDelay - sensor Accelerometer (handle 4), rate 20 ms (50.00 Hz)
E/Sensors (  695): activatePendingSensors : mEnabled = 0
E/Sensors (  695): requested_sensors(70) from kernel
I/MPL-mldl_cfg_mpu:(  695): inv_mpu_suspend(,,,,7fff) -> 0000
V/Sensors (  695): calling inv_set_mpu_sensors(000000)
V/Sensors (  695): Starting DMP
W/MPL-9_sup(  695): 9 axis sensor fusion not available - No compass detected.
I/MPL-mldl_cfg_mpu:(  695): inv_mpu_resume(,,,,0000) -> 0000
V/Sensors (  695): Stopping DMP
I/MPL-mldl_cfg_mpu:(  695): inv_mpu_suspend(,,,,7fff) -> 0000
I/ActivityManager(  695): START u0 {cmp=org.buland.quidditch_scoring/.SummaryScreen (has extras)} from pid 15917
D/dalvikvm(  695): GC_FOR_ALLOC freed 5479K, 41% free 25316K/42792K, paused 101ms, total 105ms
V/PhoneStatusBar(  850): setLightsOn(true)
I/ActivityManager(  695): Displayed org.buland.quidditch_scoring/.SummaryScreen: +117ms
E/MP-Decision( 1354): UP Ld:67 Nw:1.990000 Tw:140 rq:4.000000 seq:147.000000
V/PhoneStatusBar(  850): setLightsOn(true)
E/MP-Decision( 1354): DOWN Ld:10 Ns:1.100000 Ts:190 rq:1.000000 seq:306.000000
I/ActivityManager(  695): START u0 {cmp=org.buland.quidditch_scoring/.SummaryScreen (has extras)} from pid 15917
V/PhoneStatusBar(  850): setLightsOn(true)
I/ActivityManager(  695): Displayed org.buland.quidditch_scoring/.SummaryScreen: +106ms
E/MP-Decision( 1354): UP Ld:78 Nw:1.990000 Tw:140 rq:2.000000 seq:147.000000
V/PhoneStatusBar(  850): setLightsOn(true)
E/MP-Decision( 1354): DOWN Ld:16 Ns:1.100000 Ts:190 rq:1.000000 seq:244.000000
I/ActivityManager(  695): START u0 {cmp=org.buland.quidditch_scoring/.SummaryScreen (has extras)} from pid 15917
V/PhoneStatusBar(  850): setLightsOn(true)
E/MP-Decision( 1354): UP Ld:41 Nw:1.990000 Tw:140 rq:2.300000 seq:143.000000
I/ActivityManager(  695): Displayed org.buland.quidditch_scoring/.SummaryScreen: +105ms
D/dalvikvm(  695): GC_FOR_ALLOC freed 4993K, 40% free 25695K/42792K, paused 105ms, total 108ms
V/PhoneStatusBar(  850): setLightsOn(true)
E/MP-Decision( 1354): DOWN Ld:7 Ns:1.100000 Ts:190 rq:1.000000 seq:197.000000
I/ActivityManager(  695): START u0 {cmp=org.buland.quidditch_scoring/.SummaryScreen (has extras)} from pid 15917
I/auditd  (16638): Starting up
E/auditd  (16638): Failed on audit_set_pid with error: Protocol not supported
I/auditd  (16638): Exiting
V/PhoneStatusBar(  850): setLightsOn(true)
I/ActivityManager(  695): Displayed org.buland.quidditch_scoring/.SummaryScreen: +108ms
E/        (  695): ../../accel.c|inv_get_accel_offset|211 returning 19
V/Sensors (  695): enable - sensor Accelerometer (handle 4) dis -> en
E/Sensors (  695): mEnabled = 10
V/Sensors (  695): setDelay - sensor Accelerometer (handle 4), rate 200 ms (5.00 Hz)
V/Sensors (  695): setDelay - sensor Accelerometer (handle 4), rate 20 ms (50.00 Hz)
E/Sensors (  695): activatePendingSensors : mEnabled = 10
E/Sensors (  695): requested_sensors(0) from kernel
V/Sensors (  695): calling inv_set_mpu_sensors(000070)
I/MPL-fifo(  695): Actual ODR: 50000 mHz
E/Sensors (  695): set fifo rate - divider : 3, delay : 20 ms (50.00 Hz)
I/MPL-fifo(  695): Actual ODR: 50000 mHz
V/Sensors (  695): Starting DMP
W/MPL-9_sup(  695): 9 axis sensor fusion not available - No compass detected.
I/MPL-mldl_cfg_mpu:(  695): inv_mpu_resume(,,,,0070) -> 0070
E/Sensors (  695): accelHandler -0.683778 5.048701 8.656798
E/Sensors (  695): accelHandler -0.409548 4.496649 6.730005
E/Sensors (  695): accelHandler -0.128134 4.194877 8.091574
V/PhoneStatusBar(  850): setLightsOn(true)
V/Sensors (  695): enable - sensor Accelerometer (handle 4) en -> dis
E/Sensors (  695): mEnabled = 0
V/Sensors (  695): setDelay - sensor Accelerometer (handle 4), rate 20 ms (50.00 Hz)
E/Sensors (  695): activatePendingSensors : mEnabled = 0
E/Sensors (  695): requested_sensors(70) from kernel
I/MPL-mldl_cfg_mpu:(  695): inv_mpu_suspend(,,,,7fff) -> 0000
V/Sensors (  695): calling inv_set_mpu_sensors(000000)
V/Sensors (  695): Starting DMP
W/MPL-9_sup(  695): 9 axis sensor fusion not available - No compass detected.
I/MPL-mldl_cfg_mpu:(  695): inv_mpu_resume(,,,,0000) -> 0000
V/Sensors (  695): Stopping DMP
I/MPL-mldl_cfg_mpu:(  695): inv_mpu_suspend(,,,,7fff) -> 0000
I/ActivityManager(  695): START u0 {cmp=org.buland.quidditch_scoring/.SummaryScreen (has extras)} from pid 15917
E/StatisticsDBHelper:checkSnitchCaught(15917): Team A had 4 snitches, and Team B had 7. There should only be 1 total.
V/PhoneStatusBar(  850): setLightsOn(true)
I/ActivityManager(  695): Displayed org.buland.quidditch_scoring/.SummaryScreen: +116ms
V/PhoneStatusBar(  850): setLightsOn(true)
E/MP-Decision( 1354): UP Ld:48 Nw:1.990000 Tw:140 rq:4.600000 seq:147.000000
I/auditd  (16657): Starting up
E/auditd  (16657): Failed on audit_set_pid with error: Protocol not supported
I/auditd  (16657): Exiting
I/ActivityManager(  695): START u0 {cmp=org.buland.quidditch_scoring/.SummaryScreen (has extras)} from pid 15917
D/dalvikvm(  695): GC_CONCURRENT freed 5745K, 40% free 25692K/42792K, paused 4ms+6ms, total 111ms
D/dalvikvm(  695): WAIT_FOR_CONCURRENT_GC blocked 105ms
E/StatisticsDBHelper:checkSnitchCaught(15917): Team A had 4 snitches, and Team B had 7. There should only be 1 total.
V/PhoneStatusBar(  850): setLightsOn(true)
I/ActivityManager(  695): Displayed org.buland.quidditch_scoring/.SummaryScreen: +113ms
V/PhoneStatusBar(  850): setLightsOn(true)
I/ActivityManager(  695): START u0 {cmp=org.buland.quidditch_scoring/.SummaryScreen (has extras)} from pid 15917
E/StatisticsDBHelper:checkSnitchCaught(15917): Team A had 4 snitches, and Team B had 7. There should only be 1 total.
V/PhoneStatusBar(  850): setLightsOn(true)
I/ActivityManager(  695): Displayed org.buland.quidditch_scoring/.SummaryScreen: +113ms
V/PhoneStatusBar(  850): setLightsOn(true)
I/ActivityManager(  695): START u0 {cmp=org.buland.quidditch_scoring/.SummaryScreen (has extras)} from pid 15917
E/StatisticsDBHelper:checkSnitchCaught(15917): Team A had 4 snitches, and Team B had 7. There should only be 1 total.
V/PhoneStatusBar(  850): setLightsOn(true)
I/ActivityManager(  695): Displayed org.buland.quidditch_scoring/.SummaryScreen: +125ms
D/dalvikvm(  695): GC_CONCURRENT freed 5744K, 40% free 25699K/42792K, paused 3ms+9ms, total 117ms
D/dalvikvm(  695): WAIT_FOR_CONCURRENT_GC blocked 108ms
V/PhoneStatusBar(  850): setLightsOn(true)
I/ActivityManager(  695): START u0 {cmp=org.buland.quidditch_scoring/.SummaryScreen (has extras)} from pid 15917
E/StatisticsDBHelper:checkSnitchCaught(15917): Team A had 4 snitches, and Team B had 7. There should only be 1 total.
V/PhoneStatusBar(  850): setLightsOn(true)
E/        (  695): ../../accel.c|inv_get_accel_offset|211 returning 19
V/Sensors (  695): enable - sensor Accelerometer (handle 4) dis -> en
E/Sensors (  695): mEnabled = 10
V/Sensors (  695): setDelay - sensor Accelerometer (handle 4), rate 200 ms (5.00 Hz)
V/Sensors (  695): setDelay - sensor Accelerometer (handle 4), rate 20 ms (50.00 Hz)
E/Sensors (  695): activatePendingSensors : mEnabled = 10
E/Sensors (  695): requested_sensors(0) from kernel
V/Sensors (  695): calling inv_set_mpu_sensors(000070)
I/MPL-fifo(  695): Actual ODR: 50000 mHz
E/Sensors (  695): set fifo rate - divider : 3, delay : 20 ms (50.00 Hz)
I/MPL-fifo(  695): Actual ODR: 50000 mHz
V/Sensors (  695): Starting DMP
W/MPL-9_sup(  695): 9 axis sensor fusion not available - No compass detected.
I/MPL-mldl_cfg_mpu:(  695): inv_mpu_resume(,,,,0070) -> 0070
I/ActivityManager(  695): Displayed org.buland.quidditch_scoring/.SummaryScreen: +111ms
E/Sensors (  695): accelHandler -0.426313 4.417614 8.262817
V/PhoneStatusBar(  850): setLightsOn(true)
E/MP-Decision( 1354): DOWN Ld:4 Ns:1.100000 Ts:190 rq:0.100000 seq:216.000000
I/auditd  (16683): Starting up
E/auditd  (16683): Failed on audit_set_pid with error: Protocol not supported
I/auditd  (16683): Exiting
I/ActivityManager(  695): START u0 {cmp=org.buland.quidditch_scoring/.SummaryScreen (has extras)} from pid 15917
E/StatisticsDBHelper:checkSnitchCaught(15917): Team A had 4 snitches, and Team B had 7. There should only be 1 total.
V/PhoneStatusBar(  850): setLightsOn(true)
I/ActivityManager(  695): Displayed org.buland.quidditch_scoring/.SummaryScreen: +103ms
E/Sensors (  695): accelHandler -1.180745 4.394861 7.374265
E/MP-Decision( 1354): UP Ld:78 Nw:1.990000 Tw:140 rq:1.000000 seq:147.000000
V/PhoneStatusBar(  850): setLightsOn(true)
E/MP-Decision( 1354): DOWN Ld:8 Ns:1.100000 Ts:190 rq:0.300000 seq:216.000000
I/ActivityManager(  695): START u0 {cmp=org.buland.quidditch_scoring/.SummaryScreen (has extras)} from pid 15917
E/Sensors (  695): accelHandler -2.490820 4.016448 8.778944
D/dalvikvm(  695): GC_CONCURRENT freed 5733K, 40% free 25696K/42792K, paused 4ms+6ms, total 113ms
D/dalvikvm(  695): WAIT_FOR_CONCURRENT_GC blocked 102ms
E/StatisticsDBHelper:checkSnitchCaught(15917): Team A had 4 snitches, and Team B had 7. There should only be 1 total.
V/PhoneStatusBar(  850): setLightsOn(true)
I/ActivityManager(  695): Displayed org.buland.quidditch_scoring/.SummaryScreen: +107ms
V/PhoneStatusBar(  850): setLightsOn(true)
E/Sensors (  695): accelHandler -5.413942 5.667814 11.209888
I/ActivityManager(  695): START u0 {cmp=org.buland.quidditch_scoring/.SummaryScreen (has extras)} from pid 15917
E/StatisticsDBHelper:checkSnitchCaught(15917): Team A had 4 snitches, and Team B had 7. There should only be 1 total.
V/PhoneStatusBar(  850): setLightsOn(true)
I/ActivityManager(  695): Displayed org.buland.quidditch_scoring/.SummaryScreen: +123ms
E/MP-Decision( 1354): UP Ld:68 Nw:1.990000 Tw:140 rq:2.000000 seq:147.000000
V/Sensors (  695): enable - sensor Accelerometer (handle 4) en -> dis
E/Sensors (  695): mEnabled = 0
V/Sensors (  695): setDelay - sensor Accelerometer (handle 4), rate 20 ms (50.00 Hz)
E/Sensors (  695): activatePendingSensors : mEnabled = 0
E/Sensors (  695): requested_sensors(70) from kernel
I/MPL-mldl_cfg_mpu:(  695): inv_mpu_suspend(,,,,7fff) -> 0000
V/Sensors (  695): calling inv_set_mpu_sensors(000000)
V/Sensors (  695): Starting DMP
W/MPL-9_sup(  695): 9 axis sensor fusion not available - No compass detected.
I/MPL-mldl_cfg_mpu:(  695): inv_mpu_resume(,,,,0000) -> 0000
V/Sensors (  695): Stopping DMP
I/MPL-mldl_cfg_mpu:(  695): inv_mpu_suspend(,,,,7fff) -> 0000
V/PhoneStatusBar(  850): setLightsOn(true)
I/ActivityManager(  695): START u0 {cmp=org.buland.quidditch_scoring/.SummaryScreen (has extras)} from pid 15917
E/StatisticsDBHelper:checkSnitchCaught(15917): Team A had 4 snitches, and Team B had 7. There should only be 1 total.
V/PhoneStatusBar(  850): setLightsOn(true)
I/ActivityManager(  695): Displayed org.buland.quidditch_scoring/.SummaryScreen: +109ms
E/MP-Decision( 1354): DOWN Ld:28 Ns:1.100000 Ts:190 rq:1.100000 seq:197.000000
D/dalvikvm(  695): GC_CONCURRENT freed 5766K, 40% free 25701K/42792K, paused 5ms+7ms, total 125ms
D/dalvikvm(  695): WAIT_FOR_CONCURRENT_GC blocked 109ms
V/PhoneStatusBar(  850): setLightsOn(true)
I/auditd  (16718): Starting up
E/auditd  (16718): Failed on audit_set_pid with error: Protocol not supported
I/auditd  (16718): Exiting
I/StatisticsDBHelper(15917): Created a new game with a rowid of 5
I/StartScreen(15917): Created the game: android.util.Pair@b812fb1
I/ActivityManager(  695): START u0 {cmp=org.buland.quidditch_scoring/.ScoringScreen (has extras)} from pid 15917
I/ScoringScreen:checkEndGame(15917): Snitch caught value: 0
V/PhoneStatusBar(  850): setLightsOn(true)
I/ActivityManager(  695): Displayed org.buland.quidditch_scoring/.ScoringScreen: +137ms
E/MP-Decision( 1354): UP Ld:76 Nw:1.990000 Tw:140 rq:0.600000 seq:147.000000
I/wpa_supplicant(  869): wlan0: Associated with 30:37:a6:4a:2a:2e
I/wpa_supplicant(  869): wlan0: CTRL-EVENT-CONNECTED - Connection to 30:37:a6:4a:2a:2e completed (auth) [id=5 id_str=]
D/WifiStateChangeListener(16167): received broadcast intent with action: android.net.wifi.supplicant.STATE_CHANGE
D/WifiStateChangeListener(16167): isConnected: true
D/WifiStateChangeListener(16167): use_wifi_sync is: false
D/WifiStateChangeListener(16167): received broadcast intent with action: android.net.wifi.supplicant.STATE_CHANGE
D/WifiStateChangeListener(16167): isConnected: true
D/WifiStateChangeListener(16167): use_wifi_sync is: false
E/MP-Decision( 1354): DOWN Ld:16 Ns:1.100000 Ts:190 rq:0.300000 seq:228.000000
I/ScoringScreen:checkEndGame(15917): Snitch caught value: 0
I/ScoringScreen:checkEndGame(15917): Snitch caught value: 0
I/ScoringScreen:checkEndGame(15917): Snitch caught value: 0
I/ScoringScreen:checkEndGame(15917): Snitch caught value: 0
I/ScoringScreen:checkEndGame(15917): Snitch caught value: 0
I/ScoringScreen:checkEndGame(15917): Snitch caught value: 0
I/ScoringScreen:checkEndGame(15917): Snitch caught value: 0
I/ScoringScreen:checkEndGame(15917): Snitch caught value: 0
I/ScoringScreen:checkEndGame(15917): Snitch caught value: 0
I/ScoringScreen:checkEndGame(15917): Snitch caught value: 0
I/ScoringScreen:checkEndGame(15917): Snitch caught value: 0
I/ScoringScreen:checkEndGame(15917): Snitch caught value: 0
I/ScoringScreen:checkEndGame(15917): Snitch caught value: 0
I/auditd  (16731): Starting up
E/auditd  (16731): Failed on audit_set_pid with error: Protocol not supported
I/auditd  (16731): Exiting
I/ScoringScreen:checkEndGame(15917): Snitch caught value: 1
I/ActivityManager(  695): START u0 {cmp=org.buland.quidditch_scoring/.SummaryScreen (has extras)} from pid 15917
V/PhoneStatusBar(  850): setLightsOn(true)
I/ActivityManager(  695): Displayed org.buland.quidditch_scoring/.SummaryScreen: +111ms
E/MP-Decision( 1354): UP Ld:77 Nw:1.990000 Tw:140 rq:1.000000 seq:147.000000
E/MP-Decision( 1354): DOWN Ld:6 Ns:1.100000 Ts:190 rq:0.000000 seq:207.000000
V/PhoneStatusBar(  850): setLightsOn(true)
I/auditd  (16750): Starting up
E/auditd  (16750): Failed on audit_set_pid with error: Protocol not supported
I/auditd  (16750): Exiting
I/auditd  (16757): Starting up
E/auditd  (16757): Failed on audit_set_pid with error: Protocol not supported
I/auditd  (16757): Exiting
E/MP-Decision( 1354): UP Ld:50 Nw:1.990000 Tw:140 rq:9.500000 seq:146.000000
E/MP-Decision( 1354): DOWN Ld:14 Ns:1.100000 Ts:190 rq:1.000000 seq:246.000000
W/InputMethodManagerService(  695): Window already focused, ignoring focus gain of: com.android.internal.view.IInputMethodClient$Stub$Proxy@42772630 attribute=null, token = android.os.BinderProxy@428f1240
W/InputMethodManagerService(  695): Window already focused, ignoring focus gain of: com.android.internal.view.IInputMethodClient$Stub$Proxy@429eeed0 attribute=null, token = android.os.BinderProxy@428f1240
W/InputMethodManagerService(  695): Window already focused, ignoring focus gain of: com.android.internal.view.IInputMethodClient$Stub$Proxy@420b7288 attribute=null, token = android.os.BinderProxy@428f1240
I/auditd  (16779): Starting up
E/auditd  (16779): Failed on audit_set_pid with error: Protocol not supported
I/auditd  (16779): Exiting
W/InputMethodManagerService(  695): Window already focused, ignoring focus gain of: com.android.internal.view.IInputMethodClient$Stub$Proxy@417fef40 attribute=null, token = android.os.BinderProxy@428f1240
W/InputMethodManagerService(  695): Window already focused, ignoring focus gain of: com.android.internal.view.IInputMethodClient$Stub$Proxy@4266b580 attribute=null, token = android.os.BinderProxy@428f1240
E/MP-Decision( 1354): UP Ld:20 Nw:1.990000 Tw:140 rq:2.500000 seq:147.000000
W/InputMethodManagerService(  695): Window already focused, ignoring focus gain of: com.android.internal.view.IInputMethodClient$Stub$Proxy@41a04ab8 attribute=null, token = android.os.BinderProxy@428f1240
W/InputMethodManagerService(  695): Window already focused, ignoring focus gain of: com.android.internal.view.IInputMethodClient$Stub$Proxy@4292f688 attribute=null, token = android.os.BinderProxy@428f1240
E/MP-Decision( 1354): DOWN Ld:0 Ns:1.100000 Ts:190 rq:1.000000 seq:196.000000
V/PhoneStatusBar(  850): setLightsOn(true)
I/wpa_supplicant(  869): wlan0: Associated with 64:a0:e7:f9:56:31
I/wpa_supplicant(  869): wlan0: CTRL-EVENT-CONNECTED - Connection to 64:a0:e7:f9:56:31 completed (auth) [id=5 id_str=]
D/WifiStateChangeListener(16167): received broadcast intent with action: android.net.wifi.supplicant.STATE_CHANGE
D/WifiStateChangeListener(16167): isConnected: true
D/WifiStateChangeListener(16167): use_wifi_sync is: false
D/WifiStateChangeListener(16167): received broadcast intent with action: android.net.wifi.supplicant.STATE_CHANGE
D/WifiStateChangeListener(16167): isConnected: true
D/WifiStateChangeListener(16167): use_wifi_sync is: false
I/ActivityManager(  695): START u0 {cmp=org.buland.quidditch_scoring/.SummaryScreen (has extras)} from pid 15917
D/dalvikvm(  695): GC_CONCURRENT freed 6034K, 41% free 25382K/42788K, paused 4ms+14ms, total 144ms
D/dalvikvm(  695): WAIT_FOR_CONCURRENT_GC blocked 111ms
I/auditd  (16798): Starting up
E/auditd  (16798): Failed on audit_set_pid with error: Protocol not supported
I/auditd  (16798): Exiting
V/PhoneStatusBar(  850): setLightsOn(true)
I/ActivityManager(  695): Displayed org.buland.quidditch_scoring/.SummaryScreen: +125ms
V/PhoneStatusBar(  850): setLightsOn(true)
I/ActivityManager(  695): START u0 {cmp=org.buland.quidditch_scoring/.SummaryScreen (has extras)} from pid 15917
V/PhoneStatusBar(  850): setLightsOn(true)
I/ActivityManager(  695): Displayed org.buland.quidditch_scoring/.SummaryScreen: +112ms
V/PhoneStatusBar(  850): setLightsOn(true)
E/MP-Decision( 1354): UP Ld:29 Nw:1.990000 Tw:140 rq:2.200000 seq:148.000000
D/dalvikvm(  695): GC_CONCURRENT freed 5769K, 41% free 25319K/42788K, paused 5ms+14ms, total 157ms
I/ActivityManager(  695): No longer want com.google.android.talk (pid 15847): empty #17
E/MP-Decision( 1354): DOWN Ld:20 Ns:1.100000 Ts:190 rq:0.000000 seq:200.000000
E/MP-Decision( 1354): UP Ld:88 Nw:1.990000 Tw:140 rq:1.000000 seq:147.000000
I/PowerManagerService(  695): Going to sleep by user request...
I/auditd  (16816): Starting up
E/auditd  (16816): Failed on audit_set_pid with error: Protocol not supported
I/auditd  (16816): Exiting
D/SurfaceFlinger(  312): Screen released, type=0 flinger=0xb7154478
D/qdhwcomposer(  312): hwc_blank: Blanking display: 0
D/qdhwcomposer(  312): hwc_blank: Done blanking display: 0
D/SurfaceControl(  695): Excessive delay in blankDisplay() while turning screen off: 189ms
E/Sensors (  695): Sleep Event : mEnabled = 0
D/AccelerometerListener(  966): enable(false)
D/YouTube MDX(16270): Recieved intent android.intent.action.SCREEN_OFF
D/dalvikvm(  695): GC_FOR_ALLOC freed 2101K, 34% free 28655K/42788K, paused 106ms, total 106ms
V/KeyguardHostView(  695): hide transport, gen:140
V/KeyguardHostView(  695): music state changed: 0
D/PhoneStatusBar(  850): disable: < expand icons alerts ticker system_info back home RECENT* clock search >
V/TAG     (  695): bug 7643792: fitSystemWindows([0,50][0,0])
D/PhoneStatusBar(  850): disable: < expand icons alerts ticker system_info BACK* HOME* RECENT CLOCK* search >
E/MP-Decision( 1354): DOWN Ld:15 Ns:1.100000 Ts:190 rq:0.000000 seq:230.000000
I/auditd  (16835): Starting up
E/auditd  (16835): Failed on audit_set_pid with error: Protocol not supported
I/auditd  (16835): Exiting
E/MP-Decision( 1354): UP Ld:3 Nw:1.990000 Tw:140 rq:2.100000 seq:144.000000
E/MP-Decision( 1354): DOWN Ld:3 Ns:1.100000 Ts:190 rq:0.000000 seq:278.000000
I/wpa_supplicant(  869): wlan0: CTRL-EVENT-DISCONNECTED bssid=64:a0:e7:f9:56:31 reason=0
D/CommandListener(  309): Clearing all IP addresses on wlan0
D/ConnectivityService(  695): ConnectivityChange for WIFI: DISCONNECTED/DISCONNECTED
D/ConnectivityService(  695): Attempting to switch to mobile
D/ConnectivityService(  695): Attempting to switch to BLUETOOTH_TETHER
D/WifiStateChangeListener(16167): received broadcast intent with action: android.net.wifi.STATE_CHANGE
D/WifiStateChangeListener(16167): isConnected: false
D/WifiStateChangeListener(16167): use_wifi_sync is: false
E/MP-Decision( 1354): UP Ld:3 Nw:1.990000 Tw:140 rq:4.500000 seq:177.000000
D/NetUtils(  695): android_net_utils_resetConnections in env=0x73cd5ee8 clazz=0xd7f00001 iface=wlan0 mask=0x3
D/ConnectivityService(  695): resetConnections(wlan0, 3)
D/WifiStateChangeListener(16167): received broadcast intent with action: android.net.wifi.supplicant.STATE_CHANGE
D/WifiStateChangeListener(16167): isConnected: false
D/WifiStateChangeListener(16167): use_wifi_sync is: false
W/Smack/Packet( 1042): notify conn break (IOEx), close connection
D/WifiStateChangeListener(16167): received broadcast intent with action: android.net.wifi.supplicant.STATE_CHANGE
D/WifiStateChangeListener(16167): isConnected: false
D/WifiStateChangeListener(16167): use_wifi_sync is: false
I/qtaguid ( 1042): Failed write_ctrl(u 61) res=-1 errno=22
I/qtaguid ( 1042): Untagging socket 61 failed errno=-22
W/NetworkManagementSocketTagger( 1042): untagSocket(61) failed with errno -22
D/Nat464Xlat(  695): requiresClat: netType=1, hasIPv4Address=false
D/ConnectivityService(  695): ConnectivityChange for WIFI: DISCONNECTED/DISCONNECTED
D/ConnectivityService(  695): Attempting to switch to mobile
D/ConnectivityService(  695): Attempting to switch to BLUETOOTH_TETHER
D/Nat464Xlat(  695): requiresClat: netType=1, hasIPv4Address=false
D/ConnectivityService(  695): handleInetConditionChange: no active default network - ignore
I/wpa_supplicant(  869): wlan0: Trying to associate with 00:14:1c:ad:33:f1 (SSID='CSMwireless' freq=2437 MHz)
D/WifiStateChangeListener(16167): received broadcast intent with action: android.net.wifi.supplicant.STATE_CHANGE
D/WifiStateChangeListener(16167): isConnected: false
D/WifiStateChangeListener(16167): use_wifi_sync is: false
E/MP-Decision( 1354): DOWN Ld:26 Ns:1.100000 Ts:190 rq:1.000000 seq:277.000000
I/auditd  (16854): Starting up
E/auditd  (16854): Failed on audit_set_pid with error: Protocol not supported
I/auditd  (16854): Exiting
I/wpa_supplicant(  869): wlan0: Associated with 00:14:1c:ad:33:f1
I/wpa_supplicant(  869): wlan0: CTRL-EVENT-CONNECTED - Connection to 00:14:1c:ad:33:f1 completed (auth) [id=5 id_str=]
D/WifiStateChangeListener(16167): received broadcast intent with action: android.net.wifi.STATE_CHANGE
D/WifiStateChangeListener(16167): isConnected: false
D/WifiStateChangeListener(16167): use_wifi_sync is: false
D/WifiStateChangeListener(16167): received broadcast intent with action: android.net.wifi.supplicant.STATE_CHANGE
D/WifiStateChangeListener(16167): isConnected: false
D/WifiStateChangeListener(16167): use_wifi_sync is: false
D/WifiStateChangeListener(16167): received broadcast intent with action: android.net.wifi.supplicant.STATE_CHANGE
D/WifiStateChangeListener(16167): isConnected: false
D/WifiStateChangeListener(16167): use_wifi_sync is: false
D/Tethering(  695): MasterInitialState.processMessage what=3
D/Tethering(  695): MasterInitialState.processMessage what=3
I/UpdateCheckReceiver(16197): Got connectivity change, has connection: false
E/MP-Decision( 1354): UP Ld:3 Nw:1.990000 Tw:140 rq:8.100000 seq:141.000000
I/NetworkMonitor(12991): Network changed: type(1) name(WIFI) isConnected : false noData: true bitrate:512
I/NetworkMonitor(12991): Connectivity status changed to (NOT CONNECTED) wifi: false mobile: falseethernet: false
I/NetworkMonitor(12991): Network changed: type(1) name(WIFI) isConnected : false noData: true bitrate:96
D/TelephonyProvider(  966): Preferred APN: -1
D/TelephonyProvider(  966): Preferred APN: -1
D/PicasaUploaderSyncManager(15985): active network: null
D/GCM     ( 1042): GcmService start Intent { act=android.net.conn.CONNECTIVITY_CHANGE flg=0x8000010 cmp=com.google.android.gms/.gcm.GcmService (has extras) } android.net.conn.CONNECTIVITY_CHANGE
D/NewContentCheckerReceiver(13503): -----
D/NewContentCheckerReceiver(13503): onReceive() called
D/NewContentCheckerReceiver(13503): Action: android.net.conn.CONNECTIVITY_CHANGE
D/NewContentCheckerReceiver(13503): onReceive() cancelled, missing internet connection
D/gp.PicasaSyncManager( 8928): reject cij (gik0geck0@gmail.com) for disabled background data
I/UpdateCheckReceiver(16197): Got connectivity change, has connection: false
D/GCM     ( 1042): GcmService start Intent { act=android.net.conn.CONNECTIVITY_CHANGE flg=0x8000010 cmp=com.google.android.gms/.gcm.GcmService (has extras) } android.net.conn.CONNECTIVITY_CHANGE
D/NewContentCheckerReceiver(13503): -----
D/NewContentCheckerReceiver(13503): onReceive() called
D/NewContentCheckerReceiver(13503): Action: android.net.conn.CONNECTIVITY_CHANGE
D/NewContentCheckerReceiver(13503): onReceive() cancelled, missing internet connection
E/MP-Decision( 1354): DOWN Ld:32 Ns:1.100000 Ts:190 rq:0.000000 seq:387.000000
D/DHCP    (  373): ===== DHCP message:
D/DHCP    (  373): op = BOOTREQUEST (1), htype = 1, hlen = 6, hops = 0
D/DHCP    (  373): xid = 0xf85b4a06 secs = 0, flags = 0x8000 optlen = 14
D/DHCP    (  373): ciaddr = 0.0.0.0
D/DHCP    (  373): yiaddr = 0.0.0.0
D/DHCP    (  373): siaddr = 0.0.0.0
D/DHCP    (  373): giaddr = 0.0.0.0
D/DHCP    (  373): chaddr = { 00  00  00  00  00  00 }
D/DHCP    (  373): sname = ''
D/DHCP    (  373): file = ''
D/DHCP    (  373): op 53 len 1 { 01 } discover
D/DHCP    (  373): op 55 len 4 { 01  03  06  1c } 
D/DHCP    (  373): ===== DHCP message:
D/DHCP    (  373): op = BOOTREPLY (2), htype = 1, hlen = 6, hops = 0
D/DHCP    (  373): xid = 0xf85b4a06 secs = 0, flags = 0x8000 optlen = 42
D/DHCP    (  373): ciaddr = 0.0.0.0
D/DHCP    (  373): yiaddr = 10.252.185.16
D/DHCP    (  373): siaddr = 10.252.185.17
D/DHCP    (  373): giaddr = 0.0.0.0
D/DHCP    (  373): chaddr = { 00  00  00  00  00  00 }
D/DHCP    (  373): sname = ''
D/DHCP    (  373): file = ''
D/DHCP    (  373): op 53 len 1 { 02 } offer
D/DHCP    (  373): op 1 len 4 { ff  ff  ff  fc } 
D/DHCP    (  373): op 3 len 4 { 0a  fc  b9  11 } 
D/DHCP    (  373): op 6 len 8 { c6  e0  a4  87  c6  e0  a0  87 } 
D/DHCP    (  373): op 51 len 4 { 00  00  1c  20 } 
D/DHCP    (  373): op 54 len 4 { 0a  fc  b9  11 } 
D/DHCP    (  373): --- dhcp offer (2) ---
D/DHCP    (  373): ip 10.252.185.16 gw 10.252.185.17 prefixLength 30
D/DHCP    (  373): dns1: 198.224.164.135
D/DHCP    (  373): dns2: 198.224.160.135
D/DHCP    (  373): server 10.252.185.17, lease 7200 seconds
D/DHCP    (  373): ===== DHCP message:
D/DHCP    (  373): op = BOOTREQUEST (1), htype = 1, hlen = 6, hops = 0
D/DHCP    (  373): xid = 0xf95b4a06 secs = 0, flags = 0x8000 optlen = 26
D/DHCP    (  373): ciaddr = 0.0.0.0
D/DHCP    (  373): yiaddr = 0.0.0.0
D/DHCP    (  373): siaddr = 0.0.0.0
D/DHCP    (  373): giaddr = 0.0.0.0
D/DHCP    (  373): chaddr = { 00  00  00  00  00  00 }
D/DHCP    (  373): sname = ''
D/DHCP    (  373): file = ''
D/DHCP    (  373): op 53 len 1 { 03 } request
D/DHCP    (  373): op 55 len 4 { 01  03  06  1c } 
D/DHCP    (  373): op 50 len 4 { 0a  fc  b9  10 } 
D/DHCP    (  373): op 54 len 4 { 0a  fc  b9  11 } 
D/DHCP    (  373): ===== DHCP message:
D/DHCP    (  373): op = BOOTREPLY (2), htype = 1, hlen = 6, hops = 0
D/DHCP    (  373): xid = 0xf95b4a06 secs = 0, flags = 0x8000 optlen = 42
D/DHCP    (  373): ciaddr = 0.0.0.0
D/DHCP    (  373): yiaddr = 10.252.185.16
D/DHCP    (  373): siaddr = 10.252.185.17
D/DHCP    (  373): giaddr = 0.0.0.0
D/DHCP    (  373): chaddr = { 00  00  00  00  00  00 }
D/DHCP    (  373): sname = ''
D/DHCP    (  373): file = ''
D/DHCP    (  373): op 53 len 1 { 05 } ack
D/DHCP    (  373): op 1 len 4 { ff  ff  ff  fc } 
D/DHCP    (  373): op 3 len 4 { 0a  fc  b9  11 } 
D/DHCP    (  373): op 6 len 8 { c6  e0  a4  87  c6  e0  a0  87 } 
D/DHCP    (  373): op 54 len 4 { 0a  fc  b9  11 } 
D/DHCP    (  373): op 51 len 4 { 00  00  1c  20 } 
D/DHCP    (  373): --- dhcp ack (5) ---
D/DHCP    (  373): ip 10.252.185.16 gw 10.252.185.17 prefixLength 30
D/DHCP    (  373): dns1: 198.224.164.135
D/DHCP    (  373): dns2: 198.224.160.135
D/DHCP    (  373): server 10.252.185.17, lease 7200 seconds
D/DHCP    (  373): configuring rmnet0
D/ConnectivityService(  695): ConnectivityChange for mobile: CONNECTED/CONNECTED
E/MP-Decision( 1354): UP Ld:3 Nw:1.990000 Tw:140 rq:3.900000 seq:147.000000
D/Nat464Xlat(  695): requiresClat: netType=0, hasIPv4Address=true
E/MP-Decision( 1354): DOWN Ld:3 Ns:1.100000 Ts:190 rq:0.000000 seq:198.000000
D/ConnectivityService(  695): NetTransition Wakelock for ConnectedState released by timeout
I/auditd  (16914): Starting up
E/auditd  (16914): Failed on audit_set_pid with error: Protocol not supported
I/auditd  (16914): Exiting
I/GTalkService/c( 1042): [AndroidEndpoint@1101450616] connect: acct=1000000, state=CONNECTING
D/dalvikvm( 1042): GC_CONCURRENT freed 510K, 61% free 4192K/10676K, paused 6ms+11ms, total 91ms
D/Tethering(  695): MasterInitialState.processMessage what=3
I/UpdateCheckReceiver(16197): Got connectivity change, has connection: true
I/UpdateCheckReceiver(16197): Scheduling future, repeating update checks.
E/MP-Decision( 1354): UP Ld:3 Nw:1.990000 Tw:140 rq:10.800000 seq:145.000000
D/WeatherUpdateService(16214): Service started, but shouldn't update ... stopping
I/NetworkMonitor(12991): Network changed: type(0) name(mobile) isConnected : true noData: false bitrate:96
I/NetworkMonitor(12991): Connectivity status changed to (CONNECTED) wifi: false mobile: trueethernet: false
D/CMStats (16251): Waiting for next sync : 15 hours
D/GCM     ( 1042): GcmService start Intent { act=android.net.conn.CONNECTIVITY_CHANGE flg=0x8000010 cmp=com.google.android.gms/.gcm.GcmService (has extras) } android.net.conn.CONNECTIVITY_CHANGE
D/PicasaUploaderSyncManager(15985): active network: NetworkInfo: type: mobile[CDMA - 1xRTT], state: CONNECTED/CONNECTED, reason: connected, extra: , roaming: false, failover: true, isAvailable: true
D/NewContentCheckerReceiver(13503): -----
D/NewContentCheckerReceiver(13503): onReceive() called
D/NewContentCheckerReceiver(13503): Action: android.net.conn.CONNECTIVITY_CHANGE
D/NewContentCheckerReceiver(13503): onReceive() cancelled, duplicate call
D/gp.PicasaSyncManager( 8928): reject cij (gik0geck0@gmail.com) because downsync is disabled
D/ConnectivityService(  695): Captive portal check NetworkInfo: type: WIFI[], state: CONNECTING/CAPTIVE_PORTAL_CHECK, reason: (unspecified), extra: "CSMwireless", roaming: false, failover: false, isAvailable: true
D/ConnectivityService(  695): Captive check on WIFI
D/ConnectivityService(  695): Captive portal check NetworkInfo: type: WIFI[], state: CONNECTING/CAPTIVE_PORTAL_CHECK, reason: (unspecified), extra: "CSMwireless", roaming: false, failover: false, isAvailable: true
D/ConnectivityService(  695): Captive check on WIFI
D/ConnectivityService(  695): ConnectivityChange for WIFI: CONNECTED/CONNECTED
D/ConnectivityService(  695): Policy requires mobile teardown
D/dalvikvm(  966): GC_CONCURRENT freed 972K, 48% free 5631K/10676K, paused 4ms+9ms, total 59ms
D/Nat464Xlat(  695): requiresClat: netType=1, hasIPv4Address=true
D/ConnectivityService(  695): ConnectivityChange for WIFI: CONNECTED/CONNECTED
W/ProcessStats(  695): Skipping unknown process pid 16954
D/WifiStateChangeListener(16167): received broadcast intent with action: android.net.wifi.STATE_CHANGE
D/WifiStateChangeListener(16167): isConnected: true
D/WifiStateChangeListener(16167): use_wifi_sync is: false
D/WifiStateChangeListener(16167): received broadcast intent with action: android.net.wifi.STATE_CHANGE
D/WifiStateChangeListener(16167): isConnected: true
D/WifiStateChangeListener(16167): use_wifi_sync is: false
D/WifiStateChangeListener(16167): received broadcast intent with action: android.net.wifi.STATE_CHANGE
D/WifiStateChangeListener(16167): isConnected: true
D/WifiStateChangeListener(16167): use_wifi_sync is: false
D/ConnectivityService(  695): handleConnectivityChange: address are the same reset per doReset linkProperty[1]: resetMask=0
D/Nat464Xlat(  695): requiresClat: netType=1, hasIPv4Address=true
D/dalvikvm( 8928): GC_CONCURRENT freed 1892K, 19% free 8716K/10720K, paused 3ms+3ms, total 38ms
I/ActivityManager(  695): Start proc com.google.android.gsf.login for service com.google.android.gms/.auth.GetToken: pid=16990 uid=10038 gids={50038, 3003, 1007, 1028, 1015, 1006, 2001, 3006}
I/Recovery(11569): Received: Intent { act=com.google.android.gms.INITIALIZE flg=0x10 pkg=com.google.android.gms cmp=com.google.android.gms/.recovery.AccountRecoveryBackgroundService$Receiver }
D/GCM     ( 1042): GcmService start Intent { act=com.google.android.gms.INITIALIZE flg=0x10 pkg=com.google.android.gms cmp=com.google.android.gms/.gcm.GcmService } com.google.android.gms.INITIALIZE
I/NotificationStore(16990): file does not exist: /data/data/com.google.android.gms/files/notification_data.dat
W/Smack/Packet( 1042): notify conn break (IOEx), close connection
I/qtaguid ( 1042): Failed write_ctrl(u 61) res=-1 errno=22
I/qtaguid ( 1042): Untagging socket 61 failed errno=-22
W/NetworkManagementSocketTagger( 1042): untagSocket(61) failed with errno -22
E/GTalkService( 1042): connectionClosed: no XMPPConnection - That's strange!
D/ConnectivityService(  695): handleInetConditionChange: net=0 != default=1 - ignore
D/ConnectivityService(  695): ConnectivityChange for mobile: DISCONNECTED/DISCONNECTED
D/ConnectivityService(  695): Attempting to switch to WIFI
D/ConnectivityService(  695): Attempting to switch to BLUETOOTH_TETHER
D/NetUtils(  695): android_net_utils_resetConnections in env=0x73cd5ee8 clazz=0x14e00001 iface=rmnet0 mask=0x3
D/ConnectivityService(  695): resetConnections(rmnet0, 3)
E/MP-Decision( 1354): DOWN Ld:32 Ns:1.100000 Ts:190 rq:1.000000 seq:196.000000
D/Nat464Xlat(  695): requiresClat: netType=0, hasIPv4Address=true
E/MP-Decision( 1354): UP Ld:23 Nw:1.990000 Tw:140 rq:2.800000 seq:186.000000
E/MP-Decision( 1354): DOWN Ld:26 Ns:1.100000 Ts:190 rq:1.000000 seq:317.000000
I/auditd  (17059): Starting up
E/auditd  (17059): Failed on audit_set_pid with error: Protocol not supported
I/auditd  (17059): Exiting
D/Tethering(  695): MasterInitialState.processMessage what=3
I/UpdateCheckReceiver(16197): Got connectivity change, has connection: true
I/UpdateCheckReceiver(16197): Scheduling future, repeating update checks.
I/NetworkMonitor(12991): Network changed: type(1) name(WIFI) isConnected : true noData: false bitrate:192
I/GTalkService/c( 1042): [AndroidEndpoint@1101450616] connect: acct=1000000, state=CONNECTING
D/WeatherUpdateService(16214): Service started, but shouldn't update ... stopping
E/MP-Decision( 1354): UP Ld:21 Nw:1.990000 Tw:140 rq:6.200000 seq:147.000000
