D/CMStats (16251): Waiting for next sync : 15 hours
D/GCM     ( 1042): GcmService start Intent { act=android.net.conn.CONNECTIVITY_CHANGE flg=0x8000010 cmp=com.google.android.gms/.gcm.GcmService (has extras) } android.net.conn.CONNECTIVITY_CHANGE
D/NewContentCheckerReceiver(13503): -----
D/NewContentCheckerReceiver(13503): onReceive() called
D/NewContentCheckerReceiver(13503): Action: android.net.conn.CONNECTIVITY_CHANGE
D/NewContentCheckerReceiver(13503): onReceive() cancelled, duplicate call
D/dalvikvm( 1042): GC_CONCURRENT freed 531K, 62% free 4152K/10676K, paused 3ms+4ms, total 84ms
D/gp.PicasaSyncManager( 8928): reject cij (gik0geck0@gmail.com) because downsync is disabled
D/Tethering(  695): MasterInitialState.processMessage what=3
I/NetworkMonitor(12991): Network changed: type(1) name(WIFI) isConnected : true noData: false bitrate:512
D/dalvikvm(  695): GC_CONCURRENT freed 3888K, 27% free 31324K/42788K, paused 13ms+20ms, total 326ms
D/dalvikvm(  695): WAIT_FOR_CONCURRENT_GC blocked 133ms
D/dalvikvm(  695): WAIT_FOR_CONCURRENT_GC blocked 131ms
D/dalvikvm(  695): WAIT_FOR_CONCURRENT_GC blocked 131ms
D/dalvikvm(  695): WAIT_FOR_CONCURRENT_GC blocked 131ms
I/UpdateCheckReceiver(16197): Got connectivity change, has connection: true
I/UpdateCheckReceiver(16197): Scheduling future, repeating update checks.
D/WeatherUpdateService(16214): Service started, but shouldn't update ... stopping
D/CMStats (16251): Waiting for next sync : 15 hours
D/GCM     ( 1042): GcmService start Intent { act=android.net.conn.CONNECTIVITY_CHANGE flg=0x8000010 cmp=com.google.android.gms/.gcm.GcmService (has extras) } android.net.conn.CONNECTIVITY_CHANGE
D/NewContentCheckerReceiver(13503): -----
D/NewContentCheckerReceiver(13503): onReceive() called
D/NewContentCheckerReceiver(13503): Action: android.net.conn.CONNECTIVITY_CHANGE
D/NewContentCheckerReceiver(13503): onReceive() cancelled, duplicate call
D/ConnectivityService(  695): handleInetConditionHoldEnd: net=1, condition=100, published condition=0
D/Tethering(  695): MasterInitialState.processMessage what=3
I/UpdateCheckReceiver(16197): Got connectivity change, has connection: true
I/UpdateCheckReceiver(16197): Scheduling future, repeating update checks.
D/Tethering(  695): MasterInitialState.processMessage what=3
I/NetworkMonitor(12991): Network changed: type(0) name(mobile) isConnected : false noData: false bitrate:512
I/NetworkMonitor(12991): Network changed: type(1) name(WIFI) isConnected : true noData: false bitrate:192
D/WeatherUpdateService(16214): Service started, but shouldn't update ... stopping
D/CMStats (16251): Waiting for next sync : 15 hours
D/GCM     ( 1042): GcmService start Intent { act=android.net.conn.CONNECTIVITY_CHANGE flg=0x8000010 cmp=com.google.android.gms/.gcm.GcmService (has extras) } android.net.conn.CONNECTIVITY_CHANGE
D/NewContentCheckerReceiver(13503): -----
D/NewContentCheckerReceiver(13503): onReceive() called
D/NewContentCheckerReceiver(13503): Action: android.net.conn.CONNECTIVITY_CHANGE
D/NewContentCheckerReceiver(13503): onReceive() cancelled, duplicate call
D/dalvikvm( 1042): GC_CONCURRENT freed 441K, 61% free 4168K/10676K, paused 4ms+5ms, total 197ms
I/UpdateCheckReceiver(16197): Got connectivity change, has connection: true
I/UpdateCheckReceiver(16197): Scheduling future, repeating update checks.
D/ConnectivityService(  695): handleInetConditionHoldEnd: net=1, condition=100, published condition=100
D/WeatherUpdateService(16214): Service started, but shouldn't update ... stopping
D/dalvikvm(16228): GC_EXPLICIT freed 1117K, 66% free 3632K/10676K, paused 11ms+68ms, total 344ms
D/CMStats (16251): Waiting for next sync : 15 hours
D/GCM     ( 1042): GcmService start Intent { act=android.net.conn.CONNECTIVITY_CHANGE flg=0x8000010 cmp=com.google.android.gms/.gcm.GcmService (has extras) } android.net.conn.CONNECTIVITY_CHANGE
D/NewContentCheckerReceiver(13503): -----
D/NewContentCheckerReceiver(13503): onReceive() called
D/NewContentCheckerReceiver(13503): Action: android.net.conn.CONNECTIVITY_CHANGE
D/NewContentCheckerReceiver(13503): onReceive() cancelled, duplicate call
E/MP-Decision( 1354): DOWN Ld:44 Ns:1.100000 Ts:190 rq:1.000000 seq:257.000000
D/Volley  ( 8928): [3001] jn.a: HTTP response for request=<[ ] https://www.googleapis.com/batch 0x30b75e1c NORMAL 1> [lifetime=6516], [size=949], [rc=200], [retryCount=0]
D/Volley  ( 8928): [1] ix.b: 6584 ms: [ ] https://www.googleapis.com/batch 0x30b75e1c NORMAL 1
I/auditd  (17125): Starting up
E/auditd  (17125): Failed on audit_set_pid with error: Protocol not supported
I/auditd  (17125): Exiting
E/HttpTransaction( 8928): Failed to find the apiHeader field on an http request, this should not happen.
E/HttpTransaction( 8928): java.lang.NoSuchFieldException: apiHeader
E/HttpTransaction( 8928): 	at java.lang.Class.getField(Class.java:673)
E/HttpTransaction( 8928): 	at lf.i(ProGuard:180)
E/HttpTransaction( 8928): 	at lf.e(ProGuard:139)
E/HttpTransaction( 8928): 	at ayw.h(ProGuard:67)
E/HttpTransaction( 8928): 	at jq.a(ProGuard:73)
E/HttpTransaction( 8928): 	at jn.a(ProGuard:93)
E/HttpTransaction( 8928): 	at it.run(ProGuard:105)
I/qtaguid ( 8928): Failed write_ctrl(u 57) res=-1 errno=22
I/qtaguid ( 8928): Untagging socket 57 failed errno=-22
W/NetworkManagementSocketTagger( 8928): untagSocket(57) failed with errno -22
I/auditd  (17128): Starting up
E/auditd  (17128): Failed on audit_set_pid with error: Protocol not supported
I/auditd  (17128): Exiting
I/auditd  (17132): Starting up
E/auditd  (17132): Failed on audit_set_pid with error: Protocol not supported
I/auditd  (17132): Exiting
I/ActivityManager(  695): No longer want com.bel.android.dspmanager (pid 12136): empty for 1804s
E/        (  695): ../../accel.c|inv_get_accel_offset|211 returning 19
V/Sensors (  695): enable - sensor Accelerometer (handle 4) dis -> en
E/Sensors (  695): mEnabled = 10
V/Sensors (  695): setDelay - sensor Accelerometer (handle 4), rate 200 ms (5.00 Hz)
V/Sensors (  695): setDelay - sensor Accelerometer (handle 4), rate 20 ms (50.00 Hz)
W/ActivityManager(  695): Scheduling restart of crashed service com.bel.android.dspmanager/.service.HeadsetService in 5000ms
E/Sensors (  695): activatePendingSensors : mEnabled = 10
E/Sensors (  695): requested_sensors(0) from kernel
V/Sensors (  695): calling inv_set_mpu_sensors(000070)
I/MPL-fifo(  695): Actual ODR: 50000 mHz
E/Sensors (  695): set fifo rate - divider : 3, delay : 20 ms (50.00 Hz)
I/MPL-fifo(  695): Actual ODR: 50000 mHz
V/Sensors (  695): Starting DMP
W/MPL-9_sup(  695): 9 axis sensor fusion not available - No compass detected.
I/MPL-mldl_cfg_mpu:(  695): inv_mpu_resume(,,,,0070) -> 0070
E/Sensors (  695): accelHandler 2.724335 -11.623030 0.322130
E/Sensors (  695): accelHandler -1.778302 -9.439969 4.991220
E/Sensors (  695): accelHandler 0.322130 -6.606661 -6.789880
I/wpa_supplicant(  869): wlan0: Associated with d0:c2:82:3a:04:51
I/wpa_supplicant(  869): wlan0: CTRL-EVENT-CONNECTED - Connection to d0:c2:82:3a:04:51 completed (auth) [id=5 id_str=]
D/WifiStateChangeListener(16167): received broadcast intent with action: android.net.wifi.supplicant.STATE_CHANGE
D/WifiStateChangeListener(16167): isConnected: true
D/WifiStateChangeListener(16167): use_wifi_sync is: false
D/WifiStateChangeListener(16167): received broadcast intent with action: android.net.wifi.supplicant.STATE_CHANGE
D/WifiStateChangeListener(16167): isConnected: true
D/WifiStateChangeListener(16167): use_wifi_sync is: false
E/Sensors (  695): accelHandler 5.364844 -9.034014 -9.480685
V/Sensors (  695): enable - sensor Accelerometer (handle 4) en -> dis
E/Sensors (  695): mEnabled = 0
V/Sensors (  695): setDelay - sensor Accelerometer (handle 4), rate 20 ms (50.00 Hz)
E/Sensors (  695): activatePendingSensors : mEnabled = 0
E/Sensors (  695): requested_sensors(70) from kernel
I/MPL-mldl_cfg_mpu:(  695): inv_mpu_suspend(,,,,7fff) -> 0000
V/Sensors (  695): calling inv_set_mpu_sensors(000000)
V/Sensors (  695): Starting DMP
W/MPL-9_sup(  695): 9 axis sensor fusion not available - No compass detected.
I/MPL-mldl_cfg_mpu:(  695): inv_mpu_resume(,,,,0000) -> 0000
V/Sensors (  695): Stopping DMP
I/MPL-mldl_cfg_mpu:(  695): inv_mpu_suspend(,,,,7fff) -> 0000
D/dalvikvm(  946): GC_CONCURRENT freed 3260K, 22% free 12491K/15884K, paused 20ms+39ms, total 357ms
D/dalvikvm(  946): WAIT_FOR_CONCURRENT_GC blocked 327ms
E/MP-Decision( 1354): UP Ld:13 Nw:1.990000 Tw:140 rq:2.700000 seq:148.000000
E/MP-Decision( 1354): DOWN Ld:21 Ns:1.100000 Ts:190 rq:0.000000 seq:235.000000
I/auditd  (17146): Starting up
E/auditd  (17146): Failed on audit_set_pid with error: Protocol not supported
I/auditd  (17146): Exiting
I/ActivityManager(  695): Start proc com.bel.android.dspmanager for service com.bel.android.dspmanager/.service.HeadsetService: pid=17149 uid=10013 gids={50013, 3002, 1028}
I/HeadsetService(17149): Starting service.
I/HeadsetService(17149): Headset=false; Bluetooth=false
I/qtaguid ( 8928): Failed write_ctrl(u 57) res=-1 errno=22
I/qtaguid ( 8928): Untagging socket 57 failed errno=-22
W/NetworkManagementSocketTagger( 8928): untagSocket(57) failed with errno -22
D/Volley  ( 8928): [3002] jn.a: HTTP response for request=<[ ] https://www.googleapis.com/plusi/v2/ozInternal/loadsocialnetwork 0x30b75e1c NORMAL 4> [lifetime=16536], [size=802], [rc=200], [retryCount=0]
D/Volley  ( 8928): [1] ix.b: 16583 ms: [ ] https://www.googleapis.com/plusi/v2/ozInternal/loadsocialnetwork 0x30b75e1c NORMAL 4
I/qtaguid ( 8928): Failed write_ctrl(u 57) res=-1 errno=22
I/qtaguid ( 8928): Untagging socket 57 failed errno=-22
W/NetworkManagementSocketTagger( 8928): untagSocket(57) failed with errno -22
I/ActivityManager(  695): No longer want com.android.vending (pid 10968): empty #17
E/        (  695): ../../accel.c|inv_get_accel_offset|211 returning 19
V/Sensors (  695): enable - sensor Accelerometer (handle 4) dis -> en
E/Sensors (  695): mEnabled = 10
V/Sensors (  695): setDelay - sensor Accelerometer (handle 4), rate 200 ms (5.00 Hz)
V/Sensors (  695): setDelay - sensor Accelerometer (handle 4), rate 20 ms (50.00 Hz)
E/Sensors (  695): activatePendingSensors : mEnabled = 10
E/Sensors (  695): requested_sensors(0) from kernel
V/Sensors (  695): calling inv_set_mpu_sensors(000070)
I/MPL-fifo(  695): Actual ODR: 50000 mHz
E/Sensors (  695): set fifo rate - divider : 3, delay : 20 ms (50.00 Hz)
I/MPL-fifo(  695): Actual ODR: 50000 mHz
V/Sensors (  695): Starting DMP
W/MPL-9_sup(  695): 9 axis sensor fusion not available - No compass detected.
I/MPL-mldl_cfg_mpu:(  695): inv_mpu_resume(,,,,0070) -> 0070
I/auditd  (17164): Starting up
E/auditd  (17164): Failed on audit_set_pid with error: Protocol not supported
I/auditd  (17164): Exiting
E/Sensors (  695): accelHandler -0.628693 -11.694880 -5.492977
E/Sensors (  695): accelHandler 0.958008 -0.154479 -4.198469
E/Sensors (  695): accelHandler 3.592529 -9.420810 -4.391268
V/Sensors (  695): enable - sensor Accelerometer (handle 4) en -> dis
E/Sensors (  695): mEnabled = 0
V/Sensors (  695): setDelay - sensor Accelerometer (handle 4), rate 20 ms (50.00 Hz)
E/Sensors (  695): activatePendingSensors : mEnabled = 0
E/Sensors (  695): requested_sensors(70) from kernel
I/MPL-mldl_cfg_mpu:(  695): inv_mpu_suspend(,,,,7fff) -> 0000
V/Sensors (  695): calling inv_set_mpu_sensors(000000)
V/Sensors (  695): Starting DMP
W/MPL-9_sup(  695): 9 axis sensor fusion not available - No compass detected.
I/MPL-mldl_cfg_mpu:(  695): inv_mpu_resume(,,,,0000) -> 0000
V/Sensors (  695): Stopping DMP
I/MPL-mldl_cfg_mpu:(  695): inv_mpu_suspend(,,,,7fff) -> 0000
I/auditd  (17170): Starting up
E/auditd  (17170): Failed on audit_set_pid with error: Protocol not supported
I/auditd  (17170): Exiting
E/MP-Decision( 1354): UP Ld:8 Nw:1.990000 Tw:140 rq:12.100000 seq:141.000000
E/MP-Decision( 1354): DOWN Ld:8 Ns:1.100000 Ts:190 rq:0.000000 seq:428.000000
E/        (  695): ../../accel.c|inv_get_accel_offset|211 returning 19
V/Sensors (  695): enable - sensor Accelerometer (handle 4) dis -> en
E/Sensors (  695): mEnabled = 10
V/Sensors (  695): setDelay - sensor Accelerometer (handle 4), rate 200 ms (5.00 Hz)
V/Sensors (  695): setDelay - sensor Accelerometer (handle 4), rate 20 ms (50.00 Hz)
E/Sensors (  695): activatePendingSensors : mEnabled = 10
E/Sensors (  695): requested_sensors(0) from kernel
V/Sensors (  695): calling inv_set_mpu_sensors(000070)
I/MPL-fifo(  695): Actual ODR: 50000 mHz
E/Sensors (  695): set fifo rate - divider : 3, delay : 20 ms (50.00 Hz)
I/MPL-fifo(  695): Actual ODR: 50000 mHz
V/Sensors (  695): Starting DMP
W/MPL-9_sup(  695): 9 axis sensor fusion not available - No compass detected.
I/MPL-mldl_cfg_mpu:(  695): inv_mpu_resume(,,,,0070) -> 0070
E/Sensors (  695): accelHandler -1.096919 -8.802895 -5.075047
E/MP-Decision( 1354): UP Ld:8 Nw:1.990000 Tw:140 rq:2.700000 seq:147.000000
I/GCoreUlr(  946): Successfully inserted location
I/GCoreUlr(  946): Not calling LocationReportingService, hasMoved: true, elapsed millis: 486517, request: Phone
E/MP-Decision( 1354): DOWN Ld:8 Ns:1.100000 Ts:190 rq:0.000000 seq:226.000000
E/Sensors (  695): accelHandler -0.779579 -9.142987 -0.433499
E/Sensors (  695): accelHandler 0.502954 -8.272397 -5.957611
E/Sensors (  695): accelHandler 10.857821 0.728086 0.017963
V/Sensors (  695): enable - sensor Accelerometer (handle 4) en -> dis
E/Sensors (  695): mEnabled = 0
V/Sensors (  695): setDelay - sensor Accelerometer (handle 4), rate 20 ms (50.00 Hz)
E/Sensors (  695): activatePendingSensors : mEnabled = 0
E/Sensors (  695): requested_sensors(70) from kernel
I/MPL-mldl_cfg_mpu:(  695): inv_mpu_suspend(,,,,7fff) -> 0000
V/Sensors (  695): calling inv_set_mpu_sensors(000000)
V/Sensors (  695): Starting DMP
W/MPL-9_sup(  695): 9 axis sensor fusion not available - No compass detected.
I/MPL-mldl_cfg_mpu:(  695): inv_mpu_resume(,,,,0000) -> 0000
V/Sensors (  695): Stopping DMP
I/MPL-mldl_cfg_mpu:(  695): inv_mpu_suspend(,,,,7fff) -> 0000
I/auditd  (17196): Starting up
E/auditd  (17196): Failed on audit_set_pid with error: Protocol not supported
I/auditd  (17196): Exiting
D/dalvikvm(  695): GC_EXPLICIT freed 5072K, 30% free 27481K/39036K, paused 12ms+46ms, total 405ms
E/MP-Decision( 1354): UP Ld:8 Nw:1.990000 Tw:140 rq:4.000000 seq:156.000000
E/        (  695): ../../accel.c|inv_get_accel_offset|211 returning 19
V/Sensors (  695): enable - sensor Accelerometer (handle 4) dis -> en
E/Sensors (  695): mEnabled = 10
V/Sensors (  695): setDelay - sensor Accelerometer (handle 4), rate 200 ms (5.00 Hz)
V/Sensors (  695): setDelay - sensor Accelerometer (handle 4), rate 20 ms (50.00 Hz)
E/Sensors (  695): activatePendingSensors : mEnabled = 10
E/Sensors (  695): requested_sensors(0) from kernel
V/Sensors (  695): calling inv_set_mpu_sensors(000070)
I/MPL-fifo(  695): Actual ODR: 50000 mHz
E/Sensors (  695): set fifo rate - divider : 3, delay : 20 ms (50.00 Hz)
I/MPL-fifo(  695): Actual ODR: 50000 mHz
V/Sensors (  695): Starting DMP
W/MPL-9_sup(  695): 9 axis sensor fusion not available - No compass detected.
I/MPL-mldl_cfg_mpu:(  695): inv_mpu_resume(,,,,0070) -> 0070
E/MP-Decision( 1354): DOWN Ld:8 Ns:1.100000 Ts:190 rq:0.000000 seq:229.000000
E/Sensors (  695): accelHandler 8.139474 0.271835 -5.648654
E/Sensors (  695): accelHandler 8.099957 0.211959 -5.671406
E/Sensors (  695): accelHandler 8.151449 0.061073 -5.846243
E/Sensors (  695): accelHandler 8.176597 0.393981 -5.698949
V/Sensors (  695): enable - sensor Accelerometer (handle 4) en -> dis
E/Sensors (  695): mEnabled = 0
V/Sensors (  695): setDelay - sensor Accelerometer (handle 4), rate 20 ms (50.00 Hz)
E/Sensors (  695): activatePendingSensors : mEnabled = 0
E/Sensors (  695): requested_sensors(70) from kernel
I/MPL-mldl_cfg_mpu:(  695): inv_mpu_suspend(,,,,7fff) -> 0000
V/Sensors (  695): calling inv_set_mpu_sensors(000000)
V/Sensors (  695): Starting DMP
W/MPL-9_sup(  695): 9 axis sensor fusion not available - No compass detected.
I/MPL-mldl_cfg_mpu:(  695): inv_mpu_resume(,,,,0000) -> 0000
V/Sensors (  695): Stopping DMP
I/MPL-mldl_cfg_mpu:(  695): inv_mpu_suspend(,,,,7fff) -> 0000
I/rmt_storage(  357): rmt_storage_rw_iovec_cb: /boot/modem_fs2: clnt_h=0x2: req_h=0x36e msg_id=3: R/W request received
I/rmt_storage(  357): wakelock acquired: 1, error no: 110
I/rmt_storage(  357): rmt_storage_client_thread: /boot/modem_fs2: clnt_h=0x2 Unblock worker thread (th_id: -1213287104)
D/QMI_FW  (  357): QCSI: QMI_CSI_RX: cntl_flag - 00, txn_id - 01b5, msg_id - 0003, msg_len - 002b
I/auditd  (17210): Starting up
E/auditd  (17210): Failed on audit_set_pid with error: Protocol not supported
I/auditd  (17210): Exiting
D/QMI_FW  (  357): QCSI: xport_handle_event[17]
I/rmt_storage(  357): rmt_storage_client_thread: /boot/modem_fs2: clnt_h=0x2: req_h=0x36e msg_id=3: Bytes written = 3145216
I/rmt_storage(  357): rmt_storage_client_thread: /boot/modem_fs2: clnt_h=0x2: req_h=0x36e msg_id=3: Bytes written = 512
I/rmt_storage(  357): rmt_storage_client_thread: /boot/modem_fs2: clnt_h=0x2: req_h=0x36e msg_id=3: Send response: res=0 err=0
I/rmt_storage(  357): rmt_storage_client_thread: /boot/modem_fs2: clnt_h=0x2 About to block rmt_storage client thread (th_id: -1213287104) wakelock released: 1, error no: 0
I/rmt_storage(  357): 
D/QMI_FW  (  357): QCSI: QMI_CSI_TX: cntl_flag - 02, txn_id - 01b5, msg_id - 0003, msg_len - 0007
D/QMI_FW  (  357): QCSI: Sent[17]: 14 bytes to port 1280
I/Choreographer(31827): Skipped 32 frames!  The application may be doing too much work on its main thread.
I/auditd  (17213): Starting up
E/auditd  (17213): Failed on audit_set_pid with error: Protocol not supported
I/auditd  (17213): Exiting
I/auditd  (17218): Starting up
E/auditd  (17218): Failed on audit_set_pid with error: Protocol not supported
I/auditd  (17218): Exiting
I/wpa_supplicant(  869): wlan0: CTRL-EVENT-DISCONNECTED bssid=d0:c2:82:3a:04:51 reason=0
D/CommandListener(  309): Clearing all IP addresses on wlan0
D/ConnectivityService(  695): ConnectivityChange for WIFI: DISCONNECTED/DISCONNECTED
D/ConnectivityService(  695): Attempting to switch to mobile
D/ConnectivityService(  695): Attempting to switch to BLUETOOTH_TETHER
E/MP-Decision( 1354): UP Ld:8 Nw:1.990000 Tw:140 rq:7.500000 seq:146.000000
D/WifiStateChangeListener(16167): received broadcast intent with action: android.net.wifi.STATE_CHANGE
D/WifiStateChangeListener(16167): isConnected: false
D/WifiStateChangeListener(16167): use_wifi_sync is: false
D/NetUtils(  695): android_net_utils_resetConnections in env=0x73cd5ee8 clazz=0x29e00001 iface=wlan0 mask=0x3
D/ConnectivityService(  695): resetConnections(wlan0, 3)
D/WifiStateChangeListener(16167): received broadcast intent with action: android.net.wifi.supplicant.STATE_CHANGE
D/WifiStateChangeListener(16167): isConnected: false
D/WifiStateChangeListener(16167): use_wifi_sync is: false
D/WifiStateChangeListener(16167): received broadcast intent with action: android.net.wifi.supplicant.STATE_CHANGE
D/WifiStateChangeListener(16167): isConnected: false
D/WifiStateChangeListener(16167): use_wifi_sync is: false
I/wpa_supplicant(  869): wlan0: Trying to associate with 20:37:06:f7:94:d1 (SSID='CSMwireless' freq=2412 MHz)
D/Nat464Xlat(  695): requiresClat: netType=1, hasIPv4Address=false
D/ConnectivityService(  695): ConnectivityChange for WIFI: DISCONNECTED/DISCONNECTED
D/ConnectivityService(  695): Attempting to switch to mobile
D/ConnectivityService(  695): Attempting to switch to BLUETOOTH_TETHER
D/Nat464Xlat(  695): requiresClat: netType=1, hasIPv4Address=false
D/WifiStateChangeListener(16167): received broadcast intent with action: android.net.wifi.supplicant.STATE_CHANGE
D/WifiStateChangeListener(16167): isConnected: false
D/WifiStateChangeListener(16167): use_wifi_sync is: false
W/Smack/Packet( 1042): notify conn break (IOEx), close connection
I/qtaguid ( 1042): Failed write_ctrl(u 61) res=-1 errno=22
I/qtaguid ( 1042): Untagging socket 61 failed errno=-22
W/NetworkManagementSocketTagger( 1042): untagSocket(61) failed with errno -22
D/ConnectivityService(  695): handleInetConditionChange: no active default network - ignore
E/MP-Decision( 1354): DOWN Ld:17 Ns:1.100000 Ts:190 rq:0.500000 seq:278.000000
I/wpa_supplicant(  869): wlan0: Associated with 20:37:06:f7:94:d1
I/wpa_supplicant(  869): wlan0: CTRL-EVENT-CONNECTED - Connection to 20:37:06:f7:94:d1 completed (auth) [id=5 id_str=]
D/WifiStateChangeListener(16167): received broadcast intent with action: android.net.wifi.STATE_CHANGE
D/WifiStateChangeListener(16167): isConnected: false
D/WifiStateChangeListener(16167): use_wifi_sync is: false
D/WifiStateChangeListener(16167): received broadcast intent with action: android.net.wifi.supplicant.STATE_CHANGE
D/WifiStateChangeListener(16167): isConnected: false
D/WifiStateChangeListener(16167): use_wifi_sync is: false
D/WifiStateChangeListener(16167): received broadcast intent with action: android.net.wifi.supplicant.STATE_CHANGE
D/WifiStateChangeListener(16167): isConnected: false
D/WifiStateChangeListener(16167): use_wifi_sync is: false
D/DHCP    (  373): ===== DHCP message:
D/DHCP    (  373): op = BOOTREQUEST (1), htype = 1, hlen = 6, hops = 0
D/DHCP    (  373): xid = 0x8a484b06 secs = 0, flags = 0x8000 optlen = 14
D/DHCP    (  373): ciaddr = 0.0.0.0
D/DHCP    (  373): yiaddr = 0.0.0.0
D/DHCP    (  373): siaddr = 0.0.0.0
D/DHCP    (  373): giaddr = 0.0.0.0
D/DHCP    (  373): chaddr = { 00  00  00  00  00  00 }
D/DHCP    (  373): sname = ''
D/DHCP    (  373): file = ''
D/DHCP    (  373): op 53 len 1 { 01 } discover
D/DHCP    (  373): op 55 len 4 { 01  03  06  1c } 
D/DHCP    (  373): ===== DHCP message:
D/DHCP    (  373): op = BOOTREPLY (2), htype = 1, hlen = 6, hops = 0
D/DHCP    (  373): xid = 0x8a484b06 secs = 0, flags = 0x8000 optlen = 42
D/DHCP    (  373): ciaddr = 0.0.0.0
D/DHCP    (  373): yiaddr = 10.176.149.99
D/DHCP    (  373): siaddr = 10.176.149.97
D/DHCP    (  373): giaddr = 0.0.0.0
D/DHCP    (  373): chaddr = { 00  00  00  00  00  00 }
D/DHCP    (  373): sname = ''
D/DHCP    (  373): file = ''
D/DHCP    (  373): op 53 len 1 { 02 } offer
D/DHCP    (  373): op 1 len 4 { ff  ff  ff  f8 } 
D/DHCP    (  373): op 3 len 4 { 0a  b0  95  61 } 
D/DHCP    (  373): op 6 len 8 { c6  e0  a0  87  c6  e0  a4  87 } 
D/DHCP    (  373): op 51 len 4 { 00  00  1c  20 } 
D/DHCP    (  373): op 54 len 4 { 0a  b0  95  61 } 
D/DHCP    (  373): --- dhcp offer (2) ---
D/DHCP    (  373): ip 10.176.149.99 gw 10.176.149.97 prefixLength 29
D/DHCP    (  373): dns1: 198.224.160.135
D/DHCP    (  373): dns2: 198.224.164.135
D/DHCP    (  373): server 10.176.149.97, lease 7200 seconds
D/DHCP    (  373): ===== DHCP message:
D/DHCP    (  373): op = BOOTREQUEST (1), htype = 1, hlen = 6, hops = 0
D/DHCP    (  373): xid = 0x8b484b06 secs = 0, flags = 0x8000 optlen = 26
D/DHCP    (  373): ciaddr = 0.0.0.0
D/DHCP    (  373): yiaddr = 0.0.0.0
D/DHCP    (  373): siaddr = 0.0.0.0
D/DHCP    (  373): giaddr = 0.0.0.0
D/DHCP    (  373): chaddr = { 00  00  00  00  00  00 }
D/DHCP    (  373): sname = ''
D/DHCP    (  373): file = ''
D/DHCP    (  373): op 53 len 1 { 03 } request
D/DHCP    (  373): op 55 len 4 { 01  03  06  1c } 
D/DHCP    (  373): op 50 len 4 { 0a  b0  95  63 } 
D/DHCP    (  373): op 54 len 4 { 0a  b0  95  61 } 
D/DHCP    (  373): ===== DHCP message:
D/DHCP    (  373): op = BOOTREPLY (2), htype = 1, hlen = 6, hops = 0
D/DHCP    (  373): xid = 0x8b484b06 secs = 0, flags = 0x8000 optlen = 42
D/DHCP    (  373): ciaddr = 0.0.0.0
D/DHCP    (  373): yiaddr = 10.176.149.99
D/DHCP    (  373): siaddr = 10.176.149.97
D/DHCP    (  373): giaddr = 0.0.0.0
D/DHCP    (  373): chaddr = { 00  00  00  00  00  00 }
D/DHCP    (  373): sname = ''
D/DHCP    (  373): file = ''
D/DHCP    (  373): op 53 len 1 { 05 } ack
D/DHCP    (  373): op 1 len 4 { ff  ff  ff  f8 } 
D/DHCP    (  373): op 3 len 4 { 0a  b0  95  61 } 
D/DHCP    (  373): op 6 len 8 { c6  e0  a0  87  c6  e0  a4  87 } 
D/DHCP    (  373): op 54 len 4 { 0a  b0  95  61 } 
D/DHCP    (  373): op 51 len 4 { 00  00  1c  20 } 
D/DHCP    (  373): --- dhcp ack (5) ---
D/DHCP    (  373): ip 10.176.149.99 gw 10.176.149.97 prefixLength 29
D/DHCP    (  373): dns1: 198.224.160.135
D/DHCP    (  373): dns2: 198.224.164.135
D/DHCP    (  373): server 10.176.149.97, lease 7200 seconds
D/DHCP    (  373): configuring rmnet0
I/auditd  (17242): Starting up
E/auditd  (17242): Failed on audit_set_pid with error: Protocol not supported
I/auditd  (17242): Exiting
D/Tethering(  695): MasterInitialState.processMessage what=3
E/MP-Decision( 1354): UP Ld:8 Nw:1.990000 Tw:140 rq:5.500000 seq:146.000000
I/UpdateCheckReceiver(16197): Got connectivity change, has connection: false
I/NetworkMonitor(12991): Network changed: type(1) name(WIFI) isConnected : false noData: true bitrate:512
I/NetworkMonitor(12991): Connectivity status changed to (NOT CONNECTED) wifi: false mobile: falseethernet: false
D/Tethering(  695): MasterInitialState.processMessage what=3
D/ConnectivityService(  695): ConnectivityChange for mobile: CONNECTED/CONNECTED
I/NetworkMonitor(12991): Network changed: type(1) name(WIFI) isConnected : false noData: true bitrate:96
D/CMStats (16251): Waiting for next sync : 15 hours
D/Nat464Xlat(  695): requiresClat: netType=0, hasIPv4Address=true
D/GCM     ( 1042): GcmService start Intent { act=android.net.conn.CONNECTIVITY_CHANGE flg=0x8000010 cmp=com.google.android.gms/.gcm.GcmService (has extras) } android.net.conn.CONNECTIVITY_CHANGE
D/gp.PicasaSyncManager( 8928): reject cij (gik0geck0@gmail.com) because downsync is disabled
D/NewContentCheckerReceiver(13503): -----
D/NewContentCheckerReceiver(13503): onReceive() called
D/NewContentCheckerReceiver(13503): Action: android.net.conn.CONNECTIVITY_CHANGE
D/NewContentCheckerReceiver(13503): onReceive() cancelled, duplicate call
I/UpdateCheckReceiver(16197): Got connectivity change, has connection: false
D/CMStats (16251): Waiting for next sync : 15 hours
D/GCM     ( 1042): GcmService start Intent { act=android.net.conn.CONNECTIVITY_CHANGE flg=0x8000010 cmp=com.google.android.gms/.gcm.GcmService (has extras) } android.net.conn.CONNECTIVITY_CHANGE
D/NewContentCheckerReceiver(13503): -----
D/NewContentCheckerReceiver(13503): onReceive() called
D/NewContentCheckerReceiver(13503): Action: android.net.conn.CONNECTIVITY_CHANGE
D/NewContentCheckerReceiver(13503): onReceive() cancelled, duplicate call
D/ConnectivityService(  695): NetTransition Wakelock for ConnectedState released by timeout
E/MP-Decision( 1354): DOWN Ld:18 Ns:1.100000 Ts:190 rq:1.000000 seq:277.000000
D/ConnectivityService(  695): handleConnectivityChange: addresses changed linkProperty[0]: resetMask=0
D/ConnectivityService(  695):    car=removed=[] added=[2600:100e:b00d:f8c3:a582:7258:21be:b6ee/64,]
D/Tethering(  695): MasterInitialState.processMessage what=3
D/Nat464Xlat(  695): requiresClat: netType=0, hasIPv4Address=true
I/GTalkService/c( 1042): [AndroidEndpoint@1101450616] connect: acct=1000000, state=CONNECTING
E/MP-Decision( 1354): UP Ld:1 Nw:1.990000 Tw:140 rq:5.900000 seq:144.000000
E/MP-Decision( 1354): DOWN Ld:1 Ns:1.100000 Ts:190 rq:1.100000 seq:238.000000
D/Tethering(  695): MasterInitialState.processMessage what=3
I/UpdateCheckReceiver(16197): Got connectivity change, has connection: true
I/UpdateCheckReceiver(16197): Scheduling future, repeating update checks.
I/NetworkMonitor(12991): Network changed: type(0) name(mobile) isConnected : true noData: false bitrate:96
I/NetworkMonitor(12991): Connectivity status changed to (CONNECTED) wifi: false mobile: trueethernet: false
E/MP-Decision( 1354): UP Ld:1 Nw:1.990000 Tw:140 rq:8.500000 seq:147.000000
D/WeatherUpdateService(16214): Service started, but shouldn't update ... stopping
D/CMStats (16251): Waiting for next sync : 15 hours
D/GCM     ( 1042): GcmService start Intent { act=android.net.conn.CONNECTIVITY_CHANGE flg=0x8000010 cmp=com.google.android.gms/.gcm.GcmService (has extras) } android.net.conn.CONNECTIVITY_CHANGE
D/NewContentCheckerReceiver(13503): -----
D/NewContentCheckerReceiver(13503): onReceive() called
D/NewContentCheckerReceiver(13503): Action: android.net.conn.CONNECTIVITY_CHANGE
D/NewContentCheckerReceiver(13503): onReceive() cancelled, duplicate call
D/dalvikvm( 1042): GC_CONCURRENT freed 417K, 61% free 4225K/10676K, paused 8ms+8ms, total 145ms
E/MP-Decision( 1354): DOWN Ld:25 Ns:1.100000 Ts:190 rq:0.100000 seq:337.000000
D/ConnectivityService(  695): handleInetConditionHoldEnd: net=0, condition=100, published condition=0
I/auditd  (17322): Starting up
E/auditd  (17322): Failed on audit_set_pid with error: Protocol not supported
I/auditd  (17322): Exiting
D/WifiStateChangeListener(16167): received broadcast intent with action: android.net.wifi.STATE_CHANGE
D/WifiStateChangeListener(16167): isConnected: false
D/WifiStateChangeListener(16167): use_wifi_sync is: false
D/ConnectivityService(  695): Captive portal check NetworkInfo: type: WIFI[], state: CONNECTING/CAPTIVE_PORTAL_CHECK, reason: (unspecified), extra: "CSMwireless", roaming: false, failover: false, isAvailable: true
D/ConnectivityService(  695): Captive check on WIFI
D/ConnectivityService(  695): Captive portal check NetworkInfo: type: WIFI[], state: CONNECTING/CAPTIVE_PORTAL_CHECK, reason: (unspecified), extra: "CSMwireless", roaming: false, failover: false, isAvailable: true
D/ConnectivityService(  695): Captive check on WIFI
D/WifiStateChangeListener(16167): received broadcast intent with action: android.net.wifi.STATE_CHANGE
D/WifiStateChangeListener(16167): isConnected: false
D/WifiStateChangeListener(16167): use_wifi_sync is: false
D/ConnectivityService(  695): ConnectivityChange for WIFI: CONNECTED/CONNECTED
D/ConnectivityService(  695): Policy requires mobile teardown
E/MP-Decision( 1354): UP Ld:5 Nw:1.990000 Tw:140 rq:4.900000 seq:144.000000
D/dalvikvm(  966): GC_CONCURRENT freed 1087K, 48% free 5591K/10676K, paused 8ms+3ms, total 54ms
D/WifiStateChangeListener(16167): received broadcast intent with action: android.net.wifi.STATE_CHANGE
D/WifiStateChangeListener(16167): isConnected: true
D/WifiStateChangeListener(16167): use_wifi_sync is: false
D/Nat464Xlat(  695): requiresClat: netType=1, hasIPv4Address=true
D/ConnectivityService(  695): ConnectivityChange for WIFI: CONNECTED/CONNECTED
W/Smack/Packet( 1042): notify conn break (IOEx), close connection
D/ConnectivityService(  695): handleConnectivityChange: address are the same reset per doReset linkProperty[1]: resetMask=0
D/Nat464Xlat(  695): requiresClat: netType=1, hasIPv4Address=true
D/ConnectivityService(  695): ConnectivityChange for mobile: DISCONNECTED/DISCONNECTED
D/ConnectivityService(  695): Attempting to switch to WIFI
D/ConnectivityService(  695): Attempting to switch to BLUETOOTH_TETHER
I/qtaguid ( 1042): Failed write_ctrl(u 61) res=-1 errno=22
I/qtaguid ( 1042): Untagging socket 61 failed errno=-22
W/NetworkManagementSocketTagger( 1042): untagSocket(61) failed with errno -22
D/NetUtils(  695): android_net_utils_resetConnections in env=0x73cd5ee8 clazz=0x6cf00001 iface=rmnet0 mask=0x3
D/ConnectivityService(  695): resetConnections(rmnet0, 3)
D/Nat464Xlat(  695): requiresClat: netType=0, hasIPv4Address=true
D/ConnectivityService(  695): handleInetConditionChange: net=0 != default=1 - ignore
I/auditd  (17388): Starting up
E/auditd  (17388): Failed on audit_set_pid with error: Protocol not supported
I/auditd  (17388): Exiting
I/GTalkService/c( 1042): [AndroidEndpoint@1101450616] connect: acct=1000000, state=CONNECTING
E/MP-Decision( 1354): DOWN Ld:23 Ns:1.100000 Ts:190 rq:0.300000 seq:276.000000
D/Tethering(  695): MasterInitialState.processMessage what=3
I/UpdateCheckReceiver(16197): Got connectivity change, has connection: true
I/UpdateCheckReceiver(16197): Scheduling future, repeating update checks.
I/NetworkMonitor(12991): Network changed: type(1) name(WIFI) isConnected : true noData: false bitrate:192
D/Tethering(  695): MasterInitialState.processMessage what=3
E/MP-Decision( 1354): UP Ld:5 Nw:1.990000 Tw:140 rq:11.500000 seq:147.000000
I/NetworkMonitor(12991): Network changed: type(1) name(WIFI) isConnected : true noData: false bitrate:512
D/WeatherUpdateService(16214): Service started, but shouldn't update ... stopping
D/CMStats (16251): Waiting for next sync : 15 hours
D/GCM     ( 1042): GcmService start Intent { act=android.net.conn.CONNECTIVITY_CHANGE flg=0x8000010 cmp=com.google.android.gms/.gcm.GcmService (has extras) } android.net.conn.CONNECTIVITY_CHANGE
D/NewContentCheckerReceiver(13503): -----
D/NewContentCheckerReceiver(13503): onReceive() called
D/NewContentCheckerReceiver(13503): Action: android.net.conn.CONNECTIVITY_CHANGE
D/NewContentCheckerReceiver(13503): onReceive() cancelled, duplicate call
D/gp.PicasaSyncManager( 8928): reject cij (gik0geck0@gmail.com) because downsync is disabled
E/MP-Decision( 1354): DOWN Ld:8 Ns:1.100000 Ts:190 rq:1.000000 seq:196.000000
D/dalvikvm(  695): GC_EXPLICIT freed 3331K, 30% free 27458K/39036K, paused 10ms+34ms, total 341ms
D/Tethering(  695): MasterInitialState.processMessage what=3
I/NetworkMonitor(12991): Network changed: type(0) name(mobile) isConnected : false noData: false bitrate:512
D/Tethering(  695): MasterInitialState.processMessage what=3
I/NetworkMonitor(12991): Network changed: type(1) name(WIFI) isConnected : true noData: false bitrate:192
E/MP-Decision( 1354): UP Ld:24 Nw:1.990000 Tw:140 rq:6.100000 seq:146.000000
I/UpdateCheckReceiver(16197): Got connectivity change, has connection: true
I/UpdateCheckReceiver(16197): Scheduling future, repeating update checks.
D/WeatherUpdateService(16214): Service started, but shouldn't update ... stopping
D/CMStats (16251): Waiting for next sync : 15 hours
D/GCM     ( 1042): GcmService start Intent { act=android.net.conn.CONNECTIVITY_CHANGE flg=0x8000010 cmp=com.google.android.gms/.gcm.GcmService (has extras) } android.net.conn.CONNECTIVITY_CHANGE
D/NewContentCheckerReceiver(13503): -----
D/NewContentCheckerReceiver(13503): onReceive() called
D/NewContentCheckerReceiver(13503): Action: android.net.conn.CONNECTIVITY_CHANGE
D/NewContentCheckerReceiver(13503): onReceive() cancelled, duplicate call
I/UpdateCheckReceiver(16197): Got connectivity change, has connection: true
I/UpdateCheckReceiver(16197): Scheduling future, repeating update checks.
D/WeatherUpdateService(16214): Service started, but shouldn't update ... stopping
D/CMStats (16251): Waiting for next sync : 15 hours
D/GCM     ( 1042): GcmService start Intent { act=android.net.conn.CONNECTIVITY_CHANGE flg=0x8000010 cmp=com.google.android.gms/.gcm.GcmService (has extras) } android.net.conn.CONNECTIVITY_CHANGE
D/NewContentCheckerReceiver(13503): -----
D/NewContentCheckerReceiver(13503): onReceive() called
D/NewContentCheckerReceiver(13503): Action: android.net.conn.CONNECTIVITY_CHANGE
D/NewContentCheckerReceiver(13503): onReceive() cancelled, duplicate call
I/UpdateCheckReceiver(16197): Got connectivity change, has connection: true
I/UpdateCheckReceiver(16197): Scheduling future, repeating update checks.
D/WeatherUpdateService(16214): Service started, but shouldn't update ... stopping
D/CMStats (16251): Waiting for next sync : 15 hours
D/GCM     ( 1042): GcmService start Intent { act=android.net.conn.CONNECTIVITY_CHANGE flg=0x8000010 cmp=com.google.android.gms/.gcm.GcmService (has extras) } android.net.conn.CONNECTIVITY_CHANGE
D/NewContentCheckerReceiver(13503): -----
D/NewContentCheckerReceiver(13503): onReceive() called
D/NewContentCheckerReceiver(13503): Action: android.net.conn.CONNECTIVITY_CHANGE
D/NewContentCheckerReceiver(13503): onReceive() cancelled, duplicate call
D/dalvikvm( 1042): GC_CONCURRENT freed 604K, 62% free 4156K/10676K, paused 3ms+4ms, total 49ms
E/MP-Decision( 1354): DOWN Ld:40 Ns:1.100000 Ts:190 rq:0.000000 seq:398.000000
I/auditd  (17461): Starting up
E/auditd  (17461): Failed on audit_set_pid with error: Protocol not supported
I/auditd  (17461): Exiting
I/wpa_supplicant(  869): wlan0: CTRL-EVENT-DISCONNECTED bssid=20:37:06:f7:94:d1 reason=0
D/CommandListener(  309): Clearing all IP addresses on wlan0
D/ConnectivityService(  695): ConnectivityChange for WIFI: DISCONNECTED/DISCONNECTED
D/ConnectivityService(  695): Attempting to switch to mobile
D/ConnectivityService(  695): Attempting to switch to BLUETOOTH_TETHER
D/WifiStateChangeListener(16167): received broadcast intent with action: android.net.wifi.STATE_CHANGE
D/WifiStateChangeListener(16167): isConnected: false
D/WifiStateChangeListener(16167): use_wifi_sync is: false
E/MP-Decision( 1354): UP Ld:1 Nw:1.990000 Tw:140 rq:5.900000 seq:143.000000
D/WifiStateChangeListener(16167): received broadcast intent with action: android.net.wifi.supplicant.STATE_CHANGE
D/WifiStateChangeListener(16167): isConnected: false
D/WifiStateChangeListener(16167): use_wifi_sync is: false
D/NetUtils(  695): android_net_utils_resetConnections in env=0x73cd5ee8 clazz=0x80900001 iface=wlan0 mask=0x3
D/ConnectivityService(  695): resetConnections(wlan0, 3)
D/WifiStateChangeListener(16167): received broadcast intent with action: android.net.wifi.supplicant.STATE_CHANGE
D/WifiStateChangeListener(16167): isConnected: false
D/WifiStateChangeListener(16167): use_wifi_sync is: false
I/auditd  (17469): Starting up
E/auditd  (17469): Failed on audit_set_pid with error: Protocol not supported
I/auditd  (17469): Exiting
D/Nat464Xlat(  695): requiresClat: netType=1, hasIPv4Address=false
D/ConnectivityService(  695): ConnectivityChange for WIFI: DISCONNECTED/DISCONNECTED
D/ConnectivityService(  695): Attempting to switch to mobile
D/ConnectivityService(  695): Attempting to switch to BLUETOOTH_TETHER
D/Nat464Xlat(  695): requiresClat: netType=1, hasIPv4Address=false
E/GTalkService( 1042): connectionClosed: no XMPPConnection - That's strange!
D/ConnectivityService(  695): handleInetConditionChange: no active default network - ignore
E/MP-Decision( 1354): DOWN Ld:29 Ns:1.100000 Ts:190 rq:0.000000 seq:357.000000
W/SocketClient(  309): write error (Broken pipe)
D/Tethering(  695): MasterInitialState.processMessage what=3
I/UpdateCheckReceiver(16197): Got connectivity change, has connection: false
D/Tethering(  695): MasterInitialState.processMessage what=3
I/NetworkMonitor(12991): Network changed: type(1) name(WIFI) isConnected : false noData: true bitrate:512
I/NetworkMonitor(12991): Connectivity status changed to (NOT CONNECTED) wifi: false mobile: falseethernet: false
E/MP-Decision( 1354): UP Ld:2 Nw:1.990000 Tw:140 rq:6.100000 seq:147.000000
I/NetworkMonitor(12991): Network changed: type(1) name(WIFI) isConnected : false noData: true bitrate:96
D/PicasaUploaderSyncManager(15985): active network: null
D/GCM     ( 1042): GcmService start Intent { act=android.net.conn.CONNECTIVITY_CHANGE flg=0x8000010 cmp=com.google.android.gms/.gcm.GcmService (has extras) } android.net.conn.CONNECTIVITY_CHANGE
D/NewContentCheckerReceiver(13503): -----
D/NewContentCheckerReceiver(13503): onReceive() called
D/NewContentCheckerReceiver(13503): Action: android.net.conn.CONNECTIVITY_CHANGE
D/NewContentCheckerReceiver(13503): onReceive() cancelled, missing internet connection
D/gp.PicasaSyncManager( 8928): reject cij (gik0geck0@gmail.com) for disabled background data
I/UpdateCheckReceiver(16197): Got connectivity change, has connection: false
D/GCM     ( 1042): GcmService start Intent { act=android.net.conn.CONNECTIVITY_CHANGE flg=0x8000010 cmp=com.google.android.gms/.gcm.GcmService (has extras) } android.net.conn.CONNECTIVITY_CHANGE
D/NewContentCheckerReceiver(13503): -----
D/NewContentCheckerReceiver(13503): onReceive() called
D/NewContentCheckerReceiver(13503): Action: android.net.conn.CONNECTIVITY_CHANGE
D/NewContentCheckerReceiver(13503): onReceive() cancelled, missing internet connection
E/MP-Decision( 1354): DOWN Ld:16 Ns:1.100000 Ts:190 rq:0.000000 seq:277.000000
D/DHCP    (  373): ===== DHCP message:
D/DHCP    (  373): op = BOOTREQUEST (1), htype = 1, hlen = 6, hops = 0
D/DHCP    (  373): xid = 0x57a74b06 secs = 0, flags = 0x8000 optlen = 14
D/DHCP    (  373): ciaddr = 0.0.0.0
D/DHCP    (  373): yiaddr = 0.0.0.0
D/DHCP    (  373): siaddr = 0.0.0.0
D/DHCP    (  373): giaddr = 0.0.0.0
D/DHCP    (  373): chaddr = { 00  00  00  00  00  00 }
D/DHCP    (  373): sname = ''
D/DHCP    (  373): file = ''
D/DHCP    (  373): op 53 len 1 { 01 } discover
D/DHCP    (  373): op 55 len 4 { 01  03  06  1c } 
D/DHCP    (  373): ===== DHCP message:
D/DHCP    (  373): op = BOOTREPLY (2), htype = 1, hlen = 6, hops = 0
D/DHCP    (  373): xid = 0x57a74b06 secs = 0, flags = 0x8000 optlen = 42
D/DHCP    (  373): ciaddr = 0.0.0.0
D/DHCP    (  373): yiaddr = 10.176.167.24
D/DHCP    (  373): siaddr = 10.176.167.25
D/DHCP    (  373): giaddr = 0.0.0.0
D/DHCP    (  373): chaddr = { 00  00  00  00  00  00 }
D/DHCP    (  373): sname = ''
D/DHCP    (  373): file = ''
D/DHCP    (  373): op 53 len 1 { 02 } offer
D/DHCP    (  373): op 1 len 4 { ff  ff  ff  fc } 
D/DHCP    (  373): op 3 len 4 { 0a  b0  a7  19 } 
D/DHCP    (  373): op 6 len 8 { c6  e0  a0  87  c6  e0  a4  87 } 
D/DHCP    (  373): op 51 len 4 { 00  00  1c  20 } 
D/DHCP    (  373): op 54 len 4 { 0a  b0  a7  19 } 
D/DHCP    (  373): --- dhcp offer (2) ---
D/DHCP    (  373): ip 10.176.167.24 gw 10.176.167.25 prefixLength 30
D/DHCP    (  373): dns1: 198.224.160.135
D/DHCP    (  373): dns2: 198.224.164.135
D/DHCP    (  373): server 10.176.167.25, lease 7200 seconds
D/DHCP    (  373): ===== DHCP message:
D/DHCP    (  373): op = BOOTREQUEST (1), htype = 1, hlen = 6, hops = 0
D/DHCP    (  373): xid = 0x58a74b06 secs = 0, flags = 0x8000 optlen = 26
D/DHCP    (  373): ciaddr = 0.0.0.0
D/DHCP    (  373): yiaddr = 0.0.0.0
D/DHCP    (  373): siaddr = 0.0.0.0
D/DHCP    (  373): giaddr = 0.0.0.0
D/DHCP    (  373): chaddr = { 00  00  00  00  00  00 }
D/DHCP    (  373): sname = ''
D/DHCP    (  373): file = ''
D/DHCP    (  373): op 53 len 1 { 03 } request
D/DHCP    (  373): op 55 len 4 { 01  03  06  1c } 
D/DHCP    (  373): op 50 len 4 { 0a  b0  a7  18 } 
D/DHCP    (  373): op 54 len 4 { 0a  b0  a7  19 } 
D/DHCP    (  373): ===== DHCP message:
D/DHCP    (  373): op = BOOTREPLY (2), htype = 1, hlen = 6, hops = 0
D/DHCP    (  373): xid = 0x58a74b06 secs = 0, flags = 0x8000 optlen = 42
D/DHCP    (  373): ciaddr = 0.0.0.0
D/DHCP    (  373): yiaddr = 10.176.167.24
D/DHCP    (  373): siaddr = 10.176.167.25
D/DHCP    (  373): giaddr = 0.0.0.0
D/DHCP    (  373): chaddr = { 00  00  00  00  00  00 }
D/DHCP    (  373): sname = ''
D/DHCP    (  373): file = ''
D/DHCP    (  373): op 53 len 1 { 05 } ack
D/DHCP    (  373): op 1 len 4 { ff  ff  ff  fc } 
D/DHCP    (  373): op 3 len 4 { 0a  b0  a7  19 } 
D/DHCP    (  373): op 6 len 8 { c6  e0  a0  87  c6  e0  a4  87 } 
D/DHCP    (  373): op 54 len 4 { 0a  b0  a7  19 } 
D/DHCP    (  373): op 51 len 4 { 00  00  1c  20 } 
D/DHCP    (  373): --- dhcp ack (5) ---
D/DHCP    (  373): ip 10.176.167.24 gw 10.176.167.25 prefixLength 30
D/DHCP    (  373): dns1: 198.224.160.135
D/DHCP    (  373): dns2: 198.224.164.135
D/DHCP    (  373): server 10.176.167.25, lease 7200 seconds
D/DHCP    (  373): configuring rmnet0
D/ConnectivityService(  695): ConnectivityChange for mobile: CONNECTED/CONNECTED
D/Nat464Xlat(  695): requiresClat: netType=0, hasIPv4Address=true
E/MP-Decision( 1354): UP Ld:2 Nw:1.990000 Tw:140 rq:4.900000 seq:147.000000
E/MP-Decision( 1354): DOWN Ld:18 Ns:1.100000 Ts:190 rq:0.100000 seq:488.000000
D/ConnectivityService(  695): NetTransition Wakelock for ConnectedState released by timeout
I/auditd  (17527): Starting up
E/auditd  (17527): Failed on audit_set_pid with error: Protocol not supported
I/auditd  (17527): Exiting
D/ConnectivityService(  695): handleConnectivityChange: addresses changed linkProperty[0]: resetMask=0
D/ConnectivityService(  695):    car=removed=[] added=[2600:100e:b012:361f:24ab:e8cd:9aed:358f/64,]
D/Tethering(  695): MasterInitialState.processMessage what=3
D/Nat464Xlat(  695): requiresClat: netType=0, hasIPv4Address=true
D/Tethering(  695): MasterInitialState.processMessage what=3
I/UpdateCheckReceiver(16197): Got connectivity change, has connection: true
I/UpdateCheckReceiver(16197): Scheduling future, repeating update checks.
D/WeatherUpdateService(16214): Service started, but shouldn't update ... stopping
E/MP-Decision( 1354): UP Ld:2 Nw:1.990000 Tw:140 rq:9.700000 seq:147.000000
I/NetworkMonitor(12991): Network changed: type(0) name(mobile) isConnected : true noData: false bitrate:96
D/CMStats (16251): Waiting for next sync : 15 hours
I/NetworkMonitor(12991): Connectivity status changed to (CONNECTED) wifi: false mobile: trueethernet: false
I/GTalkService/c( 1042): [AndroidEndpoint@1101450616] connect: acct=1000000, state=CONNECTING
D/PicasaUploaderSyncManager(15985): active network: NetworkInfo: type: mobile[CDMA - eHRPD], state: CONNECTED/CONNECTED, reason: linkPropertiesChanged, extra: VZWINTERNET, roaming: false, failover: true, isAvailable: true
D/GCM     ( 1042): GcmService start Intent { act=android.net.conn.CONNECTIVITY_CHANGE flg=0x8000010 cmp=com.google.android.gms/.gcm.GcmService (has extras) } android.net.conn.CONNECTIVITY_CHANGE
D/NewContentCheckerReceiver(13503): -----
D/NewContentCheckerReceiver(13503): onReceive() called
D/NewContentCheckerReceiver(13503): Action: android.net.conn.CONNECTIVITY_CHANGE
D/NewContentCheckerReceiver(13503): onReceive() cancelled, duplicate call
D/gp.PicasaSyncManager( 8928): reject cij (gik0geck0@gmail.com) because downsync is disabled
E/MP-Decision( 1354): DOWN Ld:2 Ns:1.100000 Ts:190 rq:0.000000 seq:318.000000
E/MP-Decision( 1354): UP Ld:2 Nw:1.990000 Tw:140 rq:4.100000 seq:147.000000
D/dalvikvm( 1042): GC_CONCURRENT freed 479K, 62% free 4146K/10676K, paused 13ms+6ms, total 110ms
D/dalvikvm(  695): GC_EXPLICIT freed 2097K, 30% free 27482K/39036K, paused 14ms+14ms, total 137ms
E/MP-Decision( 1354): DOWN Ld:2 Ns:1.100000 Ts:190 rq:0.000000 seq:190.000000
D/ConnectivityService(  695): handleInetConditionHoldEnd: net=0, condition=100, published condition=0
I/auditd  (17562): Starting up
E/auditd  (17562): Failed on audit_set_pid with error: Protocol not supported
I/auditd  (17562): Exiting
E/MP-Decision( 1354): UP Ld:2 Nw:1.990000 Tw:140 rq:4.900000 seq:147.000000
D/dalvikvm(  946): GC_CONCURRENT freed 3496K, 23% free 12311K/15944K, paused 14ms+32ms, total 410ms
D/dalvikvm(  946): WAIT_FOR_CONCURRENT_GC blocked 220ms
I/GCoreUlr(  946): Successfully inserted location
I/GCoreUlr(  946): Not calling LocationReportingService, hasMoved: false, elapsed millis: 607313, request: Phone
E/MP-Decision( 1354): DOWN Ld:2 Ns:1.100000 Ts:190 rq:0.000000 seq:248.000000
I/EventLogService( 1042): Aggregate from 1378875961416 (log), 1378875961416 (data)
I/auditd  (17576): Starting up
E/auditd  (17576): Failed on audit_set_pid with error: Protocol not supported
I/auditd  (17576): Exiting
E/MP-Decision( 1354): UP Ld:2 Nw:1.990000 Tw:140 rq:2.100000 seq:175.000000
E/MP-Decision( 1354): DOWN Ld:21 Ns:1.100000 Ts:190 rq:0.000000 seq:198.000000
I/auditd  (17591): Starting up
E/auditd  (17591): Failed on audit_set_pid with error: Protocol not supported
I/auditd  (17591): Exiting
I/rmt_storage(  357): rmt_storage_rw_iovec_cb: /boot/modem_fs1: clnt_h=0x1: req_h=0x36f msg_id=3: R/W request received
I/rmt_storage(  357): wakelock acquired: 1, error no: 110
I/rmt_storage(  357): rmt_storage_client_thread: /boot/modem_fs1: clnt_h=0x1 Unblock worker thread (th_id: -1213287952)
D/QMI_FW  (  357): QCSI: QMI_CSI_RX: cntl_flag - 00, txn_id - 01b5, msg_id - 0003, msg_len - 002b
D/QMI_FW  (  357): QCSI: xport_handle_event[17]
I/rmt_storage(  357): rmt_storage_client_thread: /boot/modem_fs1: clnt_h=0x1: req_h=0x36f msg_id=3: Bytes written = 3145216
I/rmt_storage(  357): rmt_storage_client_thread: /boot/modem_fs1: clnt_h=0x1: req_h=0x36f msg_id=3: Bytes written = 512
I/rmt_storage(  357): rmt_storage_client_thread: /boot/modem_fs1: clnt_h=0x1: req_h=0x36f msg_id=3: Send response: res=0 err=0
I/rmt_storage(  357): rmt_storage_client_thread: /boot/modem_fs1: clnt_h=0x1 About to block rmt_storage client thread (th_id: -1213287952) wakelock released: 1, error no: 0
I/rmt_storage(  357): 
D/QMI_FW  (  357): QCSI: QMI_CSI_TX: cntl_flag - 02, txn_id - 01b5, msg_id - 0003, msg_len - 0007
D/QMI_FW  (  357): QCSI: Sent[17]: 14 bytes to port 1024
E/        (  695): ../../accel.c|inv_get_accel_offset|211 returning 19
V/Sensors (  695): enable - sensor Accelerometer (handle 4) dis -> en
E/Sensors (  695): mEnabled = 10
V/Sensors (  695): setDelay - sensor Accelerometer (handle 4), rate 200 ms (5.00 Hz)
V/Sensors (  695): setDelay - sensor Accelerometer (handle 4), rate 20 ms (50.00 Hz)
E/Sensors (  695): activatePendingSensors : mEnabled = 10
E/Sensors (  695): requested_sensors(0) from kernel
V/Sensors (  695): calling inv_set_mpu_sensors(000070)
I/MPL-fifo(  695): Actual ODR: 50000 mHz
E/Sensors (  695): set fifo rate - divider : 3, delay : 20 ms (50.00 Hz)
I/MPL-fifo(  695): Actual ODR: 50000 mHz
V/Sensors (  695): Starting DMP
W/MPL-9_sup(  695): 9 axis sensor fusion not available - No compass detected.
I/MPL-mldl_cfg_mpu:(  695): inv_mpu_resume(,,,,0070) -> 0070
I/ebs     (  946): Not returning location for the following outliers: [86380448785, 86380448784]
E/MP-Decision( 1354): UP Ld:2 Nw:1.990000 Tw:140 rq:3.700000 seq:147.000000
I/GCoreUlr(  946): Successfully inserted location
I/GCoreUlr(  946): LocationReportingService sending 8 locations and 4 activities for account account#-12#; requests: []
E/Sensors (  695): accelHandler 7.646100 1.343606 -5.945636
E/MP-Decision( 1354): DOWN Ld:23 Ns:1.100000 Ts:190 rq:0.000000 seq:226.000000
E/Sensors (  695): accelHandler 7.765851 1.380729 -6.454577
E/Sensors (  695): accelHandler 7.848479 1.144819 -6.410270
I/GCoreUlr(  946): UserPreferences.update(RealReportingServer(auth), ConfigUpdate{mAccount=account#-12#, mDefined=null, mReferenceVersion=null, mUnconditional=true, mPreservesVersion=true, mAmbiguous=null, mReportingEnabled=null, mHistoryEnabled=null, mServerMillis=null, mRestriction=null, mAuthorized=true, mDirty=null}
W/GCoreUlr(  946): sending intent to update reporting state
I/GCoreUlr(  946): Batch Location Update succeeded for account account#-12#
